2026-09-16T17:13:18Z ACTIVATED worker=reviewer role=reviewer otlp=https://proj-xtrace-98a0a58e103d37e424adc3fdffb5f51-cn-hangzhou.cn-hangzhou.log. grace=90.0s
2026-09-16T17:14:48Z PATCH agentscope.tool._toolkit applied
2026-09-16T17:14:48Z PATCH matrix_channel applied
2026-09-16T17:14:48Z PATCH copaw_worker.hooks.tools.message applied
2026-09-16T17:14:48Z PATCH copaw_worker.hooks.tools.taskflow applied
2026-09-16T17:14:48Z PATCH copaw.providers.retry_chat_model applied
2026-09-16T17:14:48Z PATCH agentscope.model applied
2026-09-16T17:14:48Z PATCH copaw.agents.react_agent applied
2026-09-16T17:15:21Z OTEL_EXPORT SUCCESS n=1
2026-09-16T17:15:24Z OTEL_EXPORT SUCCESS n=8
2026-09-16T17:16:37Z OTEL_EXPORT SUCCESS n=1
2026-09-16T17:16:40Z OTEL_EXPORT SUCCESS n=12
2026-09-16T17:16:46Z OTEL_EXPORT SUCCESS n=6
2026-09-16T17:16:49Z OTEL_EXPORT SUCCESS n=10
2026-09-16T17:16:49Z ACTIVATED worker=reviewer role=reviewer otlp=https://proj-xtrace-98a0a58e103d37e424adc3fdffb5f51-cn-hangzhou.cn-hangzhou.log. grace=90.0s
2026-09-16T17:17:03Z ACTIVATED worker=reviewer role=reviewer otlp=https://proj-xtrace-98a0a58e103d37e424adc3fdffb5f51-cn-hangzhou.cn-hangzhou.log. grace=90.0s
2026-09-16T17:17:04Z OTEL_EXPORT SUCCESS n=1
2026-09-16T17:17:05Z ACTIVATED worker=reviewer role=reviewer otlp=https://proj-xtrace-98a0a58e103d37e424adc3fdffb5f51-cn-hangzhou.cn-hangzhou.log. grace=90.0s
2026-09-16T17:17:07Z OTEL_EXPORT SUCCESS n=2
2026-09-16T17:17:22Z OTEL_EXPORT SUCCESS n=1
2026-09-16T17:17:22Z ACTIVATED worker=reviewer role=reviewer otlp=https://proj-xtrace-98a0a58e103d37e424adc3fdffb5f51-cn-hangzhou.cn-hangzhou.log. grace=90.0s
2026-09-16T17:17:25Z OTEL_EXPORT SUCCESS n=2
2026-09-16T17:17:46Z ACTIVATED worker=reviewer role=reviewer otlp=https://proj-xtrace-98a0a58e103d37e424adc3fdffb5f51-cn-hangzhou.cn-hangzhou.log. grace=90.0s
2026-09-16T17:17:49Z OTEL_EXPORT SUCCESS n=1
2026-09-16T17:17:50Z ACTIVATED worker=reviewer role=reviewer otlp=https://proj-xtrace-98a0a58e103d37e424adc3fdffb5f51-cn-hangzhou.cn-hangzhou.log. grace=90.0s
2026-09-16T17:17:52Z OTEL_EXPORT SUCCESS n=4
2026-09-16T17:17:55Z OTEL_EXPORT SUCCESS n=4
2026-09-16T17:17:55Z ACTIVATED worker=reviewer role=reviewer otlp=https://proj-xtrace-98a0a58e103d37e424adc3fdffb5f51-cn-hangzhou.cn-hangzhou.log. grace=90.0s
2026-09-16T17:17:58Z OTEL_EXPORT SUCCESS n=7
2026-09-16T17:18:01Z OTEL_EXPORT SUCCESS n=4
2026-09-16T17:18:04Z OTEL_EXPORT SUCCESS n=3
2026-09-16T17:18:07Z OTEL_EXPORT SUCCESS n=3
2026-09-16T17:18:10Z OTEL_EXPORT SUCCESS n=3
2026-09-16T17:18:13Z OTEL_EXPORT SUCCESS n=6
2026-09-16T17:18:16Z OTEL_EXPORT SUCCESS n=2
2026-09-16T17:18:19Z OTEL_EXPORT SUCCESS n=1
2026-09-16T17:18:58Z OTEL_EXPORT SUCCESS n=1
2026-09-16T17:19:07Z OTEL_EXPORT SUCCESS n=1
2026-09-16T17:19:10Z OTEL_EXPORT SUCCESS n=3
2026-09-16T17:19:16Z OTEL_EXPORT SUCCESS n=1
2026-09-16T17:19:19Z OTEL_EXPORT SUCCESS n=1
2026-09-16T17:19:22Z OTEL_EXPORT SUCCESS n=1
2026-09-16T17:19:25Z OTEL_EXPORT SUCCESS n=2
2026-09-16T17:19:37Z OTEL_EXPORT SUCCESS n=1
2026-09-16T17:19:40Z OTEL_EXPORT SUCCESS n=2
2026-09-16T17:19:43Z OTEL_EXPORT SUCCESS n=1
2026-09-16T17:19:46Z OTEL_EXPORT SUCCESS n=3
2026-09-16T17:19:49Z OTEL_EXPORT SUCCESS n=2
2026-09-16T17:20:04Z OTEL_EXPORT SUCCESS n=1
2026-09-16T17:20:10Z OTEL_EXPORT SUCCESS n=1
2026-09-16T17:20:13Z OTEL_EXPORT SUCCESS n=1
2026-09-16T17:20:19Z OTEL_EXPORT SUCCESS n=1
2026-09-16T17:20:22Z OTEL_EXPORT SUCCESS n=1
2026-09-16T17:20:34Z OTEL_EXPORT SUCCESS n=2
2026-09-16T17:20:38Z OTEL_EXPORT SUCCESS n=2
2026-09-16T17:20:44Z OTEL_EXPORT SUCCESS n=1
2026-09-16T17:25:14Z OTEL_EXPORT SUCCESS n=5
2026-09-16T17:25:17Z OTEL_EXPORT SUCCESS n=8
2026-09-16T17:25:20Z OTEL_EXPORT SUCCESS n=1
2026-09-16T17:25:23Z ACTIVATED worker=reviewer role=reviewer otlp=https://proj-xtrace-98a0a58e103d37e424adc3fdffb5f51-cn-hangzhou.cn-hangzhou.log. grace=90.0s
2026-09-16T17:25:23Z OTEL_EXPORT SUCCESS n=7
2026-09-16T17:25:23Z ACTIVATED worker=reviewer role=reviewer otlp=https://proj-xtrace-98a0a58e103d37e424adc3fdffb5f51-cn-hangzhou.cn-hangzhou.log. grace=90.0s
2026-09-16T17:25:26Z OTEL_EXPORT SUCCESS n=1
2026-09-16T17:25:29Z OTEL_EXPORT SUCCESS n=6
2026-09-16T17:25:29Z ACTIVATED worker=reviewer role=reviewer otlp=https://proj-xtrace-98a0a58e103d37e424adc3fdffb5f51-cn-hangzhou.cn-hangzhou.log. grace=90.0s
2026-09-16T17:25:32Z OTEL_EXPORT SUCCESS n=9
2026-09-16T17:25:38Z OTEL_EXPORT SUCCESS n=3
2026-09-16T17:25:41Z OTEL_EXPORT SUCCESS n=3
2026-09-16T17:25:44Z OTEL_EXPORT SUCCESS n=3
2026-09-16T17:25:47Z OTEL_EXPORT SUCCESS n=6
2026-09-16T17:25:50Z OTEL_EXPORT SUCCESS n=2
2026-09-16T17:25:53Z OTEL_EXPORT SUCCESS n=1
2026-09-16T17:26:17Z OTEL_EXPORT SUCCESS n=1
