2026-09-18T16:48:55Z ACTIVATED worker=verifier role=verifier otlp=https://proj-xtrace-98a0a58e103d37e424adc3fdffb5f51-cn-hangzhou.cn-hangzhou.log. grace=90.0s v3
2026-09-18T16:50:25Z PATCH agentscope.tool._toolkit applied
2026-09-18T16:50:25Z PATCH matrix_channel applied
2026-09-18T16:50:25Z PATCH copaw_worker.hooks.tools.message applied
2026-09-18T16:50:25Z PATCH copaw_worker.hooks.tools.taskflow applied
2026-09-18T16:50:25Z PATCH copaw.providers.retry_chat_model applied
2026-09-18T16:50:25Z PATCH agentscope.model target-missing (will retry)
2026-09-18T16:50:25Z PATCH copaw.agents.react_agent applied
2026-09-18T16:51:38Z LINK_SPAN_TRACE trace=fc3da62187ea8cdc073d92f91ac7f551 parent_trace=fc3da62187ea8cdc073d92f91ac7f551
2026-09-18T16:51:40Z OTEL_EXPORT SUCCESS n=2
2026-09-18T16:51:43Z OTEL_EXPORT SUCCESS n=1
2026-09-18T16:51:46Z OTEL_EXPORT SUCCESS n=1
2026-09-18T16:51:49Z OTEL_EXPORT SUCCESS n=1
2026-09-18T16:51:52Z OTEL_EXPORT SUCCESS n=1
2026-09-18T16:51:55Z OTEL_EXPORT SUCCESS n=1
2026-09-18T16:52:04Z OTEL_EXPORT SUCCESS n=2
2026-09-18T16:53:16Z OTEL_EXPORT SUCCESS n=1
2026-09-18T16:53:22Z OTEL_EXPORT SUCCESS n=1
2026-09-18T16:53:25Z OTEL_EXPORT SUCCESS n=1
2026-09-18T16:53:28Z OTEL_EXPORT SUCCESS n=1
2026-09-18T16:53:34Z OTEL_EXPORT SUCCESS n=1
2026-09-18T16:53:43Z OTEL_EXPORT SUCCESS n=1
2026-09-18T16:53:52Z OTEL_EXPORT SUCCESS n=1
2026-09-18T16:53:58Z OTEL_EXPORT SUCCESS n=2
2026-09-18T16:54:01Z OTEL_EXPORT SUCCESS n=1
2026-09-18T16:54:04Z OTEL_EXPORT SUCCESS n=1
2026-09-18T16:54:49Z OTEL_EXPORT SUCCESS n=1
2026-09-18T16:55:00Z LINK_SPAN_TRACE trace=0cc5aeaaf908718fb635443dbe2bebff parent_trace=0cc5aeaaf908718fb635443dbe2bebff
2026-09-18T16:55:01Z OTEL_EXPORT SUCCESS n=2
2026-09-18T16:55:04Z OTEL_EXPORT SUCCESS n=2
2026-09-18T16:55:10Z OTEL_EXPORT SUCCESS n=1
2026-09-18T16:55:13Z OTEL_EXPORT SUCCESS n=1
2026-09-18T16:55:19Z OTEL_EXPORT SUCCESS n=1
2026-09-18T16:55:22Z OTEL_EXPORT SUCCESS n=2
2026-09-18T16:55:37Z OTEL_EXPORT SUCCESS n=2
2026-09-18T16:55:40Z OTEL_EXPORT SUCCESS n=1
2026-09-18T16:55:43Z OTEL_EXPORT SUCCESS n=1
2026-09-18T16:55:44Z LINK_SPAN_TRACE trace=ba38ae3564684c4a699a09c4c52f1ab1 parent_trace=ba38ae3564684c4a699a09c4c52f1ab1
2026-09-18T16:55:46Z OTEL_EXPORT SUCCESS n=3
2026-09-18T16:55:48Z GENAI_HANDLER loongsuite extended handler active
2026-09-18T16:55:49Z OTEL_EXPORT SUCCESS n=4
2026-09-18T16:55:53Z OTEL_EXPORT SUCCESS n=9
2026-09-18T16:55:56Z OTEL_EXPORT SUCCESS n=2
2026-09-18T16:55:57Z ACTIVATED worker=verifier role=verifier otlp=https://proj-xtrace-98a0a58e103d37e424adc3fdffb5f51-cn-hangzhou.cn-hangzhou.log. grace=90.0s v3
2026-09-18T16:55:59Z OTEL_EXPORT SUCCESS n=2
2026-09-18T16:56:08Z OTEL_EXPORT SUCCESS n=2
2026-09-18T16:56:11Z OTEL_EXPORT SUCCESS n=1
2026-09-18T16:56:11Z ACTIVATED worker=verifier role=verifier otlp=https://proj-xtrace-98a0a58e103d37e424adc3fdffb5f51-cn-hangzhou.cn-hangzhou.log. grace=90.0s v3
2026-09-18T16:56:13Z ACTIVATED worker=verifier role=verifier otlp=https://proj-xtrace-98a0a58e103d37e424adc3fdffb5f51-cn-hangzhou.cn-hangzhou.log. grace=90.0s v3
2026-09-18T16:56:14Z OTEL_EXPORT SUCCESS n=8
2026-09-18T16:56:17Z OTEL_EXPORT SUCCESS n=4
2026-09-18T16:56:18Z ACTIVATED worker=verifier role=verifier otlp=https://proj-xtrace-98a0a58e103d37e424adc3fdffb5f51-cn-hangzhou.cn-hangzhou.log. grace=90.0s v3
2026-09-18T16:56:20Z OTEL_EXPORT SUCCESS n=4
2026-09-18T16:56:20Z ACTIVATED worker=verifier role=verifier otlp=https://proj-xtrace-98a0a58e103d37e424adc3fdffb5f51-cn-hangzhou.cn-hangzhou.log. grace=90.0s v3
2026-09-18T16:56:23Z OTEL_EXPORT SUCCESS n=3
2026-09-18T16:56:27Z ACTIVATED worker=verifier role=verifier otlp=https://proj-xtrace-98a0a58e103d37e424adc3fdffb5f51-cn-hangzhou.cn-hangzhou.log. grace=90.0s v3
2026-09-18T16:56:29Z OTEL_EXPORT SUCCESS n=2
2026-09-18T16:56:32Z OTEL_EXPORT SUCCESS n=1
2026-09-18T16:56:35Z OTEL_EXPORT SUCCESS n=4
2026-09-18T16:56:38Z OTEL_EXPORT SUCCESS n=5
2026-09-18T16:56:44Z OTEL_EXPORT SUCCESS n=6
2026-09-18T16:56:47Z OTEL_EXPORT SUCCESS n=3
2026-09-18T16:56:53Z OTEL_EXPORT SUCCESS n=5
2026-09-18T16:56:56Z OTEL_EXPORT SUCCESS n=1
2026-09-18T16:56:59Z OTEL_EXPORT SUCCESS n=1
2026-09-18T16:57:05Z OTEL_EXPORT SUCCESS n=1
2026-09-18T17:00:35Z LINK_SPAN_TRACE trace=9746bd44dd79f780dadecaa5057681b1 parent_trace=9746bd44dd79f780dadecaa5057681b1
2026-09-18T17:00:35Z OTEL_EXPORT SUCCESS n=2
2026-09-18T17:00:38Z OTEL_EXPORT SUCCESS n=2
2026-09-18T17:00:41Z OTEL_EXPORT SUCCESS n=1
2026-09-18T17:00:44Z OTEL_EXPORT SUCCESS n=1
2026-09-18T17:00:47Z OTEL_EXPORT SUCCESS n=1
2026-09-18T17:00:53Z OTEL_EXPORT SUCCESS n=1
2026-09-18T17:00:56Z OTEL_EXPORT SUCCESS n=1
2026-09-18T17:01:02Z OTEL_EXPORT SUCCESS n=2
2026-09-18T17:01:17Z OTEL_EXPORT SUCCESS n=2
2026-09-18T17:01:20Z OTEL_EXPORT SUCCESS n=1
2026-09-18T17:01:23Z OTEL_EXPORT SUCCESS n=1
2026-09-18T17:01:26Z OTEL_EXPORT SUCCESS n=1
2026-09-18T17:02:36Z OTEL_EXPORT SUCCESS n=1
2026-09-18T17:05:18Z LINK_SPAN_TRACE trace=e56e68a63b1036b9ce5c1b36dfc3378c parent_trace=e56e68a63b1036b9ce5c1b36dfc3378c
2026-09-18T17:05:21Z OTEL_EXPORT SUCCESS n=4
2026-09-18T17:05:24Z OTEL_EXPORT SUCCESS n=1
2026-09-18T17:05:27Z OTEL_EXPORT SUCCESS n=1
2026-09-18T17:05:30Z OTEL_EXPORT SUCCESS n=1
2026-09-18T17:05:33Z OTEL_EXPORT SUCCESS n=2
2026-09-18T17:05:36Z OTEL_EXPORT SUCCESS n=1
2026-09-18T17:05:42Z OTEL_EXPORT SUCCESS n=1
2026-09-18T17:05:48Z OTEL_EXPORT SUCCESS n=1
2026-09-18T17:05:51Z OTEL_EXPORT SUCCESS n=1
2026-09-18T17:06:00Z OTEL_EXPORT SUCCESS n=1
2026-09-18T17:06:12Z OTEL_EXPORT SUCCESS n=1
2026-09-18T17:06:30Z OTEL_EXPORT SUCCESS n=1
2026-09-18T17:06:33Z OTEL_EXPORT SUCCESS n=1
2026-09-18T17:06:36Z OTEL_EXPORT SUCCESS n=2
2026-09-18T17:06:39Z OTEL_EXPORT SUCCESS n=1
2026-09-18T17:06:45Z OTEL_EXPORT SUCCESS n=1
2026-09-18T17:14:57Z OTEL_EXPORT SUCCESS n=3
2026-09-18T17:15:03Z OTEL_EXPORT SUCCESS n=1
2026-09-18T17:15:06Z OTEL_EXPORT SUCCESS n=1
2026-09-18T17:29:22Z OTEL_EXPORT SUCCESS n=1
2026-09-18T17:52:26Z ACTIVATED worker=verifier role=verifier otlp=https://proj-xtrace-98a0a58e103d37e424adc3fdffb5f51-cn-hangzhou.cn-hangzhou.log. grace=90.0s v3
