== _wait_for_pg: 连接成功但 SELECT 1 持续失败 → 30 次重试 + ready=False ==
[ctrl] startup: PG 未就绪(simulated: connect ok but SELECT 1 fails (PG in recovery)),0s 后重试...
[ctrl] startup: PG 未就绪(simulated: connect ok but SELECT 1 fails (PG in recovery)),0s 后重试...
[ctrl] startup: PG 未就绪(simulated: connect ok but SELECT 1 fails (PG in recovery)),0s 后重试...
[ctrl] startup: PG 未就绪(simulated: connect ok but SELECT 1 fails (PG in recovery)),0s 后重试...
[ctrl] startup: PG 未就绪(simulated: connect ok but SELECT 1 fails (PG in recovery)),0s 后重试...
[ctrl] startup: PG 未就绪(simulated: connect ok but SELECT 1 fails (PG in recovery)),0s 后重试...
[ctrl] startup: PG 未就绪(simulated: connect ok but SELECT 1 fails (PG in recovery)),0s 后重试...
[ctrl] startup: PG 未就绪(simulated: connect ok but SELECT 1 fails (PG in recovery)),0s 后重试...
[ctrl] startup: PG 未就绪(simulated: connect ok but SELECT 1 fails (PG in recovery)),0s 后重试...
[ctrl] startup: PG 未就绪(simulated: connect ok but SELECT 1 fails (PG in recovery)),0s 后重试...
[ctrl] startup: PG 未就绪(simulated: connect ok but SELECT 1 fails (PG in recovery)),0s 后重试...
[ctrl] startup: PG 未就绪(simulated: connect ok but SELECT 1 fails (PG in recovery)),0s 后重试...
[ctrl] startup: PG 未就绪(simulated: connect ok but SELECT 1 fails (PG in recovery)),0s 后重试...
[ctrl] startup: PG 未就绪(simulated: connect ok but SELECT 1 fails (PG in recovery)),0s 后重试...
[ctrl] startup: PG 未就绪(simulated: connect ok but SELECT 1 fails (PG in recovery)),0s 后重试...
[ctrl] startup: PG 未就绪(simulated: connect ok but SELECT 1 fails (PG in recovery)),0s 后重试...
[ctrl] startup: PG 未就绪(simulated: connect ok but SELECT 1 fails (PG in recovery)),0s 后重试...
[ctrl] startup: PG 未就绪(simulated: connect ok but SELECT 1 fails (PG in recovery)),0s 后重试...
[ctrl] startup: PG 未就绪(simulated: connect ok but SELECT 1 fails (PG in recovery)),0s 后重试...
[ctrl] startup: PG 未就绪(simulated: connect ok but SELECT 1 fails (PG in recovery)),0s 后重试...
[ctrl] startup: PG 未就绪(simulated: connect ok but SELECT 1 fails (PG in recovery)),0s 后重试...
[ctrl] startup: PG 未就绪(simulated: connect ok but SELECT 1 fails (PG in recovery)),0s 后重试...
[ctrl] startup: PG 未就绪(simulated: connect ok but SELECT 1 fails (PG in recovery)),0s 后重试...
[ctrl] startup: PG 未就绪(simulated: connect ok but SELECT 1 fails (PG in recovery)),0s 后重试...
[ctrl] startup: PG 未就绪(simulated: connect ok but SELECT 1 fails (PG in recovery)),0s 后重试...
[ctrl] startup: PG 未就绪(simulated: connect ok but SELECT 1 fails (PG in recovery)),0s 后重试...
[ctrl] startup: PG 未就绪(simulated: connect ok but SELECT 1 fails (PG in recovery)),0s 后重试...
[ctrl] startup: PG 未就绪(simulated: connect ok but SELECT 1 fails (PG in recovery)),0s 后重试...
[ctrl] startup: PG 未就绪(simulated: connect ok but SELECT 1 fails (PG in recovery)),0s 后重试...
[ctrl] startup: PG 未就绪(simulated: connect ok but SELECT 1 fails (PG in recovery)),0s 后重试...
  ✅ ready=False(SELECT 1 持续失败不误判就绪)
  ✅ conn=None(异常时清空,不用 conn is not None)
  ✅ ensure_pg 调用 30 次(实际 30)
  ✅ SELECT 1 尝试 30 次(实际 30)
== _wait_for_pg: 第 5 次 SELECT 1 成功 → ready=True,不再重试 ==
[ctrl] startup: PG 未就绪(still recovering),0s 后重试...
[ctrl] startup: PG 未就绪(still recovering),0s 后重试...
[ctrl] startup: PG 未就绪(still recovering),0s 后重试...
[ctrl] startup: PG 未就绪(still recovering),0s 后重试...
  ✅ 第5次成功 → ready=True
  ✅ conn 非 None(成功后保留)
== startup_assert_l2: _wait_for_pg 返回 not-ready → SystemExit(不继续查询) ==
  ✅ startup_assert_l2 not-ready → SystemExit

B4c-2.2 PG-wait unit: PASS=7 FAIL=0
