2026-09-18T16:48:53Z ACTIVATED worker=leader role=leader otlp=https://proj-xtrace-98a0a58e103d37e424adc3fdffb5f51-cn-hangzhou.cn-hangzhou.log. grace=90.0s v3
2026-09-18T16:50:23Z PATCH agentscope.tool._toolkit applied
2026-09-18T16:50:23Z PATCH matrix_channel applied
2026-09-18T16:50:23Z PATCH copaw_worker.hooks.tools.message applied
2026-09-18T16:50:23Z PATCH copaw_worker.hooks.tools.taskflow applied
2026-09-18T16:50:23Z PATCH copaw.providers.retry_chat_model applied
2026-09-18T16:50:23Z PATCH agentscope.model target-missing (will retry)
2026-09-18T16:50:23Z PATCH copaw.agents.react_agent applied
2026-09-18T16:50:44Z OTEL_EXPORT SUCCESS n=4
2026-09-18T16:51:33Z GENAI_HANDLER loongsuite extended handler active
2026-09-18T16:51:35Z OTEL_EXPORT SUCCESS n=6
2026-09-18T16:51:38Z OTEL_EXPORT SUCCESS n=3
2026-09-18T16:51:41Z OTEL_EXPORT SUCCESS n=8
2026-09-18T16:51:44Z OTEL_EXPORT SUCCESS n=1
2026-09-18T16:51:47Z OTEL_EXPORT SUCCESS n=2
2026-09-18T16:51:53Z OTEL_EXPORT SUCCESS n=1
2026-09-18T16:51:56Z OTEL_EXPORT SUCCESS n=1
2026-09-18T16:52:02Z OTEL_EXPORT SUCCESS n=1
2026-09-18T16:52:05Z OTEL_EXPORT SUCCESS n=1
2026-09-18T16:53:14Z OTEL_EXPORT SUCCESS n=1
2026-09-18T16:53:20Z OTEL_EXPORT SUCCESS n=1
2026-09-18T16:53:26Z OTEL_EXPORT SUCCESS n=2
2026-09-18T16:53:32Z OTEL_EXPORT SUCCESS n=1
2026-09-18T16:53:44Z OTEL_EXPORT SUCCESS n=1
2026-09-18T16:53:53Z OTEL_EXPORT SUCCESS n=1
2026-09-18T16:53:56Z OTEL_EXPORT SUCCESS n=6
2026-09-18T16:53:59Z OTEL_EXPORT SUCCESS n=10
2026-09-18T16:54:02Z OTEL_EXPORT SUCCESS n=4
2026-09-18T16:54:06Z OTEL_EXPORT SUCCESS n=3
2026-09-18T16:54:09Z OTEL_EXPORT SUCCESS n=4
2026-09-18T16:54:51Z OTEL_EXPORT SUCCESS n=4
2026-09-18T16:54:54Z OTEL_EXPORT SUCCESS n=6
2026-09-18T16:54:57Z OTEL_EXPORT SUCCESS n=6
2026-09-18T16:55:00Z OTEL_EXPORT SUCCESS n=3
2026-09-18T16:55:03Z OTEL_EXPORT SUCCESS n=8
2026-09-18T16:55:06Z OTEL_EXPORT SUCCESS n=2
2026-09-18T16:55:12Z OTEL_EXPORT SUCCESS n=1
2026-09-18T16:55:15Z OTEL_EXPORT SUCCESS n=1
2026-09-18T16:55:21Z OTEL_EXPORT SUCCESS n=2
2026-09-18T16:55:24Z OTEL_EXPORT SUCCESS n=1
2026-09-18T16:55:36Z OTEL_EXPORT SUCCESS n=1
2026-09-18T16:55:39Z OTEL_EXPORT SUCCESS n=10
2026-09-18T16:55:42Z OTEL_EXPORT SUCCESS n=6
2026-09-18T16:55:45Z OTEL_EXPORT SUCCESS n=4
2026-09-18T16:55:48Z OTEL_EXPORT SUCCESS n=5
2026-09-18T16:55:51Z OTEL_EXPORT SUCCESS n=8
2026-09-18T16:55:54Z OTEL_EXPORT SUCCESS n=1
2026-09-18T16:56:09Z OTEL_EXPORT SUCCESS n=1
2026-09-18T16:56:15Z OTEL_EXPORT SUCCESS n=1
2026-09-18T16:56:21Z OTEL_EXPORT SUCCESS n=1
2026-09-18T16:56:30Z OTEL_EXPORT SUCCESS n=1
2026-09-18T16:56:39Z OTEL_EXPORT SUCCESS n=1
2026-09-18T16:56:51Z OTEL_EXPORT SUCCESS n=1
2026-09-18T16:56:54Z OTEL_EXPORT SUCCESS n=7
2026-09-18T16:56:57Z OTEL_EXPORT SUCCESS n=7
2026-09-18T16:57:00Z OTEL_EXPORT SUCCESS n=3
2026-09-18T16:57:04Z OTEL_EXPORT SUCCESS n=6
2026-09-18T16:57:07Z OTEL_EXPORT SUCCESS n=3
2026-09-18T16:57:10Z OTEL_EXPORT SUCCESS n=5
2026-09-18T16:57:13Z OTEL_EXPORT SUCCESS n=4
2026-09-18T16:57:16Z OTEL_EXPORT SUCCESS n=3
2026-09-18T17:00:28Z OTEL_EXPORT SUCCESS n=4
2026-09-18T17:00:31Z OTEL_EXPORT SUCCESS n=6
2026-09-18T17:00:34Z OTEL_EXPORT SUCCESS n=3
2026-09-18T17:00:37Z OTEL_EXPORT SUCCESS n=10
2026-09-18T17:00:40Z OTEL_EXPORT SUCCESS n=1
2026-09-18T17:00:46Z OTEL_EXPORT SUCCESS n=2
2026-09-18T17:00:52Z OTEL_EXPORT SUCCESS n=1
2026-09-18T17:00:58Z OTEL_EXPORT SUCCESS n=1
2026-09-18T17:01:01Z OTEL_EXPORT SUCCESS n=1
2026-09-18T17:01:04Z OTEL_EXPORT SUCCESS n=1
2026-09-18T17:01:16Z OTEL_EXPORT SUCCESS n=1
2026-09-18T17:01:19Z OTEL_EXPORT SUCCESS n=12
2026-09-18T17:01:22Z OTEL_EXPORT SUCCESS n=4
2026-09-18T17:01:25Z OTEL_EXPORT SUCCESS n=4
2026-09-18T17:01:28Z OTEL_EXPORT SUCCESS n=3
2026-09-18T17:01:31Z OTEL_EXPORT SUCCESS n=4
2026-09-18T17:02:37Z OTEL_EXPORT SUCCESS n=9
2026-09-18T17:02:40Z OTEL_EXPORT SUCCESS n=3
2026-09-18T17:02:43Z OTEL_EXPORT SUCCESS n=6
2026-09-18T17:02:46Z OTEL_EXPORT SUCCESS n=4
2026-09-18T17:04:17Z OTEL_EXPORT SUCCESS n=4
2026-09-18T17:05:17Z OTEL_EXPORT SUCCESS n=6
2026-09-18T17:05:20Z OTEL_EXPORT SUCCESS n=8
2026-09-18T17:05:23Z OTEL_EXPORT SUCCESS n=6
2026-09-18T17:05:26Z OTEL_EXPORT SUCCESS n=1
2026-09-18T17:05:29Z OTEL_EXPORT SUCCESS n=1
2026-09-18T17:05:32Z OTEL_EXPORT SUCCESS n=1
2026-09-18T17:05:35Z OTEL_EXPORT SUCCESS n=2
2026-09-18T17:05:44Z OTEL_EXPORT SUCCESS n=1
2026-09-18T17:05:47Z OTEL_EXPORT SUCCESS n=1
2026-09-18T17:05:50Z OTEL_EXPORT SUCCESS n=1
2026-09-18T17:06:02Z OTEL_EXPORT SUCCESS n=1
2026-09-18T17:06:11Z OTEL_EXPORT SUCCESS n=1
2026-09-18T17:06:29Z OTEL_EXPORT SUCCESS n=1
2026-09-18T17:06:32Z OTEL_EXPORT SUCCESS n=6
2026-09-18T17:06:35Z OTEL_EXPORT SUCCESS n=10
2026-09-18T17:06:38Z OTEL_EXPORT SUCCESS n=6
2026-09-18T17:06:41Z OTEL_EXPORT SUCCESS n=3
2026-09-18T17:06:44Z OTEL_EXPORT SUCCESS n=6
2026-09-18T17:06:47Z OTEL_EXPORT SUCCESS n=3
2026-09-18T17:06:50Z OTEL_EXPORT SUCCESS n=4
2026-09-18T17:07:08Z OTEL_EXPORT SUCCESS n=1
2026-09-18T17:07:11Z OTEL_EXPORT SUCCESS n=4
2026-09-18T17:07:14Z OTEL_EXPORT SUCCESS n=3
2026-09-18T17:14:56Z OTEL_EXPORT SUCCESS n=2
2026-09-18T17:14:59Z OTEL_EXPORT SUCCESS n=1
2026-09-18T17:15:02Z OTEL_EXPORT SUCCESS n=1
2026-09-18T17:15:06Z OTEL_EXPORT SUCCESS n=1
2026-09-18T17:15:09Z OTEL_EXPORT SUCCESS n=4
2026-09-18T17:17:09Z OTEL_EXPORT SUCCESS n=1
2026-09-18T17:17:12Z OTEL_EXPORT SUCCESS n=4
2026-09-18T17:17:15Z OTEL_EXPORT SUCCESS n=3
2026-09-18T17:27:09Z OTEL_EXPORT SUCCESS n=1
2026-09-18T17:27:12Z OTEL_EXPORT SUCCESS n=4
2026-09-18T17:27:15Z OTEL_EXPORT SUCCESS n=3
2026-09-18T17:29:21Z OTEL_EXPORT SUCCESS n=1
2026-09-18T17:37:09Z OTEL_EXPORT SUCCESS n=1
2026-09-18T17:37:12Z OTEL_EXPORT SUCCESS n=7
2026-09-18T17:47:10Z OTEL_EXPORT SUCCESS n=1
2026-09-18T17:47:13Z OTEL_EXPORT SUCCESS n=7
2026-09-18T17:52:25Z ACTIVATED worker=leader role=leader otlp=https://proj-xtrace-98a0a58e103d37e424adc3fdffb5f51-cn-hangzhou.cn-hangzhou.log. grace=90.0s v3
