2026-09-18T16:48:53Z ACTIVATED worker=fixer role=fixer otlp=https://proj-xtrace-98a0a58e103d37e424adc3fdffb5f51-cn-hangzhou.cn-hangzhou.log. grace=90.0s v3
2026-09-18T16:50:23Z PATCH agentscope.tool._toolkit applied
2026-09-18T16:50:23Z PATCH matrix_channel applied
2026-09-18T16:50:23Z PATCH copaw_worker.hooks.tools.message applied
2026-09-18T16:50:23Z PATCH copaw_worker.hooks.tools.taskflow applied
2026-09-18T16:50:23Z PATCH copaw.providers.retry_chat_model applied
2026-09-18T16:50:23Z PATCH agentscope.model target-missing (will retry)
2026-09-18T16:50:23Z PATCH copaw.agents.react_agent applied
2026-09-18T16:51:38Z LINK_SPAN_TRACE trace=fc3da62187ea8cdc073d92f91ac7f551 parent_trace=fc3da62187ea8cdc073d92f91ac7f551
2026-09-18T16:51:38Z OTEL_EXPORT SUCCESS n=2
2026-09-18T16:51:44Z OTEL_EXPORT SUCCESS n=2
2026-09-18T16:51:48Z OTEL_EXPORT SUCCESS n=1
2026-09-18T16:51:54Z OTEL_EXPORT SUCCESS n=1
2026-09-18T16:51:57Z OTEL_EXPORT SUCCESS n=1
2026-09-18T16:52:03Z OTEL_EXPORT SUCCESS n=1
2026-09-18T16:52:06Z OTEL_EXPORT SUCCESS n=1
2026-09-18T16:53:15Z OTEL_EXPORT SUCCESS n=1
2026-09-18T16:53:21Z OTEL_EXPORT SUCCESS n=1
2026-09-18T16:53:27Z OTEL_EXPORT SUCCESS n=2
2026-09-18T16:53:33Z OTEL_EXPORT SUCCESS n=1
2026-09-18T16:53:45Z OTEL_EXPORT SUCCESS n=1
2026-09-18T16:53:54Z OTEL_EXPORT SUCCESS n=1
2026-09-18T16:53:57Z OTEL_EXPORT SUCCESS n=1
2026-09-18T16:54:00Z OTEL_EXPORT SUCCESS n=2
2026-09-18T16:54:03Z OTEL_EXPORT SUCCESS n=1
2026-09-18T16:54:51Z OTEL_EXPORT SUCCESS n=1
2026-09-18T16:55:00Z LINK_SPAN_TRACE trace=0cc5aeaaf908718fb635443dbe2bebff parent_trace=0cc5aeaaf908718fb635443dbe2bebff
2026-09-18T16:55:03Z OTEL_EXPORT SUCCESS n=2
2026-09-18T16:55:03Z GENAI_HANDLER loongsuite extended handler active
2026-09-18T16:55:06Z OTEL_EXPORT SUCCESS n=6
2026-09-18T16:55:09Z OTEL_EXPORT SUCCESS n=2
2026-09-18T16:55:12Z OTEL_EXPORT SUCCESS n=4
2026-09-18T16:55:15Z OTEL_EXPORT SUCCESS n=7
2026-09-18T16:55:17Z ACTIVATED worker=fixer role=fixer otlp=https://proj-xtrace-98a0a58e103d37e424adc3fdffb5f51-cn-hangzhou.cn-hangzhou.log. grace=90.0s v3
2026-09-18T16:55:18Z OTEL_EXPORT SUCCESS n=3
2026-09-18T16:55:21Z OTEL_EXPORT SUCCESS n=8
2026-09-18T16:55:24Z OTEL_EXPORT SUCCESS n=4
2026-09-18T16:55:30Z OTEL_EXPORT SUCCESS n=6
2026-09-18T16:55:36Z OTEL_EXPORT SUCCESS n=4
2026-09-18T16:55:39Z OTEL_EXPORT SUCCESS n=2
2026-09-18T16:55:42Z OTEL_EXPORT SUCCESS n=1
2026-09-18T16:55:44Z LINK_SPAN_TRACE trace=ba38ae3564684c4a699a09c4c52f1ab1 parent_trace=ba38ae3564684c4a699a09c4c52f1ab1
2026-09-18T16:55:45Z OTEL_EXPORT SUCCESS n=3
2026-09-18T16:55:48Z OTEL_EXPORT SUCCESS n=1
2026-09-18T16:55:51Z OTEL_EXPORT SUCCESS n=1
2026-09-18T16:55:54Z OTEL_EXPORT SUCCESS n=1
2026-09-18T16:56:09Z OTEL_EXPORT SUCCESS n=1
2026-09-18T16:56:16Z OTEL_EXPORT SUCCESS n=1
2026-09-18T16:56:22Z OTEL_EXPORT SUCCESS n=1
2026-09-18T16:56:31Z OTEL_EXPORT SUCCESS n=1
2026-09-18T16:56:37Z OTEL_EXPORT SUCCESS n=1
2026-09-18T16:56:52Z OTEL_EXPORT SUCCESS n=2
2026-09-18T16:56:55Z OTEL_EXPORT SUCCESS n=1
2026-09-18T16:56:58Z OTEL_EXPORT SUCCESS n=1
2026-09-18T16:57:04Z OTEL_EXPORT SUCCESS n=1
2026-09-18T17:00:35Z LINK_SPAN_TRACE trace=9746bd44dd79f780dadecaa5057681b1 parent_trace=9746bd44dd79f780dadecaa5057681b1
2026-09-18T17:00:37Z OTEL_EXPORT SUCCESS n=3
2026-09-18T17:00:40Z OTEL_EXPORT SUCCESS n=2
2026-09-18T17:00:46Z OTEL_EXPORT SUCCESS n=2
2026-09-18T17:00:52Z OTEL_EXPORT SUCCESS n=1
2026-09-18T17:00:58Z OTEL_EXPORT SUCCESS n=1
2026-09-18T17:01:01Z OTEL_EXPORT SUCCESS n=1
2026-09-18T17:01:04Z OTEL_EXPORT SUCCESS n=1
2026-09-18T17:01:16Z OTEL_EXPORT SUCCESS n=1
2026-09-18T17:01:19Z OTEL_EXPORT SUCCESS n=2
2026-09-18T17:01:22Z OTEL_EXPORT SUCCESS n=1
2026-09-18T17:01:25Z OTEL_EXPORT SUCCESS n=1
2026-09-18T17:02:37Z OTEL_EXPORT SUCCESS n=1
2026-09-18T17:05:18Z LINK_SPAN_TRACE trace=e56e68a63b1036b9ce5c1b36dfc3378c parent_trace=e56e68a63b1036b9ce5c1b36dfc3378c
2026-09-18T17:05:19Z OTEL_EXPORT SUCCESS n=2
2026-09-18T17:05:22Z OTEL_EXPORT SUCCESS n=3
2026-09-18T17:05:28Z OTEL_EXPORT SUCCESS n=2
2026-09-18T17:05:31Z OTEL_EXPORT SUCCESS n=1
2026-09-18T17:05:34Z OTEL_EXPORT SUCCESS n=2
2026-09-18T17:05:43Z OTEL_EXPORT SUCCESS n=1
2026-09-18T17:05:46Z OTEL_EXPORT SUCCESS n=1
2026-09-18T17:05:52Z OTEL_EXPORT SUCCESS n=1
2026-09-18T17:06:01Z OTEL_EXPORT SUCCESS n=1
2026-09-18T17:06:11Z OTEL_EXPORT SUCCESS n=1
2026-09-18T17:06:29Z OTEL_EXPORT SUCCESS n=1
2026-09-18T17:06:32Z OTEL_EXPORT SUCCESS n=1
2026-09-18T17:06:35Z OTEL_EXPORT SUCCESS n=2
2026-09-18T17:06:41Z OTEL_EXPORT SUCCESS n=1
2026-09-18T17:06:47Z OTEL_EXPORT SUCCESS n=1
2026-09-18T17:14:56Z OTEL_EXPORT SUCCESS n=2
2026-09-18T17:14:59Z OTEL_EXPORT SUCCESS n=1
2026-09-18T17:15:02Z OTEL_EXPORT SUCCESS n=1
2026-09-18T17:15:08Z OTEL_EXPORT SUCCESS n=1
2026-09-18T17:29:23Z OTEL_EXPORT SUCCESS n=1
2026-09-18T17:52:26Z ACTIVATED worker=fixer role=fixer otlp=https://proj-xtrace-98a0a58e103d37e424adc3fdffb5f51-cn-hangzhou.cn-hangzhou.log. grace=90.0s v3
