2026-09-19T08:09:53Z OTEL_EXPORT SUCCESS n=3
2026-09-19T08:09:56Z OTEL_EXPORT SUCCESS n=3
2026-09-19T08:09:59Z OTEL_EXPORT SUCCESS n=8
2026-09-19T08:10:02Z OTEL_EXPORT SUCCESS n=1
2026-09-19T08:10:05Z OTEL_EXPORT SUCCESS n=1
2026-09-19T08:10:11Z OTEL_EXPORT SUCCESS n=1
2026-09-19T08:10:14Z OTEL_EXPORT SUCCESS n=1
2026-09-19T08:10:17Z OTEL_EXPORT SUCCESS n=1
2026-09-19T08:10:32Z OTEL_EXPORT SUCCESS n=7
2026-09-19T08:10:35Z OTEL_EXPORT SUCCESS n=9
2026-09-19T08:10:38Z OTEL_EXPORT SUCCESS n=1
2026-09-19T08:10:41Z OTEL_EXPORT SUCCESS n=9
2026-09-19T08:10:44Z OTEL_EXPORT SUCCESS n=1
2026-09-19T08:10:47Z OTEL_EXPORT SUCCESS n=6
2026-09-19T08:10:50Z OTEL_EXPORT SUCCESS n=1
2026-09-19T08:10:56Z OTEL_EXPORT SUCCESS n=1
2026-09-19T08:11:02Z OTEL_EXPORT SUCCESS n=1
2026-09-19T08:11:08Z OTEL_EXPORT SUCCESS n=1
2026-09-19T08:11:14Z OTEL_EXPORT SUCCESS n=2
2026-09-19T08:11:23Z OTEL_EXPORT SUCCESS n=1
2026-09-19T08:11:32Z OTEL_EXPORT SUCCESS n=1
2026-09-19T08:11:53Z OTEL_EXPORT SUCCESS n=1
2026-09-19T08:11:56Z OTEL_EXPORT SUCCESS n=10
2026-09-19T08:11:59Z OTEL_EXPORT SUCCESS n=4
2026-09-19T08:12:02Z OTEL_EXPORT SUCCESS n=3
2026-09-19T08:12:05Z OTEL_EXPORT SUCCESS n=5
2026-09-19T08:12:08Z OTEL_EXPORT SUCCESS n=3
2026-09-19T08:12:11Z OTEL_EXPORT SUCCESS n=3
2026-09-19T08:15:33Z OTEL_EXPORT SUCCESS n=1
2026-09-19T08:15:36Z OTEL_EXPORT SUCCESS n=6
2026-09-19T08:17:54Z OTEL_EXPORT SUCCESS n=1
2026-09-19T08:17:57Z OTEL_EXPORT SUCCESS n=6
2026-09-19T08:18:00Z OTEL_EXPORT SUCCESS n=4
2026-09-19T08:18:03Z OTEL_EXPORT SUCCESS n=4
2026-09-19T08:18:06Z OTEL_EXPORT SUCCESS n=1
2026-09-19T08:18:09Z OTEL_EXPORT SUCCESS n=1
2026-09-19T08:18:12Z OTEL_EXPORT SUCCESS n=1
2026-09-19T08:18:18Z OTEL_EXPORT SUCCESS n=1
2026-09-19T08:18:21Z OTEL_EXPORT SUCCESS n=1
2026-09-19T08:18:30Z OTEL_EXPORT SUCCESS n=1
2026-09-19T08:18:33Z OTEL_EXPORT SUCCESS n=1
2026-09-19T08:18:39Z OTEL_EXPORT SUCCESS n=1
2026-09-19T08:18:58Z OTEL_EXPORT SUCCESS n=1
2026-09-19T08:19:07Z OTEL_EXPORT SUCCESS n=7
2026-09-19T08:19:10Z OTEL_EXPORT SUCCESS n=4
2026-09-19T08:19:13Z OTEL_EXPORT SUCCESS n=6
2026-09-19T08:19:16Z OTEL_EXPORT SUCCESS n=3
2026-09-19T08:19:19Z OTEL_EXPORT SUCCESS n=3
2026-09-19T08:25:34Z OTEL_EXPORT SUCCESS n=5
2026-09-19T08:25:37Z OTEL_EXPORT SUCCESS n=2
2026-09-19T08:30:07Z ACTIVATED worker=leader role=leader otlp=https://proj-xtrace-98a0a58e103d37e424adc3fdffb5f51-cn-hangzhou.cn-hangzhou.log. grace=90.0s v3
2026-09-19T08:31:32Z OTEL_EXPORT SUCCESS n=1
2026-09-19T08:31:38Z PATCH agentscope.tool._toolkit applied
2026-09-19T08:31:38Z PATCH matrix_channel applied
2026-09-19T08:31:38Z PATCH copaw_worker.hooks.tools.message applied
2026-09-19T08:31:38Z PATCH copaw_worker.hooks.tools.taskflow applied
2026-09-19T08:31:38Z PATCH copaw.providers.retry_chat_model applied
2026-09-19T08:31:38Z PATCH agentscope.model target-missing (will retry)
2026-09-19T08:31:38Z PATCH copaw.agents.react_agent applied
2026-09-19T08:33:47Z OTEL_EXPORT SUCCESS n=4
2026-09-19T08:33:50Z OTEL_EXPORT SUCCESS n=3
2026-09-19T08:33:53Z OTEL_EXPORT SUCCESS n=4
2026-09-19T08:33:56Z OTEL_EXPORT SUCCESS n=6
2026-09-19T08:33:59Z OTEL_EXPORT SUCCESS n=1
2026-09-19T08:34:02Z OTEL_EXPORT SUCCESS n=1
2026-09-19T08:34:05Z OTEL_EXPORT SUCCESS n=1
2026-09-19T08:34:17Z OTEL_EXPORT SUCCESS n=1
2026-09-19T08:34:23Z OTEL_EXPORT SUCCESS n=1
2026-09-19T08:34:26Z OTEL_EXPORT SUCCESS n=1
2026-09-19T08:34:38Z OTEL_EXPORT SUCCESS n=1
2026-09-19T08:34:41Z OTEL_EXPORT SUCCESS n=6
2026-09-19T08:34:44Z OTEL_EXPORT SUCCESS n=9
2026-09-19T08:34:47Z OTEL_EXPORT SUCCESS n=1
2026-09-19T08:34:50Z OTEL_EXPORT SUCCESS n=7
2026-09-19T08:40:24Z OTEL_EXPORT SUCCESS n=5
2026-09-19T08:40:27Z OTEL_EXPORT SUCCESS n=3
2026-09-19T08:42:49Z ACTIVATED worker=leader role=leader otlp=https://proj-xtrace-98a0a58e103d37e424adc3fdffb5f51-cn-hangzhou.cn-hangzhou.log. grace=90.0s v3
2026-09-19T08:44:04Z ACTIVATED worker=leader role=leader otlp=https://proj-xtrace-98a0a58e103d37e424adc3fdffb5f51-cn-hangzhou.cn-hangzhou.log. grace=90.0s v3
2026-09-19T08:45:34Z PATCH agentscope.tool._toolkit applied
2026-09-19T08:45:34Z PATCH matrix_channel applied
2026-09-19T08:45:34Z PATCH copaw_worker.hooks.tools.message applied
2026-09-19T08:45:34Z PATCH copaw_worker.hooks.tools.taskflow applied
2026-09-19T08:45:34Z PATCH copaw.providers.retry_chat_model applied
2026-09-19T08:45:34Z PATCH agentscope.model target-missing (will retry)
2026-09-19T08:45:34Z PATCH copaw.agents.react_agent applied
2026-09-19T08:45:55Z OTEL_EXPORT SUCCESS n=2
2026-09-19T08:45:58Z OTEL_EXPORT SUCCESS n=3
2026-09-19T08:46:01Z OTEL_EXPORT SUCCESS n=6
2026-09-19T08:46:04Z OTEL_EXPORT SUCCESS n=3
2026-09-19T08:46:07Z OTEL_EXPORT SUCCESS n=6
2026-09-19T08:46:10Z OTEL_EXPORT SUCCESS n=4
2026-09-19T08:46:13Z OTEL_EXPORT SUCCESS n=4
2026-09-19T08:46:16Z OTEL_EXPORT SUCCESS n=2
2026-09-19T08:46:22Z OTEL_EXPORT SUCCESS n=1
2026-09-19T08:46:26Z OTEL_EXPORT SUCCESS n=1
2026-09-19T08:46:29Z OTEL_EXPORT SUCCESS n=1
2026-09-19T08:46:35Z OTEL_EXPORT SUCCESS n=2
2026-09-19T08:46:50Z OTEL_EXPORT SUCCESS n=1
2026-09-19T08:46:53Z OTEL_EXPORT SUCCESS n=10
2026-09-19T08:46:56Z OTEL_EXPORT SUCCESS n=6
2026-09-19T08:46:59Z OTEL_EXPORT SUCCESS n=1
2026-09-19T08:47:02Z OTEL_EXPORT SUCCESS n=8
2026-09-19T08:47:05Z OTEL_EXPORT SUCCESS n=9
2026-09-19T08:47:11Z OTEL_EXPORT SUCCESS n=1
2026-09-19T08:47:17Z OTEL_EXPORT SUCCESS n=1
2026-09-19T08:47:20Z OTEL_EXPORT SUCCESS n=1
2026-09-19T08:47:26Z OTEL_EXPORT SUCCESS n=1
2026-09-19T08:47:35Z OTEL_EXPORT SUCCESS n=1
2026-09-19T08:47:50Z OTEL_EXPORT SUCCESS n=2
2026-09-19T08:47:53Z OTEL_EXPORT SUCCESS n=9
2026-09-19T08:47:56Z OTEL_EXPORT SUCCESS n=4
2026-09-19T08:47:59Z OTEL_EXPORT SUCCESS n=3
2026-09-19T08:48:02Z OTEL_EXPORT SUCCESS n=5
2026-09-19T08:48:05Z OTEL_EXPORT SUCCESS n=7
2026-09-19T08:50:59Z OTEL_EXPORT SUCCESS n=1
2026-09-19T08:51:02Z OTEL_EXPORT SUCCESS n=6
2026-09-19T08:51:08Z OTEL_EXPORT SUCCESS n=6
2026-09-19T08:51:11Z OTEL_EXPORT SUCCESS n=5
2026-09-19T08:51:14Z OTEL_EXPORT SUCCESS n=1
2026-09-19T08:51:17Z OTEL_EXPORT SUCCESS n=1
2026-09-19T08:51:26Z OTEL_EXPORT SUCCESS n=1
2026-09-19T08:51:32Z OTEL_EXPORT SUCCESS n=1
2026-09-19T08:51:47Z OTEL_EXPORT SUCCESS n=7
2026-09-19T08:51:50Z OTEL_EXPORT SUCCESS n=4
2026-09-19T08:51:53Z OTEL_EXPORT SUCCESS n=5
2026-09-19T08:51:56Z OTEL_EXPORT SUCCESS n=6
2026-09-19T08:51:59Z OTEL_EXPORT SUCCESS n=8
2026-09-19T08:52:02Z OTEL_EXPORT SUCCESS n=1
2026-09-19T08:52:06Z OTEL_EXPORT SUCCESS n=7
2026-09-19T08:54:15Z OTEL_EXPORT SUCCESS n=1
2026-09-19T08:54:18Z OTEL_EXPORT SUCCESS n=4
2026-09-19T08:54:21Z OTEL_EXPORT SUCCESS n=3
2026-09-19T09:04:15Z OTEL_EXPORT SUCCESS n=1
2026-09-19T09:04:18Z OTEL_EXPORT SUCCESS n=7
2026-09-19T09:11:42Z OTEL_EXPORT SUCCESS n=2
2026-09-19T09:11:45Z OTEL_EXPORT SUCCESS n=6
2026-09-19T09:11:48Z OTEL_EXPORT SUCCESS n=5
2026-09-19T09:11:51Z OTEL_EXPORT SUCCESS n=6
2026-09-19T09:11:54Z OTEL_EXPORT SUCCESS n=3
2026-09-19T09:11:57Z OTEL_EXPORT SUCCESS n=9
2026-09-19T09:12:00Z OTEL_EXPORT SUCCESS n=1
2026-09-19T09:12:03Z OTEL_EXPORT SUCCESS n=1
2026-09-19T09:12:06Z OTEL_EXPORT SUCCESS n=1
2026-09-19T09:12:09Z OTEL_EXPORT SUCCESS n=1
2026-09-19T09:12:15Z OTEL_EXPORT SUCCESS n=2
2026-09-19T09:12:30Z OTEL_EXPORT SUCCESS n=1
2026-09-19T09:12:33Z OTEL_EXPORT SUCCESS n=10
2026-09-19T09:12:37Z OTEL_EXPORT SUCCESS n=6
2026-09-19T09:12:40Z OTEL_EXPORT SUCCESS n=5
2026-09-19T09:12:43Z OTEL_EXPORT SUCCESS n=5
2026-09-19T09:12:46Z OTEL_EXPORT SUCCESS n=8
2026-09-19T09:12:49Z OTEL_EXPORT SUCCESS n=1
2026-09-19T09:12:55Z OTEL_EXPORT SUCCESS n=1
2026-09-19T09:12:58Z OTEL_EXPORT SUCCESS n=1
2026-09-19T09:13:04Z OTEL_EXPORT SUCCESS n=1
2026-09-19T09:13:13Z OTEL_EXPORT SUCCESS n=1
2026-09-19T09:13:28Z OTEL_EXPORT SUCCESS n=1
2026-09-19T09:13:31Z OTEL_EXPORT SUCCESS n=6
2026-09-19T09:13:34Z OTEL_EXPORT SUCCESS n=7
2026-09-19T09:13:37Z OTEL_EXPORT SUCCESS n=1
2026-09-19T09:13:40Z OTEL_EXPORT SUCCESS n=8
2026-09-19T09:13:46Z OTEL_EXPORT SUCCESS n=7
2026-09-19T09:14:16Z OTEL_EXPORT SUCCESS n=1
2026-09-19T09:14:19Z OTEL_EXPORT SUCCESS n=7
2026-09-19T09:18:22Z OTEL_EXPORT SUCCESS n=4
2026-09-19T09:18:25Z OTEL_EXPORT SUCCESS n=3
2026-09-19T09:18:28Z OTEL_EXPORT SUCCESS n=9
2026-09-19T09:18:31Z OTEL_EXPORT SUCCESS n=1
2026-09-19T09:18:34Z OTEL_EXPORT SUCCESS n=1
2026-09-19T09:18:40Z OTEL_EXPORT SUCCESS n=1
2026-09-19T09:18:46Z OTEL_EXPORT SUCCESS n=2
2026-09-19T09:18:58Z OTEL_EXPORT SUCCESS n=1
2026-09-19T09:19:01Z OTEL_EXPORT SUCCESS n=6
2026-09-19T09:19:04Z OTEL_EXPORT SUCCESS n=9
2026-09-19T09:19:07Z OTEL_EXPORT SUCCESS n=1
2026-09-19T09:19:10Z OTEL_EXPORT SUCCESS n=7
2026-09-19T09:24:17Z OTEL_EXPORT SUCCESS n=1
2026-09-19T09:24:20Z OTEL_EXPORT SUCCESS n=7
2026-09-19T09:27:17Z OTEL_EXPORT SUCCESS n=2
2026-09-19T09:27:20Z OTEL_EXPORT SUCCESS n=5
2026-09-19T09:27:23Z OTEL_EXPORT SUCCESS n=3
2026-09-19T09:27:26Z OTEL_EXPORT SUCCESS n=6
2026-09-19T09:27:29Z OTEL_EXPORT SUCCESS n=4
2026-09-19T09:30:26Z OTEL_EXPORT SUCCESS n=2
2026-09-19T09:30:29Z OTEL_EXPORT SUCCESS n=3
2026-09-19T09:30:38Z OTEL_EXPORT SUCCESS n=8
2026-09-19T09:30:41Z OTEL_EXPORT SUCCESS n=4
2026-09-19T09:30:44Z OTEL_EXPORT SUCCESS n=10
2026-09-19T09:30:50Z OTEL_EXPORT SUCCESS n=2
2026-09-19T09:30:56Z OTEL_EXPORT SUCCESS n=1
2026-09-19T09:30:59Z OTEL_EXPORT SUCCESS n=1
2026-09-19T09:31:11Z OTEL_EXPORT SUCCESS n=1
2026-09-19T09:31:14Z OTEL_EXPORT SUCCESS n=7
2026-09-19T09:31:17Z OTEL_EXPORT SUCCESS n=8
2026-09-19T09:31:23Z OTEL_EXPORT SUCCESS n=8
2026-09-19T09:31:26Z OTEL_EXPORT SUCCESS n=3
2026-09-19T09:31:30Z OTEL_EXPORT SUCCESS n=4
2026-09-19T09:34:15Z OTEL_EXPORT SUCCESS n=1
2026-09-19T09:34:18Z OTEL_EXPORT SUCCESS n=4
2026-09-19T09:34:21Z OTEL_EXPORT SUCCESS n=3
