2026-09-16T17:13:19Z ACTIVATED worker=verifier role=verifier otlp=https://proj-xtrace-98a0a58e103d37e424adc3fdffb5f51-cn-hangzhou.cn-hangzhou.log. grace=90.0s
2026-09-16T17:14:49Z PATCH agentscope.tool._toolkit applied
2026-09-16T17:14:49Z PATCH matrix_channel applied
2026-09-16T17:14:49Z PATCH copaw_worker.hooks.tools.message applied
2026-09-16T17:14:49Z PATCH copaw_worker.hooks.tools.taskflow applied
2026-09-16T17:14:49Z PATCH copaw.providers.retry_chat_model applied
2026-09-16T17:14:49Z PATCH agentscope.model applied
2026-09-16T17:14:49Z PATCH copaw.agents.react_agent applied
2026-09-16T17:15:22Z OTEL_EXPORT SUCCESS n=1
2026-09-16T17:15:25Z OTEL_EXPORT SUCCESS n=8
2026-09-16T17:16:38Z OTEL_EXPORT SUCCESS n=2
2026-09-16T17:16:41Z OTEL_EXPORT SUCCESS n=2
2026-09-16T17:16:47Z OTEL_EXPORT SUCCESS n=2
2026-09-16T17:16:50Z OTEL_EXPORT SUCCESS n=2
2026-09-16T17:17:50Z OTEL_EXPORT SUCCESS n=1
2026-09-16T17:17:53Z OTEL_EXPORT SUCCESS n=1
2026-09-16T17:17:59Z OTEL_EXPORT SUCCESS n=2
2026-09-16T17:18:11Z OTEL_EXPORT SUCCESS n=1
2026-09-16T17:18:14Z OTEL_EXPORT SUCCESS n=1
2026-09-16T17:18:17Z OTEL_EXPORT SUCCESS n=2
2026-09-16T17:18:20Z OTEL_EXPORT SUCCESS n=1
2026-09-16T17:18:59Z OTEL_EXPORT SUCCESS n=1
2026-09-16T17:19:08Z OTEL_EXPORT SUCCESS n=2
2026-09-16T17:19:11Z OTEL_EXPORT SUCCESS n=2
2026-09-16T17:19:17Z OTEL_EXPORT SUCCESS n=1
2026-09-16T17:19:20Z OTEL_EXPORT SUCCESS n=1
2026-09-16T17:19:23Z OTEL_EXPORT SUCCESS n=1
2026-09-16T17:19:26Z OTEL_EXPORT SUCCESS n=2
2026-09-16T17:19:38Z OTEL_EXPORT SUCCESS n=2
2026-09-16T17:19:41Z OTEL_EXPORT SUCCESS n=1
2026-09-16T17:19:44Z OTEL_EXPORT SUCCESS n=2
2026-09-16T17:19:47Z OTEL_EXPORT SUCCESS n=9
2026-09-16T17:19:50Z OTEL_EXPORT SUCCESS n=7
2026-09-16T17:19:54Z ACTIVATED worker=verifier role=verifier otlp=https://proj-xtrace-98a0a58e103d37e424adc3fdffb5f51-cn-hangzhou.cn-hangzhou.log. grace=90.0s
2026-09-16T17:19:56Z OTEL_EXPORT SUCCESS n=1
2026-09-16T17:20:02Z OTEL_EXPORT SUCCESS n=1
2026-09-16T17:20:03Z ACTIVATED worker=verifier role=verifier otlp=https://proj-xtrace-98a0a58e103d37e424adc3fdffb5f51-cn-hangzhou.cn-hangzhou.log. grace=90.0s
2026-09-16T17:20:05Z OTEL_EXPORT SUCCESS n=4
2026-09-16T17:20:08Z OTEL_EXPORT SUCCESS n=3
2026-09-16T17:20:09Z ACTIVATED worker=verifier role=verifier otlp=https://proj-xtrace-98a0a58e103d37e424adc3fdffb5f51-cn-hangzhou.cn-hangzhou.log. grace=90.0s
2026-09-16T17:20:11Z OTEL_EXPORT SUCCESS n=7
2026-09-16T17:20:12Z ACTIVATED worker=verifier role=verifier otlp=https://proj-xtrace-98a0a58e103d37e424adc3fdffb5f51-cn-hangzhou.cn-hangzhou.log. grace=90.0s
2026-09-16T17:20:14Z ACTIVATED worker=verifier role=verifier otlp=https://proj-xtrace-98a0a58e103d37e424adc3fdffb5f51-cn-hangzhou.cn-hangzhou.log. grace=90.0s
2026-09-16T17:20:14Z OTEL_EXPORT SUCCESS n=6
2026-09-16T17:20:17Z OTEL_EXPORT SUCCESS n=1
2026-09-16T17:20:18Z ACTIVATED worker=verifier role=verifier otlp=https://proj-xtrace-98a0a58e103d37e424adc3fdffb5f51-cn-hangzhou.cn-hangzhou.log. grace=90.0s
2026-09-16T17:20:20Z OTEL_EXPORT SUCCESS n=5
2026-09-16T17:20:23Z OTEL_EXPORT SUCCESS n=1
2026-09-16T17:20:26Z OTEL_EXPORT SUCCESS n=3
2026-09-16T17:20:29Z OTEL_EXPORT SUCCESS n=3
2026-09-16T17:20:32Z OTEL_EXPORT SUCCESS n=3
2026-09-16T17:20:35Z OTEL_EXPORT SUCCESS n=7
2026-09-16T17:20:38Z OTEL_EXPORT SUCCESS n=1
2026-09-16T17:20:44Z OTEL_EXPORT SUCCESS n=1
2026-09-16T17:25:12Z OTEL_EXPORT SUCCESS n=1
2026-09-16T17:25:15Z OTEL_EXPORT SUCCESS n=2
2026-09-16T17:25:18Z OTEL_EXPORT SUCCESS n=1
2026-09-16T17:25:24Z OTEL_EXPORT SUCCESS n=2
2026-09-16T17:25:27Z OTEL_EXPORT SUCCESS n=1
2026-09-16T17:25:33Z OTEL_EXPORT SUCCESS n=2
2026-09-16T17:25:48Z OTEL_EXPORT SUCCESS n=2
2026-09-16T17:25:51Z OTEL_EXPORT SUCCESS n=2
2026-09-16T17:25:54Z OTEL_EXPORT SUCCESS n=1
2026-09-16T17:26:18Z OTEL_EXPORT SUCCESS n=1
