2026-09-16T17:13:17Z ACTIVATED worker=fixer role=fixer otlp=https://proj-xtrace-98a0a58e103d37e424adc3fdffb5f51-cn-hangzhou.cn-hangzhou.log. grace=90.0s
2026-09-16T17:14:47Z PATCH agentscope.tool._toolkit applied
2026-09-16T17:14:47Z PATCH matrix_channel applied
2026-09-16T17:14:47Z PATCH copaw_worker.hooks.tools.message applied
2026-09-16T17:14:47Z PATCH copaw_worker.hooks.tools.taskflow applied
2026-09-16T17:14:47Z PATCH copaw.providers.retry_chat_model applied
2026-09-16T17:14:47Z PATCH agentscope.model applied
2026-09-16T17:14:47Z PATCH copaw.agents.react_agent applied
2026-09-16T17:15:23Z OTEL_EXPORT SUCCESS n=9
2026-09-16T17:16:36Z OTEL_EXPORT SUCCESS n=1
2026-09-16T17:16:39Z OTEL_EXPORT SUCCESS n=2
2026-09-16T17:16:42Z OTEL_EXPORT SUCCESS n=1
2026-09-16T17:16:45Z OTEL_EXPORT SUCCESS n=1
2026-09-16T17:16:48Z OTEL_EXPORT SUCCESS n=2
2026-09-16T17:16:51Z OTEL_EXPORT SUCCESS n=1
2026-09-16T17:17:51Z OTEL_EXPORT SUCCESS n=1
2026-09-16T17:17:54Z OTEL_EXPORT SUCCESS n=1
2026-09-16T17:17:57Z OTEL_EXPORT SUCCESS n=1
2026-09-16T17:18:00Z OTEL_EXPORT SUCCESS n=1
2026-09-16T17:18:12Z OTEL_EXPORT SUCCESS n=1
2026-09-16T17:18:15Z OTEL_EXPORT SUCCESS n=2
2026-09-16T17:18:18Z OTEL_EXPORT SUCCESS n=2
2026-09-16T17:18:57Z OTEL_EXPORT SUCCESS n=1
2026-09-16T17:19:06Z OTEL_EXPORT SUCCESS n=1
2026-09-16T17:19:09Z OTEL_EXPORT SUCCESS n=8
2026-09-16T17:19:12Z OTEL_EXPORT SUCCESS n=3
2026-09-16T17:19:15Z OTEL_EXPORT SUCCESS n=5
2026-09-16T17:19:18Z OTEL_EXPORT SUCCESS n=4
2026-09-16T17:19:21Z ACTIVATED worker=fixer role=fixer otlp=https://proj-xtrace-98a0a58e103d37e424adc3fdffb5f51-cn-hangzhou.cn-hangzhou.log. grace=90.0s
2026-09-16T17:19:21Z OTEL_EXPORT SUCCESS n=6
2026-09-16T17:19:24Z OTEL_EXPORT SUCCESS n=8
2026-09-16T17:19:27Z OTEL_EXPORT SUCCESS n=4
2026-09-16T17:19:30Z OTEL_EXPORT SUCCESS n=3
2026-09-16T17:19:33Z OTEL_EXPORT SUCCESS n=3
2026-09-16T17:19:36Z OTEL_EXPORT SUCCESS n=4
2026-09-16T17:19:39Z OTEL_EXPORT SUCCESS n=3
2026-09-16T17:19:42Z OTEL_EXPORT SUCCESS n=1
2026-09-16T17:19:46Z OTEL_EXPORT SUCCESS n=2
2026-09-16T17:19:49Z OTEL_EXPORT SUCCESS n=2
2026-09-16T17:19:52Z OTEL_EXPORT SUCCESS n=1
2026-09-16T17:20:04Z OTEL_EXPORT SUCCESS n=1
2026-09-16T17:20:10Z OTEL_EXPORT SUCCESS n=1
2026-09-16T17:20:16Z OTEL_EXPORT SUCCESS n=1
2026-09-16T17:20:22Z OTEL_EXPORT SUCCESS n=2
2026-09-16T17:20:34Z OTEL_EXPORT SUCCESS n=2
2026-09-16T17:20:37Z OTEL_EXPORT SUCCESS n=1
2026-09-16T17:20:40Z OTEL_EXPORT SUCCESS n=1
2026-09-16T17:20:46Z OTEL_EXPORT SUCCESS n=1
2026-09-16T17:25:13Z OTEL_EXPORT SUCCESS n=2
2026-09-16T17:25:16Z OTEL_EXPORT SUCCESS n=2
2026-09-16T17:25:22Z OTEL_EXPORT SUCCESS n=1
2026-09-16T17:25:25Z OTEL_EXPORT SUCCESS n=1
2026-09-16T17:25:28Z OTEL_EXPORT SUCCESS n=1
2026-09-16T17:25:31Z OTEL_EXPORT SUCCESS n=1
2026-09-16T17:25:34Z OTEL_EXPORT SUCCESS n=1
2026-09-16T17:25:46Z OTEL_EXPORT SUCCESS n=1
2026-09-16T17:25:49Z OTEL_EXPORT SUCCESS n=2
2026-09-16T17:25:52Z OTEL_EXPORT SUCCESS n=2
2026-09-16T17:26:19Z OTEL_EXPORT SUCCESS n=1
