2026-09-18T16:48:52Z ACTIVATED worker=reviewer role=reviewer otlp=https://proj-xtrace-98a0a58e103d37e424adc3fdffb5f51-cn-hangzhou.cn-hangzhou.log. grace=90.0s v3
2026-09-18T16:50:22Z PATCH agentscope.tool._toolkit applied
2026-09-18T16:50:22Z PATCH matrix_channel applied
2026-09-18T16:50:22Z PATCH copaw_worker.hooks.tools.message applied
2026-09-18T16:50:22Z PATCH copaw_worker.hooks.tools.taskflow applied
2026-09-18T16:50:22Z PATCH copaw.providers.retry_chat_model applied
2026-09-18T16:50:22Z PATCH agentscope.model target-missing (will retry)
2026-09-18T16:50:22Z PATCH copaw.agents.react_agent applied
2026-09-18T16:51:38Z LINK_SPAN_TRACE trace=fc3da62187ea8cdc073d92f91ac7f551 parent_trace=fc3da62187ea8cdc073d92f91ac7f551
2026-09-18T16:51:40Z OTEL_EXPORT SUCCESS n=2
2026-09-18T16:51:43Z GENAI_HANDLER loongsuite extended handler active
2026-09-18T16:51:43Z OTEL_EXPORT SUCCESS n=4
2026-09-18T16:51:46Z OTEL_EXPORT SUCCESS n=6
2026-09-18T16:51:49Z OTEL_EXPORT SUCCESS n=2
2026-09-18T16:51:53Z OTEL_EXPORT SUCCESS n=6
2026-09-18T16:51:56Z OTEL_EXPORT SUCCESS n=1
2026-09-18T16:51:59Z OTEL_EXPORT SUCCESS n=3
2026-09-18T16:52:02Z OTEL_EXPORT SUCCESS n=4
2026-09-18T16:52:04Z ACTIVATED worker=reviewer role=reviewer otlp=https://proj-xtrace-98a0a58e103d37e424adc3fdffb5f51-cn-hangzhou.cn-hangzhou.log. grace=90.0s v3
2026-09-18T16:52:05Z OTEL_EXPORT SUCCESS n=5
2026-09-18T16:52:22Z ACTIVATED worker=reviewer role=reviewer otlp=https://proj-xtrace-98a0a58e103d37e424adc3fdffb5f51-cn-hangzhou.cn-hangzhou.log. grace=90.0s v3
2026-09-18T16:52:23Z OTEL_EXPORT SUCCESS n=2
2026-09-18T16:52:24Z ACTIVATED worker=reviewer role=reviewer otlp=https://proj-xtrace-98a0a58e103d37e424adc3fdffb5f51-cn-hangzhou.cn-hangzhou.log. grace=90.0s v3
2026-09-18T16:52:26Z OTEL_EXPORT SUCCESS n=1
2026-09-18T16:52:36Z ACTIVATED worker=reviewer role=reviewer otlp=https://proj-xtrace-98a0a58e103d37e424adc3fdffb5f51-cn-hangzhou.cn-hangzhou.log. grace=90.0s v3
2026-09-18T16:52:44Z ACTIVATED worker=reviewer role=reviewer otlp=https://proj-xtrace-98a0a58e103d37e424adc3fdffb5f51-cn-hangzhou.cn-hangzhou.log. grace=90.0s v3
2026-09-18T16:52:47Z ACTIVATED worker=reviewer role=reviewer otlp=https://proj-xtrace-98a0a58e103d37e424adc3fdffb5f51-cn-hangzhou.cn-hangzhou.log. grace=90.0s v3
2026-09-18T16:52:47Z OTEL_EXPORT SUCCESS n=3
2026-09-18T16:53:12Z ACTIVATED worker=reviewer role=reviewer otlp=https://proj-xtrace-98a0a58e103d37e424adc3fdffb5f51-cn-hangzhou.cn-hangzhou.log. grace=90.0s v3
2026-09-18T16:53:14Z OTEL_EXPORT SUCCESS n=2
2026-09-18T16:53:15Z ACTIVATED worker=reviewer role=reviewer otlp=https://proj-xtrace-98a0a58e103d37e424adc3fdffb5f51-cn-hangzhou.cn-hangzhou.log. grace=90.0s v3
2026-09-18T16:53:17Z ACTIVATED worker=reviewer role=reviewer otlp=https://proj-xtrace-98a0a58e103d37e424adc3fdffb5f51-cn-hangzhou.cn-hangzhou.log. grace=90.0s v3
2026-09-18T16:53:17Z OTEL_EXPORT SUCCESS n=2
2026-09-18T16:53:20Z OTEL_EXPORT SUCCESS n=3
2026-09-18T16:53:23Z ACTIVATED worker=reviewer role=reviewer otlp=https://proj-xtrace-98a0a58e103d37e424adc3fdffb5f51-cn-hangzhou.cn-hangzhou.log. grace=90.0s v3
2026-09-18T16:53:23Z OTEL_EXPORT SUCCESS n=4
2026-09-18T16:53:26Z OTEL_EXPORT SUCCESS n=6
2026-09-18T16:53:29Z OTEL_EXPORT SUCCESS n=4
2026-09-18T16:53:35Z OTEL_EXPORT SUCCESS n=7
2026-09-18T16:53:38Z OTEL_EXPORT SUCCESS n=3
2026-09-18T16:53:44Z OTEL_EXPORT SUCCESS n=2
2026-09-18T16:53:47Z OTEL_EXPORT SUCCESS n=6
2026-09-18T16:53:50Z OTEL_EXPORT SUCCESS n=4
2026-09-18T16:53:53Z OTEL_EXPORT SUCCESS n=4
2026-09-18T16:53:56Z OTEL_EXPORT SUCCESS n=1
2026-09-18T16:53:59Z OTEL_EXPORT SUCCESS n=2
2026-09-18T16:54:05Z OTEL_EXPORT SUCCESS n=1
2026-09-18T16:54:50Z OTEL_EXPORT SUCCESS n=1
2026-09-18T16:55:00Z LINK_SPAN_TRACE trace=0cc5aeaaf908718fb635443dbe2bebff parent_trace=0cc5aeaaf908718fb635443dbe2bebff
2026-09-18T16:55:02Z OTEL_EXPORT SUCCESS n=2
2026-09-18T16:55:05Z OTEL_EXPORT SUCCESS n=2
2026-09-18T16:55:11Z OTEL_EXPORT SUCCESS n=1
2026-09-18T16:55:14Z OTEL_EXPORT SUCCESS n=1
2026-09-18T16:55:20Z OTEL_EXPORT SUCCESS n=1
2026-09-18T16:55:23Z OTEL_EXPORT SUCCESS n=2
2026-09-18T16:55:35Z OTEL_EXPORT SUCCESS n=1
2026-09-18T16:55:38Z OTEL_EXPORT SUCCESS n=2
2026-09-18T16:55:44Z LINK_SPAN_TRACE trace=ba38ae3564684c4a699a09c4c52f1ab1 parent_trace=ba38ae3564684c4a699a09c4c52f1ab1
2026-09-18T16:55:44Z OTEL_EXPORT SUCCESS n=3
2026-09-18T16:55:47Z OTEL_EXPORT SUCCESS n=1
2026-09-18T16:55:50Z OTEL_EXPORT SUCCESS n=2
2026-09-18T16:55:53Z OTEL_EXPORT SUCCESS n=1
2026-09-18T16:56:08Z OTEL_EXPORT SUCCESS n=1
2026-09-18T16:56:17Z OTEL_EXPORT SUCCESS n=1
2026-09-18T16:56:20Z OTEL_EXPORT SUCCESS n=1
2026-09-18T16:56:29Z OTEL_EXPORT SUCCESS n=1
2026-09-18T16:56:38Z OTEL_EXPORT SUCCESS n=1
2026-09-18T16:56:50Z OTEL_EXPORT SUCCESS n=1
2026-09-18T16:56:54Z OTEL_EXPORT SUCCESS n=1
2026-09-18T16:56:57Z OTEL_EXPORT SUCCESS n=1
2026-09-18T16:57:00Z OTEL_EXPORT SUCCESS n=1
2026-09-18T16:57:06Z OTEL_EXPORT SUCCESS n=1
2026-09-18T17:00:35Z LINK_SPAN_TRACE trace=9746bd44dd79f780dadecaa5057681b1 parent_trace=9746bd44dd79f780dadecaa5057681b1
2026-09-18T17:00:36Z OTEL_EXPORT SUCCESS n=2
2026-09-18T17:00:39Z OTEL_EXPORT SUCCESS n=12
2026-09-18T17:00:45Z OTEL_EXPORT SUCCESS n=6
2026-09-18T17:00:48Z OTEL_EXPORT SUCCESS n=1
2026-09-18T17:00:51Z OTEL_EXPORT SUCCESS n=4
2026-09-18T17:00:53Z ACTIVATED worker=reviewer role=reviewer otlp=https://proj-xtrace-98a0a58e103d37e424adc3fdffb5f51-cn-hangzhou.cn-hangzhou.log. grace=90.0s v3
2026-09-18T17:00:53Z ACTIVATED worker=reviewer role=reviewer otlp=https://proj-xtrace-98a0a58e103d37e424adc3fdffb5f51-cn-hangzhou.cn-hangzhou.log. grace=90.0s v3
2026-09-18T17:00:54Z OTEL_EXPORT SUCCESS n=4
2026-09-18T17:00:57Z OTEL_EXPORT SUCCESS n=3
2026-09-18T17:00:59Z ACTIVATED worker=reviewer role=reviewer otlp=https://proj-xtrace-98a0a58e103d37e424adc3fdffb5f51-cn-hangzhou.cn-hangzhou.log. grace=90.0s v3
2026-09-18T17:01:00Z OTEL_EXPORT SUCCESS n=6
2026-09-18T17:01:03Z OTEL_EXPORT SUCCESS n=8
2026-09-18T17:01:09Z OTEL_EXPORT SUCCESS n=3
2026-09-18T17:01:12Z OTEL_EXPORT SUCCESS n=3
2026-09-18T17:01:15Z OTEL_EXPORT SUCCESS n=3
2026-09-18T17:01:18Z OTEL_EXPORT SUCCESS n=5
2026-09-18T17:01:21Z OTEL_EXPORT SUCCESS n=2
2026-09-18T17:01:27Z OTEL_EXPORT SUCCESS n=1
2026-09-18T17:02:36Z OTEL_EXPORT SUCCESS n=1
2026-09-18T17:05:18Z LINK_SPAN_TRACE trace=e56e68a63b1036b9ce5c1b36dfc3378c parent_trace=e56e68a63b1036b9ce5c1b36dfc3378c
2026-09-18T17:05:19Z OTEL_EXPORT SUCCESS n=2
2026-09-18T17:05:22Z OTEL_EXPORT SUCCESS n=10
2026-09-18T17:05:28Z OTEL_EXPORT SUCCESS n=10
2026-09-18T17:05:31Z OTEL_EXPORT SUCCESS n=8
2026-09-18T17:05:34Z OTEL_EXPORT SUCCESS n=10
2026-09-18T17:05:43Z OTEL_EXPORT SUCCESS n=7
2026-09-18T17:05:46Z OTEL_EXPORT SUCCESS n=6
2026-09-18T17:05:49Z OTEL_EXPORT SUCCESS n=4
2026-09-18T17:05:52Z OTEL_EXPORT SUCCESS n=4
2026-09-18T17:05:55Z OTEL_EXPORT SUCCESS n=3
2026-09-18T17:05:58Z OTEL_EXPORT SUCCESS n=3
2026-09-18T17:06:00Z ACTIVATED worker=reviewer role=reviewer otlp=https://proj-xtrace-98a0a58e103d37e424adc3fdffb5f51-cn-hangzhou.cn-hangzhou.log. grace=90.0s v3
2026-09-18T17:06:01Z OTEL_EXPORT SUCCESS n=5
2026-09-18T17:06:04Z OTEL_EXPORT SUCCESS n=8
2026-09-18T17:06:07Z OTEL_EXPORT SUCCESS n=3
2026-09-18T17:06:08Z ACTIVATED worker= role=worker otlp=https://proj-xtrace-98a0a58e103d37e424adc3fdffb5f51-cn-hangzhou.cn-hangzhou.log. grace=90.0s v3
2026-09-18T17:06:10Z OTEL_EXPORT SUCCESS n=7
2026-09-18T17:06:13Z OTEL_EXPORT SUCCESS n=3
2026-09-18T17:06:19Z OTEL_EXPORT SUCCESS n=3
2026-09-18T17:06:22Z OTEL_EXPORT SUCCESS n=3
2026-09-18T17:06:28Z OTEL_EXPORT SUCCESS n=3
2026-09-18T17:06:31Z OTEL_EXPORT SUCCESS n=5
2026-09-18T17:06:34Z OTEL_EXPORT SUCCESS n=1
2026-09-18T17:06:37Z OTEL_EXPORT SUCCESS n=1
2026-09-18T17:06:40Z OTEL_EXPORT SUCCESS n=1
2026-09-18T17:06:46Z OTEL_EXPORT SUCCESS n=1
2026-09-18T17:14:55Z OTEL_EXPORT SUCCESS n=2
2026-09-18T17:14:58Z OTEL_EXPORT SUCCESS n=2
2026-09-18T17:15:01Z OTEL_EXPORT SUCCESS n=3
2026-09-18T17:15:04Z ACTIVATED worker=reviewer role=reviewer otlp=https://proj-xtrace-98a0a58e103d37e424adc3fdffb5f51-cn-hangzhou.cn-hangzhou.log. grace=90.0s v3
2026-09-18T17:15:04Z OTEL_EXPORT SUCCESS n=6
2026-09-18T17:15:07Z OTEL_EXPORT SUCCESS n=4
2026-09-18T17:29:23Z OTEL_EXPORT SUCCESS n=1
2026-09-18T17:52:25Z ACTIVATED worker=reviewer role=reviewer otlp=https://proj-xtrace-98a0a58e103d37e424adc3fdffb5f51-cn-hangzhou.cn-hangzhou.log. grace=90.0s v3
