2026-09-19T07:30:17Z ACTIVATED worker=fixer role=fixer otlp=https://proj-xtrace-98a0a58e103d37e424adc3fdffb5f51-cn-hangzhou.cn-hangzhou.log. grace=90.0s v3
2026-09-19T07:31:47Z PATCH agentscope.tool._toolkit applied
2026-09-19T07:31:47Z PATCH matrix_channel applied
2026-09-19T07:31:47Z PATCH copaw_worker.hooks.tools.message applied
2026-09-19T07:31:47Z PATCH copaw_worker.hooks.tools.taskflow applied
2026-09-19T07:31:47Z PATCH copaw.providers.retry_chat_model applied
2026-09-19T07:31:47Z PATCH agentscope.model target-missing (will retry)
2026-09-19T07:31:47Z PATCH copaw.agents.react_agent applied
2026-09-19T07:32:50Z OTEL_EXPORT SUCCESS n=2
2026-09-19T07:32:53Z OTEL_EXPORT SUCCESS n=2
2026-09-19T07:32:59Z OTEL_EXPORT SUCCESS n=2
2026-09-19T07:33:02Z OTEL_EXPORT SUCCESS n=1
2026-09-19T07:33:14Z OTEL_EXPORT SUCCESS n=2
2026-09-19T07:33:17Z OTEL_EXPORT SUCCESS n=1
2026-09-19T08:05:39Z OTEL_EXPORT SUCCESS n=2
2026-09-19T08:05:42Z OTEL_EXPORT SUCCESS n=2
2026-09-19T08:05:48Z OTEL_EXPORT SUCCESS n=2
2026-09-19T08:05:57Z OTEL_EXPORT SUCCESS n=1
2026-09-19T08:06:06Z OTEL_EXPORT SUCCESS n=2
2026-09-19T08:06:21Z OTEL_EXPORT SUCCESS n=1
2026-09-19T08:06:24Z OTEL_EXPORT SUCCESS n=2
2026-09-19T08:06:30Z OTEL_EXPORT SUCCESS n=1
2026-09-19T08:09:43Z OTEL_EXPORT SUCCESS n=1
2026-09-19T08:09:58Z OTEL_EXPORT SUCCESS n=2
2026-09-19T08:10:01Z OTEL_EXPORT SUCCESS n=6
2026-09-19T08:10:04Z OTEL_EXPORT SUCCESS n=3
2026-09-19T08:10:07Z OTEL_EXPORT SUCCESS n=6
2026-09-19T08:10:10Z OTEL_EXPORT SUCCESS n=1
2026-09-19T08:10:12Z ACTIVATED worker=fixer role=fixer otlp=https://proj-xtrace-98a0a58e103d37e424adc3fdffb5f51-cn-hangzhou.cn-hangzhou.log. grace=90.0s v3
2026-09-19T08:10:13Z OTEL_EXPORT SUCCESS n=6
2026-09-19T08:10:16Z OTEL_EXPORT SUCCESS n=8
2026-09-19T08:10:22Z OTEL_EXPORT SUCCESS n=3
2026-09-19T08:10:25Z OTEL_EXPORT SUCCESS n=3
2026-09-19T08:10:31Z OTEL_EXPORT SUCCESS n=4
2026-09-19T08:10:34Z OTEL_EXPORT SUCCESS n=1
2026-09-19T08:10:37Z OTEL_EXPORT SUCCESS n=1
2026-09-19T08:10:40Z OTEL_EXPORT SUCCESS n=2
2026-09-19T08:10:43Z OTEL_EXPORT SUCCESS n=2
2026-09-19T08:10:46Z OTEL_EXPORT SUCCESS n=1
2026-09-19T08:10:49Z OTEL_EXPORT SUCCESS n=1
2026-09-19T08:10:55Z OTEL_EXPORT SUCCESS n=1
2026-09-19T08:11:01Z OTEL_EXPORT SUCCESS n=1
2026-09-19T08:11:07Z OTEL_EXPORT SUCCESS n=1
2026-09-19T08:11:13Z OTEL_EXPORT SUCCESS n=2
2026-09-19T08:11:23Z OTEL_EXPORT SUCCESS n=1
2026-09-19T08:11:32Z OTEL_EXPORT SUCCESS n=1
2026-09-19T08:11:53Z OTEL_EXPORT SUCCESS n=1
2026-09-19T08:11:56Z OTEL_EXPORT SUCCESS n=2
2026-09-19T08:11:59Z OTEL_EXPORT SUCCESS n=1
2026-09-19T08:18:02Z OTEL_EXPORT SUCCESS n=3
2026-09-19T08:18:05Z OTEL_EXPORT SUCCESS n=1
2026-09-19T08:18:11Z OTEL_EXPORT SUCCESS n=2
2026-09-19T08:18:20Z OTEL_EXPORT SUCCESS n=1
2026-09-19T08:18:23Z OTEL_EXPORT SUCCESS n=1
2026-09-19T08:18:32Z OTEL_EXPORT SUCCESS n=2
2026-09-19T08:18:41Z OTEL_EXPORT SUCCESS n=1
2026-09-19T08:18:56Z OTEL_EXPORT SUCCESS n=1
2026-09-19T08:19:05Z OTEL_EXPORT SUCCESS n=1
2026-09-19T08:19:08Z OTEL_EXPORT SUCCESS n=2
2026-09-19T08:19:14Z OTEL_EXPORT SUCCESS n=1
2026-09-19T08:30:11Z ACTIVATED worker=fixer role=fixer otlp=https://proj-xtrace-98a0a58e103d37e424adc3fdffb5f51-cn-hangzhou.cn-hangzhou.log. grace=90.0s v3
2026-09-19T08:31:41Z PATCH agentscope.tool._toolkit applied
2026-09-19T08:31:41Z PATCH matrix_channel applied
2026-09-19T08:31:41Z PATCH copaw_worker.hooks.tools.message applied
2026-09-19T08:31:41Z PATCH copaw_worker.hooks.tools.taskflow applied
2026-09-19T08:31:41Z PATCH copaw.providers.retry_chat_model applied
2026-09-19T08:31:41Z PATCH agentscope.model target-missing (will retry)
2026-09-19T08:31:41Z PATCH copaw.agents.react_agent applied
2026-09-19T08:33:53Z OTEL_EXPORT SUCCESS n=2
2026-09-19T08:33:56Z OTEL_EXPORT SUCCESS n=2
2026-09-19T08:33:59Z OTEL_EXPORT SUCCESS n=1
2026-09-19T08:34:02Z OTEL_EXPORT SUCCESS n=1
2026-09-19T08:34:05Z OTEL_EXPORT SUCCESS n=1
2026-09-19T08:34:17Z OTEL_EXPORT SUCCESS n=1
2026-09-19T08:34:23Z OTEL_EXPORT SUCCESS n=1
2026-09-19T08:34:26Z OTEL_EXPORT SUCCESS n=1
2026-09-19T08:34:38Z OTEL_EXPORT SUCCESS n=1
2026-09-19T08:34:41Z OTEL_EXPORT SUCCESS n=1
2026-09-19T08:34:44Z OTEL_EXPORT SUCCESS n=1
2026-09-19T08:34:47Z OTEL_EXPORT SUCCESS n=1
2026-09-19T08:42:50Z ACTIVATED worker=fixer role=fixer otlp=https://proj-xtrace-98a0a58e103d37e424adc3fdffb5f51-cn-hangzhou.cn-hangzhou.log. grace=90.0s v3
2026-09-19T08:44:06Z ACTIVATED worker=fixer role=fixer otlp=https://proj-xtrace-98a0a58e103d37e424adc3fdffb5f51-cn-hangzhou.cn-hangzhou.log. grace=90.0s v3
2026-09-19T08:45:36Z PATCH agentscope.tool._toolkit applied
2026-09-19T08:45:36Z PATCH matrix_channel applied
2026-09-19T08:45:36Z PATCH copaw_worker.hooks.tools.message applied
2026-09-19T08:45:36Z PATCH copaw_worker.hooks.tools.taskflow applied
2026-09-19T08:45:36Z PATCH copaw.providers.retry_chat_model applied
2026-09-19T08:45:36Z PATCH agentscope.model target-missing (will retry)
2026-09-19T08:45:36Z PATCH copaw.agents.react_agent applied
2026-09-19T08:45:57Z OTEL_EXPORT SUCCESS n=1
2026-09-19T08:46:12Z OTEL_EXPORT SUCCESS n=2
2026-09-19T08:46:15Z OTEL_EXPORT SUCCESS n=4
2026-09-19T08:46:18Z OTEL_EXPORT SUCCESS n=2
2026-09-19T08:46:21Z OTEL_EXPORT SUCCESS n=6
2026-09-19T08:46:24Z OTEL_EXPORT SUCCESS n=3
2026-09-19T08:46:27Z OTEL_EXPORT SUCCESS n=5
2026-09-19T08:46:30Z OTEL_EXPORT SUCCESS n=3
2026-09-19T08:46:31Z ACTIVATED worker=fixer role=fixer otlp=https://proj-xtrace-98a0a58e103d37e424adc3fdffb5f51-cn-hangzhou.cn-hangzhou.log. grace=90.0s v3
2026-09-19T08:46:33Z OTEL_EXPORT SUCCESS n=7
2026-09-19T08:46:36Z OTEL_EXPORT SUCCESS n=4
2026-09-19T08:46:42Z OTEL_EXPORT SUCCESS n=3
2026-09-19T08:46:45Z OTEL_EXPORT SUCCESS n=3
2026-09-19T08:46:49Z OTEL_EXPORT SUCCESS n=4
2026-09-19T08:46:52Z OTEL_EXPORT SUCCESS n=1
2026-09-19T08:46:55Z OTEL_EXPORT SUCCESS n=1
2026-09-19T08:46:58Z OTEL_EXPORT SUCCESS n=1
2026-09-19T08:47:01Z OTEL_EXPORT SUCCESS n=3
2026-09-19T08:47:04Z OTEL_EXPORT SUCCESS n=2
2026-09-19T08:47:07Z OTEL_EXPORT SUCCESS n=1
2026-09-19T08:47:10Z OTEL_EXPORT SUCCESS n=1
2026-09-19T08:47:16Z OTEL_EXPORT SUCCESS n=1
2026-09-19T08:47:19Z OTEL_EXPORT SUCCESS n=1
2026-09-19T08:47:25Z OTEL_EXPORT SUCCESS n=1
2026-09-19T08:47:34Z OTEL_EXPORT SUCCESS n=1
2026-09-19T08:47:49Z OTEL_EXPORT SUCCESS n=1
2026-09-19T08:47:52Z OTEL_EXPORT SUCCESS n=2
2026-09-19T08:47:55Z OTEL_EXPORT SUCCESS n=1
2026-09-19T08:51:07Z OTEL_EXPORT SUCCESS n=2
2026-09-19T08:51:10Z OTEL_EXPORT SUCCESS n=2
2026-09-19T08:51:13Z OTEL_EXPORT SUCCESS n=2
2026-09-19T08:51:16Z OTEL_EXPORT SUCCESS n=1
2026-09-19T08:51:25Z OTEL_EXPORT SUCCESS n=1
2026-09-19T08:51:34Z OTEL_EXPORT SUCCESS n=1
2026-09-19T08:51:46Z OTEL_EXPORT SUCCESS n=1
2026-09-19T08:51:49Z OTEL_EXPORT SUCCESS n=2
2026-09-19T08:51:52Z OTEL_EXPORT SUCCESS n=1
2026-09-19T08:51:55Z OTEL_EXPORT SUCCESS n=1
2026-09-19T08:52:01Z OTEL_EXPORT SUCCESS n=1
2026-09-19T09:11:44Z OTEL_EXPORT SUCCESS n=1
2026-09-19T09:11:56Z OTEL_EXPORT SUCCESS n=2
2026-09-19T09:11:59Z OTEL_EXPORT SUCCESS n=6
2026-09-19T09:12:02Z OTEL_EXPORT SUCCESS n=6
2026-09-19T09:12:05Z OTEL_EXPORT SUCCESS n=3
2026-09-19T09:12:08Z OTEL_EXPORT SUCCESS n=5
2026-09-19T09:12:11Z ACTIVATED worker=fixer role=fixer otlp=https://proj-xtrace-98a0a58e103d37e424adc3fdffb5f51-cn-hangzhou.cn-hangzhou.log. grace=90.0s v3
2026-09-19T09:12:11Z OTEL_EXPORT SUCCESS n=6
2026-09-19T09:12:14Z OTEL_EXPORT SUCCESS n=4
2026-09-19T09:12:17Z OTEL_EXPORT SUCCESS n=4
2026-09-19T09:12:23Z OTEL_EXPORT SUCCESS n=3
2026-09-19T09:12:26Z OTEL_EXPORT SUCCESS n=3
2026-09-19T09:12:29Z OTEL_EXPORT SUCCESS n=4
2026-09-19T09:12:32Z OTEL_EXPORT SUCCESS n=2
2026-09-19T09:12:35Z OTEL_EXPORT SUCCESS n=1
2026-09-19T09:12:41Z OTEL_EXPORT SUCCESS n=5
2026-09-19T09:12:44Z OTEL_EXPORT SUCCESS n=1
2026-09-19T09:12:47Z OTEL_EXPORT SUCCESS n=1
2026-09-19T09:12:53Z OTEL_EXPORT SUCCESS n=1
2026-09-19T09:12:56Z OTEL_EXPORT SUCCESS n=1
2026-09-19T09:13:02Z OTEL_EXPORT SUCCESS n=1
2026-09-19T09:13:11Z OTEL_EXPORT SUCCESS n=1
2026-09-19T09:13:29Z OTEL_EXPORT SUCCESS n=2
2026-09-19T09:13:32Z OTEL_EXPORT SUCCESS n=1
2026-09-19T09:13:35Z OTEL_EXPORT SUCCESS n=1
2026-09-19T09:18:27Z OTEL_EXPORT SUCCESS n=2
2026-09-19T09:18:30Z OTEL_EXPORT SUCCESS n=2
2026-09-19T09:18:33Z OTEL_EXPORT SUCCESS n=1
2026-09-19T09:18:39Z OTEL_EXPORT SUCCESS n=1
2026-09-19T09:18:45Z OTEL_EXPORT SUCCESS n=2
2026-09-19T09:19:00Z OTEL_EXPORT SUCCESS n=2
2026-09-19T09:19:03Z OTEL_EXPORT SUCCESS n=1
2026-09-19T09:19:06Z OTEL_EXPORT SUCCESS n=1
2026-09-19T09:27:18Z OTEL_EXPORT SUCCESS n=1
2026-09-19T09:30:42Z OTEL_EXPORT SUCCESS n=2
2026-09-19T09:30:45Z OTEL_EXPORT SUCCESS n=2
2026-09-19T09:30:48Z OTEL_EXPORT SUCCESS n=1
2026-09-19T09:30:51Z OTEL_EXPORT SUCCESS n=1
2026-09-19T09:30:54Z OTEL_EXPORT SUCCESS n=1
2026-09-19T09:30:58Z OTEL_EXPORT SUCCESS n=1
2026-09-19T09:31:13Z OTEL_EXPORT SUCCESS n=2
2026-09-19T09:31:16Z OTEL_EXPORT SUCCESS n=1
