2026-09-19T07:30:17Z ACTIVATED worker=verifier role=verifier otlp=https://proj-xtrace-98a0a58e103d37e424adc3fdffb5f51-cn-hangzhou.cn-hangzhou.log. grace=90.0s v3
2026-09-19T07:31:47Z PATCH agentscope.tool._toolkit applied
2026-09-19T07:31:47Z PATCH matrix_channel applied
2026-09-19T07:31:47Z PATCH copaw_worker.hooks.tools.message applied
2026-09-19T07:31:47Z PATCH copaw_worker.hooks.tools.taskflow applied
2026-09-19T07:31:47Z PATCH copaw.providers.retry_chat_model applied
2026-09-19T07:31:47Z PATCH agentscope.model target-missing (will retry)
2026-09-19T07:31:47Z PATCH copaw.agents.react_agent applied
2026-09-19T07:32:50Z OTEL_EXPORT SUCCESS n=2
2026-09-19T07:32:54Z OTEL_EXPORT SUCCESS n=2
2026-09-19T07:33:00Z OTEL_EXPORT SUCCESS n=2
2026-09-19T07:33:03Z OTEL_EXPORT SUCCESS n=1
2026-09-19T07:33:15Z OTEL_EXPORT SUCCESS n=2
2026-09-19T07:33:18Z OTEL_EXPORT SUCCESS n=1
2026-09-19T08:05:39Z OTEL_EXPORT SUCCESS n=2
2026-09-19T08:05:42Z OTEL_EXPORT SUCCESS n=2
2026-09-19T08:05:48Z OTEL_EXPORT SUCCESS n=2
2026-09-19T08:05:57Z OTEL_EXPORT SUCCESS n=1
2026-09-19T08:06:06Z OTEL_EXPORT SUCCESS n=1
2026-09-19T08:06:09Z OTEL_EXPORT SUCCESS n=1
2026-09-19T08:06:21Z OTEL_EXPORT SUCCESS n=1
2026-09-19T08:06:24Z OTEL_EXPORT SUCCESS n=2
2026-09-19T08:06:30Z OTEL_EXPORT SUCCESS n=1
2026-09-19T08:09:43Z OTEL_EXPORT SUCCESS n=1
2026-09-19T08:09:58Z OTEL_EXPORT SUCCESS n=2
2026-09-19T08:10:01Z OTEL_EXPORT SUCCESS n=2
2026-09-19T08:10:04Z OTEL_EXPORT SUCCESS n=1
2026-09-19T08:10:10Z OTEL_EXPORT SUCCESS n=1
2026-09-19T08:10:16Z OTEL_EXPORT SUCCESS n=2
2026-09-19T08:10:31Z OTEL_EXPORT SUCCESS n=2
2026-09-19T08:10:34Z OTEL_EXPORT SUCCESS n=1
2026-09-19T08:10:37Z OTEL_EXPORT SUCCESS n=1
2026-09-19T08:10:40Z OTEL_EXPORT SUCCESS n=2
2026-09-19T08:10:43Z OTEL_EXPORT SUCCESS n=5
2026-09-19T08:10:46Z OTEL_EXPORT SUCCESS n=9
2026-09-19T08:10:49Z OTEL_EXPORT SUCCESS n=2
2026-09-19T08:10:51Z ACTIVATED worker=verifier role=verifier otlp=https://proj-xtrace-98a0a58e103d37e424adc3fdffb5f51-cn-hangzhou.cn-hangzhou.log. grace=90.0s v3
2026-09-19T08:10:52Z OTEL_EXPORT SUCCESS n=4
2026-09-19T08:10:55Z OTEL_EXPORT SUCCESS n=1
2026-09-19T08:10:58Z OTEL_EXPORT SUCCESS n=3
2026-09-19T08:10:58Z ACTIVATED worker=verifier role=verifier otlp=https://proj-xtrace-98a0a58e103d37e424adc3fdffb5f51-cn-hangzhou.cn-hangzhou.log. grace=90.0s v3
2026-09-19T08:11:01Z OTEL_EXPORT SUCCESS n=4
2026-09-19T08:11:04Z ACTIVATED worker=verifier role=verifier otlp=https://proj-xtrace-98a0a58e103d37e424adc3fdffb5f51-cn-hangzhou.cn-hangzhou.log. grace=90.0s v3
2026-09-19T08:11:04Z OTEL_EXPORT SUCCESS n=6
2026-09-19T08:11:07Z ACTIVATED worker=verifier role=verifier otlp=https://proj-xtrace-98a0a58e103d37e424adc3fdffb5f51-cn-hangzhou.cn-hangzhou.log. grace=90.0s v3
2026-09-19T08:11:07Z OTEL_EXPORT SUCCESS n=2
2026-09-19T08:11:10Z OTEL_EXPORT SUCCESS n=2
2026-09-19T08:11:10Z ACTIVATED worker=verifier role=verifier otlp=https://proj-xtrace-98a0a58e103d37e424adc3fdffb5f51-cn-hangzhou.cn-hangzhou.log. grace=90.0s v3
2026-09-19T08:11:13Z OTEL_EXPORT SUCCESS n=7
2026-09-19T08:11:16Z OTEL_EXPORT SUCCESS n=5
2026-09-19T08:11:19Z OTEL_EXPORT SUCCESS n=6
2026-09-19T08:11:22Z OTEL_EXPORT SUCCESS n=2
2026-09-19T08:11:25Z OTEL_EXPORT SUCCESS n=5
2026-09-19T08:11:28Z OTEL_EXPORT SUCCESS n=3
2026-09-19T08:11:31Z OTEL_EXPORT SUCCESS n=7
2026-09-19T08:11:34Z OTEL_EXPORT SUCCESS n=3
2026-09-19T08:11:40Z OTEL_EXPORT SUCCESS n=3
2026-09-19T08:11:43Z OTEL_EXPORT SUCCESS n=3
2026-09-19T08:11:46Z OTEL_EXPORT SUCCESS n=3
2026-09-19T08:11:49Z OTEL_EXPORT SUCCESS n=3
2026-09-19T08:11:52Z OTEL_EXPORT SUCCESS n=3
2026-09-19T08:11:55Z OTEL_EXPORT SUCCESS n=2
2026-09-19T08:11:58Z OTEL_EXPORT SUCCESS n=1
2026-09-19T08:18:02Z OTEL_EXPORT SUCCESS n=2
2026-09-19T08:18:05Z OTEL_EXPORT SUCCESS n=2
2026-09-19T08:18:11Z OTEL_EXPORT SUCCESS n=2
2026-09-19T08:18:20Z OTEL_EXPORT SUCCESS n=1
2026-09-19T08:18:23Z OTEL_EXPORT SUCCESS n=1
2026-09-19T08:18:32Z OTEL_EXPORT SUCCESS n=2
2026-09-19T08:18:41Z OTEL_EXPORT SUCCESS n=1
2026-09-19T08:18:56Z OTEL_EXPORT SUCCESS n=1
2026-09-19T08:19:05Z OTEL_EXPORT SUCCESS n=1
2026-09-19T08:19:08Z OTEL_EXPORT SUCCESS n=2
2026-09-19T08:19:14Z OTEL_EXPORT SUCCESS n=1
2026-09-19T08:30:15Z ACTIVATED worker=verifier role=verifier otlp=https://proj-xtrace-98a0a58e103d37e424adc3fdffb5f51-cn-hangzhou.cn-hangzhou.log. grace=90.0s v3
2026-09-19T08:31:45Z PATCH agentscope.tool._toolkit applied
2026-09-19T08:31:45Z PATCH matrix_channel applied
2026-09-19T08:31:45Z PATCH copaw_worker.hooks.tools.message applied
2026-09-19T08:31:45Z PATCH copaw_worker.hooks.tools.taskflow applied
2026-09-19T08:31:45Z PATCH copaw.providers.retry_chat_model applied
2026-09-19T08:31:45Z PATCH agentscope.model target-missing (will retry)
2026-09-19T08:31:45Z PATCH copaw.agents.react_agent applied
2026-09-19T08:33:54Z OTEL_EXPORT SUCCESS n=2
2026-09-19T08:33:57Z OTEL_EXPORT SUCCESS n=2
2026-09-19T08:34:00Z OTEL_EXPORT SUCCESS n=1
2026-09-19T08:34:03Z OTEL_EXPORT SUCCESS n=1
2026-09-19T08:34:06Z OTEL_EXPORT SUCCESS n=1
2026-09-19T08:34:18Z OTEL_EXPORT SUCCESS n=1
2026-09-19T08:34:24Z OTEL_EXPORT SUCCESS n=2
2026-09-19T08:34:39Z OTEL_EXPORT SUCCESS n=1
2026-09-19T08:34:42Z OTEL_EXPORT SUCCESS n=2
2026-09-19T08:34:48Z OTEL_EXPORT SUCCESS n=1
2026-09-19T08:42:53Z ACTIVATED worker=verifier role=verifier otlp=https://proj-xtrace-98a0a58e103d37e424adc3fdffb5f51-cn-hangzhou.cn-hangzhou.log. grace=90.0s v3
2026-09-19T08:44:08Z ACTIVATED worker=verifier role=verifier otlp=https://proj-xtrace-98a0a58e103d37e424adc3fdffb5f51-cn-hangzhou.cn-hangzhou.log. grace=90.0s v3
2026-09-19T08:45:38Z PATCH agentscope.tool._toolkit applied
2026-09-19T08:45:38Z PATCH matrix_channel applied
2026-09-19T08:45:38Z PATCH copaw_worker.hooks.tools.message applied
2026-09-19T08:45:38Z PATCH copaw_worker.hooks.tools.taskflow applied
2026-09-19T08:45:38Z PATCH copaw.providers.retry_chat_model applied
2026-09-19T08:45:38Z PATCH agentscope.model target-missing (will retry)
2026-09-19T08:45:38Z PATCH copaw.agents.react_agent applied
2026-09-19T08:45:56Z OTEL_EXPORT SUCCESS n=1
2026-09-19T08:46:11Z OTEL_EXPORT SUCCESS n=2
2026-09-19T08:46:14Z OTEL_EXPORT SUCCESS n=1
2026-09-19T08:46:17Z OTEL_EXPORT SUCCESS n=1
2026-09-19T08:46:23Z OTEL_EXPORT SUCCESS n=1
2026-09-19T08:46:26Z OTEL_EXPORT SUCCESS n=1
2026-09-19T08:46:29Z OTEL_EXPORT SUCCESS n=1
2026-09-19T08:46:35Z OTEL_EXPORT SUCCESS n=2
2026-09-19T08:46:50Z OTEL_EXPORT SUCCESS n=2
2026-09-19T08:46:53Z OTEL_EXPORT SUCCESS n=1
2026-09-19T08:46:56Z OTEL_EXPORT SUCCESS n=1
2026-09-19T08:46:59Z OTEL_EXPORT SUCCESS n=2
2026-09-19T08:47:02Z OTEL_EXPORT SUCCESS n=9
2026-09-19T08:47:05Z OTEL_EXPORT SUCCESS n=6
2026-09-19T08:47:08Z ACTIVATED worker=verifier role=verifier otlp=https://proj-xtrace-98a0a58e103d37e424adc3fdffb5f51-cn-hangzhou.cn-hangzhou.log. grace=90.0s v3
2026-09-19T08:47:08Z OTEL_EXPORT SUCCESS n=5
2026-09-19T08:47:11Z OTEL_EXPORT SUCCESS n=1
2026-09-19T08:47:14Z ACTIVATED worker=verifier role=verifier otlp=https://proj-xtrace-98a0a58e103d37e424adc3fdffb5f51-cn-hangzhou.cn-hangzhou.log. grace=90.0s v3
2026-09-19T08:47:14Z OTEL_EXPORT SUCCESS n=6
2026-09-19T08:47:17Z ACTIVATED worker=verifier role=verifier otlp=https://proj-xtrace-98a0a58e103d37e424adc3fdffb5f51-cn-hangzhou.cn-hangzhou.log. grace=90.0s v3
2026-09-19T08:47:17Z OTEL_EXPORT SUCCESS n=7
2026-09-19T08:47:19Z ACTIVATED worker=verifier role=verifier otlp=https://proj-xtrace-98a0a58e103d37e424adc3fdffb5f51-cn-hangzhou.cn-hangzhou.log. grace=90.0s v3
2026-09-19T08:47:20Z OTEL_EXPORT SUCCESS n=4
2026-09-19T08:47:22Z ACTIVATED worker=verifier role=verifier otlp=https://proj-xtrace-98a0a58e103d37e424adc3fdffb5f51-cn-hangzhou.cn-hangzhou.log. grace=90.0s v3
2026-09-19T08:47:23Z OTEL_EXPORT SUCCESS n=2
2026-09-19T08:47:26Z OTEL_EXPORT SUCCESS n=4
2026-09-19T08:47:32Z OTEL_EXPORT SUCCESS n=6
2026-09-19T08:47:35Z OTEL_EXPORT SUCCESS n=5
2026-09-19T08:47:41Z OTEL_EXPORT SUCCESS n=3
2026-09-19T08:47:45Z OTEL_EXPORT SUCCESS n=3
2026-09-19T08:47:48Z OTEL_EXPORT SUCCESS n=3
2026-09-19T08:47:51Z OTEL_EXPORT SUCCESS n=5
2026-09-19T08:47:54Z OTEL_EXPORT SUCCESS n=1
2026-09-19T08:47:57Z OTEL_EXPORT SUCCESS n=1
2026-09-19T08:51:06Z OTEL_EXPORT SUCCESS n=2
2026-09-19T08:51:09Z OTEL_EXPORT SUCCESS n=2
2026-09-19T08:51:12Z OTEL_EXPORT SUCCESS n=1
2026-09-19T08:51:15Z OTEL_EXPORT SUCCESS n=1
2026-09-19T08:51:18Z OTEL_EXPORT SUCCESS n=1
2026-09-19T08:51:24Z OTEL_EXPORT SUCCESS n=1
2026-09-19T08:51:33Z OTEL_EXPORT SUCCESS n=1
2026-09-19T08:51:48Z OTEL_EXPORT SUCCESS n=2
2026-09-19T08:51:51Z OTEL_EXPORT SUCCESS n=2
2026-09-19T08:51:54Z OTEL_EXPORT SUCCESS n=1
2026-09-19T08:52:00Z OTEL_EXPORT SUCCESS n=1
2026-09-19T09:11:42Z OTEL_EXPORT SUCCESS n=1
2026-09-19T09:11:57Z OTEL_EXPORT SUCCESS n=3
2026-09-19T09:12:00Z OTEL_EXPORT SUCCESS n=1
2026-09-19T09:12:03Z OTEL_EXPORT SUCCESS n=1
2026-09-19T09:12:06Z OTEL_EXPORT SUCCESS n=1
2026-09-19T09:12:09Z OTEL_EXPORT SUCCESS n=1
2026-09-19T09:12:15Z OTEL_EXPORT SUCCESS n=2
2026-09-19T09:12:30Z OTEL_EXPORT SUCCESS n=1
2026-09-19T09:12:33Z OTEL_EXPORT SUCCESS n=2
2026-09-19T09:12:36Z OTEL_EXPORT SUCCESS n=1
2026-09-19T09:12:40Z OTEL_EXPORT SUCCESS n=6
2026-09-19T09:12:43Z OTEL_EXPORT SUCCESS n=10
2026-09-19T09:12:46Z OTEL_EXPORT SUCCESS n=2
2026-09-19T09:12:46Z ACTIVATED worker=verifier role=verifier otlp=https://proj-xtrace-98a0a58e103d37e424adc3fdffb5f51-cn-hangzhou.cn-hangzhou.log. grace=90.0s v3
2026-09-19T09:12:49Z OTEL_EXPORT SUCCESS n=5
2026-09-19T09:12:52Z OTEL_EXPORT SUCCESS n=4
2026-09-19T09:12:52Z ACTIVATED worker=verifier role=verifier otlp=https://proj-xtrace-98a0a58e103d37e424adc3fdffb5f51-cn-hangzhou.cn-hangzhou.log. grace=90.0s v3
2026-09-19T09:12:55Z OTEL_EXPORT SUCCESS n=6
2026-09-19T09:12:55Z ACTIVATED worker=verifier role=verifier otlp=https://proj-xtrace-98a0a58e103d37e424adc3fdffb5f51-cn-hangzhou.cn-hangzhou.log. grace=90.0s v3
2026-09-19T09:12:58Z ACTIVATED worker=verifier role=verifier otlp=https://proj-xtrace-98a0a58e103d37e424adc3fdffb5f51-cn-hangzhou.cn-hangzhou.log. grace=90.0s v3
2026-09-19T09:12:58Z OTEL_EXPORT SUCCESS n=5
2026-09-19T09:13:00Z ACTIVATED worker=verifier role=verifier otlp=https://proj-xtrace-98a0a58e103d37e424adc3fdffb5f51-cn-hangzhou.cn-hangzhou.log. grace=90.0s v3
2026-09-19T09:13:01Z OTEL_EXPORT SUCCESS n=2
2026-09-19T09:13:04Z OTEL_EXPORT SUCCESS n=6
2026-09-19T09:13:10Z OTEL_EXPORT SUCCESS n=5
2026-09-19T09:13:13Z OTEL_EXPORT SUCCESS n=4
2026-09-19T09:13:19Z OTEL_EXPORT SUCCESS n=3
2026-09-19T09:13:22Z OTEL_EXPORT SUCCESS n=3
2026-09-19T09:13:25Z OTEL_EXPORT SUCCESS n=3
2026-09-19T09:13:28Z OTEL_EXPORT SUCCESS n=4
2026-09-19T09:13:31Z OTEL_EXPORT SUCCESS n=2
2026-09-19T09:13:37Z OTEL_EXPORT SUCCESS n=1
2026-09-19T09:18:28Z OTEL_EXPORT SUCCESS n=3
2026-09-19T09:18:31Z OTEL_EXPORT SUCCESS n=1
2026-09-19T09:18:34Z OTEL_EXPORT SUCCESS n=1
2026-09-19T09:18:40Z OTEL_EXPORT SUCCESS n=1
2026-09-19T09:18:46Z OTEL_EXPORT SUCCESS n=2
2026-09-19T09:18:58Z OTEL_EXPORT SUCCESS n=1
2026-09-19T09:19:01Z OTEL_EXPORT SUCCESS n=1
2026-09-19T09:19:04Z OTEL_EXPORT SUCCESS n=1
2026-09-19T09:19:07Z OTEL_EXPORT SUCCESS n=1
2026-09-19T09:27:16Z OTEL_EXPORT SUCCESS n=1
2026-09-19T09:30:44Z OTEL_EXPORT SUCCESS n=3
2026-09-19T09:30:47Z OTEL_EXPORT SUCCESS n=1
2026-09-19T09:30:50Z OTEL_EXPORT SUCCESS n=2
2026-09-19T09:30:56Z OTEL_EXPORT SUCCESS n=1
2026-09-19T09:30:59Z OTEL_EXPORT SUCCESS n=1
2026-09-19T09:31:14Z OTEL_EXPORT SUCCESS n=2
2026-09-19T09:31:17Z OTEL_EXPORT SUCCESS n=1
