2026-09-16T15:29:41Z ACTIVATED worker=fixer role=fixer otlp=https://proj-xtrace-98a0a58e103d37e424adc3fdffb5f51-cn-hangzhou.cn-hangzhou.log. grace=90.0s
2026-09-16T15:31:11Z PATCH agentscope.tool._toolkit applied
2026-09-16T15:31:11Z PATCH matrix_channel applied
2026-09-16T15:31:11Z PATCH copaw_worker.hooks.tools.message applied
2026-09-16T15:31:11Z PATCH copaw_worker.hooks.tools.taskflow applied
2026-09-16T15:31:11Z PATCH copaw.providers.retry_chat_model applied
2026-09-16T15:31:11Z PATCH agentscope.model applied
2026-09-16T15:31:11Z PATCH copaw.agents.react_agent applied
2026-09-16T15:33:11Z OTEL_EXPORT SUCCESS n=1
2026-09-16T15:33:14Z OTEL_EXPORT SUCCESS n=8
2026-09-16T15:35:03Z ACTIVATED worker=fixer role=fixer otlp=https://proj-xtrace-98a0a58e103d37e424adc3fdffb5f51-cn-hangzhou.cn-hangzhou.log. grace=90.0s
2026-09-16T15:35:38Z OTEL_EXPORT SUCCESS n=2
2026-09-16T15:35:41Z OTEL_EXPORT SUCCESS n=2
2026-09-16T15:35:47Z OTEL_EXPORT SUCCESS n=2
2026-09-16T15:35:50Z OTEL_EXPORT SUCCESS n=2
2026-09-16T15:45:53Z OTEL_EXPORT SUCCESS n=2
2026-09-16T15:47:20Z OTEL_EXPORT SUCCESS n=1
2026-09-16T15:47:30Z OTEL_EXPORT SUCCESS n=1
2026-09-16T15:47:33Z OTEL_EXPORT SUCCESS n=1
2026-09-16T15:47:39Z OTEL_EXPORT SUCCESS n=1
2026-09-16T15:47:42Z OTEL_EXPORT SUCCESS n=1
2026-09-16T15:47:45Z OTEL_EXPORT SUCCESS n=2
2026-09-16T15:47:51Z OTEL_EXPORT SUCCESS n=1
2026-09-16T15:48:06Z OTEL_EXPORT SUCCESS n=2
2026-09-16T15:48:09Z OTEL_EXPORT SUCCESS n=2
2026-09-16T15:48:12Z OTEL_EXPORT SUCCESS n=1
2026-09-16T15:53:54Z OTEL_EXPORT SUCCESS n=1
2026-09-16T15:54:03Z OTEL_EXPORT SUCCESS n=5
2026-09-16T15:54:06Z OTEL_EXPORT SUCCESS n=7
2026-09-16T15:54:12Z OTEL_EXPORT SUCCESS n=5
2026-09-16T15:54:15Z OTEL_EXPORT SUCCESS n=4
2026-09-16T15:54:18Z OTEL_EXPORT SUCCESS n=5
2026-09-16T15:54:18Z ACTIVATED worker=fixer role=fixer otlp=https://proj-xtrace-98a0a58e103d37e424adc3fdffb5f51-cn-hangzhou.cn-hangzhou.log. grace=90.0s
2026-09-16T15:54:21Z OTEL_EXPORT SUCCESS n=9
2026-09-16T15:54:27Z OTEL_EXPORT SUCCESS n=3
2026-09-16T15:54:30Z OTEL_EXPORT SUCCESS n=3
2026-09-16T15:54:36Z OTEL_EXPORT SUCCESS n=6
2026-09-16T15:54:39Z OTEL_EXPORT SUCCESS n=1
2026-09-16T15:54:42Z OTEL_EXPORT SUCCESS n=2
2026-09-16T15:54:45Z OTEL_EXPORT SUCCESS n=3
2026-09-16T15:54:48Z OTEL_EXPORT SUCCESS n=1
2026-09-16T15:55:12Z OTEL_EXPORT SUCCESS n=1
2026-09-16T15:55:19Z OTEL_EXPORT SUCCESS n=1
2026-09-16T15:55:25Z OTEL_EXPORT SUCCESS n=1
2026-09-16T15:55:34Z OTEL_EXPORT SUCCESS n=1
2026-09-16T15:55:49Z OTEL_EXPORT SUCCESS n=2
2026-09-16T15:55:52Z OTEL_EXPORT SUCCESS n=1
2026-09-16T15:55:55Z OTEL_EXPORT SUCCESS n=1
2026-09-16T15:55:58Z OTEL_EXPORT SUCCESS n=1
