2026-09-16T15:29:42Z ACTIVATED worker=reviewer role=reviewer otlp=https://proj-xtrace-98a0a58e103d37e424adc3fdffb5f51-cn-hangzhou.cn-hangzhou.log. grace=90.0s
2026-09-16T15:31:12Z PATCH agentscope.tool._toolkit applied
2026-09-16T15:31:12Z PATCH matrix_channel applied
2026-09-16T15:31:12Z PATCH copaw_worker.hooks.tools.message applied
2026-09-16T15:31:12Z PATCH copaw_worker.hooks.tools.taskflow applied
2026-09-16T15:31:12Z PATCH copaw.providers.retry_chat_model applied
2026-09-16T15:31:12Z PATCH agentscope.model applied
2026-09-16T15:31:12Z PATCH copaw.agents.react_agent applied
2026-09-16T15:33:12Z OTEL_EXPORT SUCCESS n=4
2026-09-16T15:33:15Z OTEL_EXPORT SUCCESS n=5
2026-09-16T15:35:01Z ACTIVATED worker=reviewer role=reviewer otlp=https://proj-xtrace-98a0a58e103d37e424adc3fdffb5f51-cn-hangzhou.cn-hangzhou.log. grace=90.0s
2026-09-16T15:35:36Z OTEL_EXPORT SUCCESS n=1
2026-09-16T15:35:39Z OTEL_EXPORT SUCCESS n=9
2026-09-16T15:35:42Z OTEL_EXPORT SUCCESS n=3
2026-09-16T15:35:45Z OTEL_EXPORT SUCCESS n=1
2026-09-16T15:35:48Z OTEL_EXPORT SUCCESS n=12
2026-09-16T15:35:51Z OTEL_EXPORT SUCCESS n=3
2026-09-16T15:45:51Z OTEL_EXPORT SUCCESS n=4
2026-09-16T15:45:53Z ACTIVATED worker=reviewer role=reviewer otlp=https://proj-xtrace-98a0a58e103d37e424adc3fdffb5f51-cn-hangzhou.cn-hangzhou.log. grace=90.0s
2026-09-16T15:45:54Z OTEL_EXPORT SUCCESS n=4
2026-09-16T15:46:06Z OTEL_EXPORT SUCCESS n=3
2026-09-16T15:46:06Z ACTIVATED worker=reviewer role=reviewer otlp=https://proj-xtrace-98a0a58e103d37e424adc3fdffb5f51-cn-hangzhou.cn-hangzhou.log. grace=90.0s
2026-09-16T15:46:24Z OTEL_EXPORT SUCCESS n=1
2026-09-16T15:46:25Z ACTIVATED worker=reviewer role=reviewer otlp=https://proj-xtrace-98a0a58e103d37e424adc3fdffb5f51-cn-hangzhou.cn-hangzhou.log. grace=90.0s
2026-09-16T15:46:27Z OTEL_EXPORT SUCCESS n=2
2026-09-16T15:46:37Z ACTIVATED worker=reviewer role=reviewer otlp=https://proj-xtrace-98a0a58e103d37e424adc3fdffb5f51-cn-hangzhou.cn-hangzhou.log. grace=90.0s
2026-09-16T15:46:39Z ACTIVATED worker=reviewer role=reviewer otlp=https://proj-xtrace-98a0a58e103d37e424adc3fdffb5f51-cn-hangzhou.cn-hangzhou.log. grace=90.0s
2026-09-16T15:46:39Z OTEL_EXPORT SUCCESS n=3
2026-09-16T15:47:16Z ACTIVATED worker=reviewer role=reviewer otlp=https://proj-xtrace-98a0a58e103d37e424adc3fdffb5f51-cn-hangzhou.cn-hangzhou.log. grace=90.0s
2026-09-16T15:47:18Z OTEL_EXPORT SUCCESS n=2
2026-09-16T15:47:19Z ACTIVATED worker=reviewer role=reviewer otlp=https://proj-xtrace-98a0a58e103d37e424adc3fdffb5f51-cn-hangzhou.cn-hangzhou.log. grace=90.0s
2026-09-16T15:47:21Z OTEL_EXPORT SUCCESS n=2
2026-09-16T15:47:25Z ACTIVATED worker=reviewer role=reviewer otlp=https://proj-xtrace-98a0a58e103d37e424adc3fdffb5f51-cn-hangzhou.cn-hangzhou.log. grace=90.0s
2026-09-16T15:47:27Z OTEL_EXPORT SUCCESS n=1
2026-09-16T15:47:28Z ACTIVATED worker=reviewer role=reviewer otlp=https://proj-xtrace-98a0a58e103d37e424adc3fdffb5f51-cn-hangzhou.cn-hangzhou.log. grace=90.0s
2026-09-16T15:47:30Z OTEL_EXPORT SUCCESS n=4
2026-09-16T15:47:33Z OTEL_EXPORT SUCCESS n=4
2026-09-16T15:47:34Z ACTIVATED worker=reviewer role=reviewer otlp=https://proj-xtrace-98a0a58e103d37e424adc3fdffb5f51-cn-hangzhou.cn-hangzhou.log. grace=90.0s
2026-09-16T15:47:36Z OTEL_EXPORT SUCCESS n=4
2026-09-16T15:47:39Z ACTIVATED worker=reviewer role=reviewer otlp=https://proj-xtrace-98a0a58e103d37e424adc3fdffb5f51-cn-hangzhou.cn-hangzhou.log. grace=90.0s
2026-09-16T15:47:39Z OTEL_EXPORT SUCCESS n=6
2026-09-16T15:47:40Z ACTIVATED worker=reviewer role=reviewer otlp=https://proj-xtrace-98a0a58e103d37e424adc3fdffb5f51-cn-hangzhou.cn-hangzhou.log. grace=90.0s
2026-09-16T15:47:42Z OTEL_EXPORT SUCCESS n=5
2026-09-16T15:47:46Z OTEL_EXPORT SUCCESS n=9
2026-09-16T15:47:46Z ACTIVATED worker=reviewer role=reviewer otlp=https://proj-xtrace-98a0a58e103d37e424adc3fdffb5f51-cn-hangzhou.cn-hangzhou.log. grace=90.0s
2026-09-16T15:47:47Z ACTIVATED worker=reviewer role=reviewer otlp=https://proj-xtrace-98a0a58e103d37e424adc3fdffb5f51-cn-hangzhou.cn-hangzhou.log. grace=90.0s
2026-09-16T15:47:49Z OTEL_EXPORT SUCCESS n=4
2026-09-16T15:47:52Z OTEL_EXPORT SUCCESS n=4
2026-09-16T15:47:55Z OTEL_EXPORT SUCCESS n=3
2026-09-16T15:47:58Z OTEL_EXPORT SUCCESS n=3
2026-09-16T15:48:01Z OTEL_EXPORT SUCCESS n=3
2026-09-16T15:48:04Z OTEL_EXPORT SUCCESS n=5
2026-09-16T15:48:07Z OTEL_EXPORT SUCCESS n=2
2026-09-16T15:48:10Z OTEL_EXPORT SUCCESS n=2
2026-09-16T15:53:55Z OTEL_EXPORT SUCCESS n=1
2026-09-16T15:54:04Z OTEL_EXPORT SUCCESS n=3
2026-09-16T15:54:07Z OTEL_EXPORT SUCCESS n=1
2026-09-16T15:54:13Z OTEL_EXPORT SUCCESS n=1
2026-09-16T15:54:16Z OTEL_EXPORT SUCCESS n=1
2026-09-16T15:54:22Z OTEL_EXPORT SUCCESS n=2
2026-09-16T15:54:34Z OTEL_EXPORT SUCCESS n=1
2026-09-16T15:54:37Z OTEL_EXPORT SUCCESS n=1
2026-09-16T15:54:40Z OTEL_EXPORT SUCCESS n=2
2026-09-16T15:54:43Z OTEL_EXPORT SUCCESS n=1
2026-09-16T15:54:46Z OTEL_EXPORT SUCCESS n=3
2026-09-16T15:54:49Z OTEL_EXPORT SUCCESS n=1
2026-09-16T15:55:13Z OTEL_EXPORT SUCCESS n=1
2026-09-16T15:55:19Z OTEL_EXPORT SUCCESS n=1
2026-09-16T15:55:25Z OTEL_EXPORT SUCCESS n=1
2026-09-16T15:55:34Z OTEL_EXPORT SUCCESS n=1
2026-09-16T15:55:49Z OTEL_EXPORT SUCCESS n=3
2026-09-16T15:55:52Z OTEL_EXPORT SUCCESS n=1
2026-09-16T15:55:58Z OTEL_EXPORT SUCCESS n=1
