2026-09-16T15:29:42Z ACTIVATED worker=verifier role=verifier otlp=https://proj-xtrace-98a0a58e103d37e424adc3fdffb5f51-cn-hangzhou.cn-hangzhou.log. grace=90.0s
2026-09-16T15:31:12Z PATCH agentscope.tool._toolkit applied
2026-09-16T15:31:12Z PATCH matrix_channel applied
2026-09-16T15:31:12Z PATCH copaw_worker.hooks.tools.message applied
2026-09-16T15:31:12Z PATCH copaw_worker.hooks.tools.taskflow applied
2026-09-16T15:31:12Z PATCH copaw.providers.retry_chat_model applied
2026-09-16T15:31:12Z PATCH agentscope.model applied
2026-09-16T15:31:12Z PATCH copaw.agents.react_agent applied
2026-09-16T15:33:12Z OTEL_EXPORT SUCCESS n=4
2026-09-16T15:33:15Z OTEL_EXPORT SUCCESS n=5
2026-09-16T15:35:05Z ACTIVATED worker=verifier role=verifier otlp=https://proj-xtrace-98a0a58e103d37e424adc3fdffb5f51-cn-hangzhou.cn-hangzhou.log. grace=90.0s
2026-09-16T15:35:36Z OTEL_EXPORT SUCCESS n=1
2026-09-16T15:35:39Z OTEL_EXPORT SUCCESS n=2
2026-09-16T15:35:42Z OTEL_EXPORT SUCCESS n=1
2026-09-16T15:35:45Z OTEL_EXPORT SUCCESS n=1
2026-09-16T15:35:48Z OTEL_EXPORT SUCCESS n=2
2026-09-16T15:35:51Z OTEL_EXPORT SUCCESS n=1
2026-09-16T15:45:52Z OTEL_EXPORT SUCCESS n=1
2026-09-16T15:45:55Z OTEL_EXPORT SUCCESS n=1
2026-09-16T15:47:19Z OTEL_EXPORT SUCCESS n=1
2026-09-16T15:47:28Z OTEL_EXPORT SUCCESS n=1
2026-09-16T15:47:34Z OTEL_EXPORT SUCCESS n=1
2026-09-16T15:47:37Z OTEL_EXPORT SUCCESS n=1
2026-09-16T15:47:43Z OTEL_EXPORT SUCCESS n=2
2026-09-16T15:47:46Z OTEL_EXPORT SUCCESS n=1
2026-09-16T15:47:49Z OTEL_EXPORT SUCCESS n=1
2026-09-16T15:48:04Z OTEL_EXPORT SUCCESS n=1
2026-09-16T15:48:07Z OTEL_EXPORT SUCCESS n=2
2026-09-16T15:48:10Z OTEL_EXPORT SUCCESS n=2
2026-09-16T15:53:55Z OTEL_EXPORT SUCCESS n=1
2026-09-16T15:54:04Z OTEL_EXPORT SUCCESS n=3
2026-09-16T15:54:07Z OTEL_EXPORT SUCCESS n=1
2026-09-16T15:54:13Z OTEL_EXPORT SUCCESS n=1
2026-09-16T15:54:16Z OTEL_EXPORT SUCCESS n=1
2026-09-16T15:54:19Z OTEL_EXPORT SUCCESS n=1
2026-09-16T15:54:22Z OTEL_EXPORT SUCCESS n=1
2026-09-16T15:54:34Z OTEL_EXPORT SUCCESS n=1
2026-09-16T15:54:37Z OTEL_EXPORT SUCCESS n=2
2026-09-16T15:54:40Z OTEL_EXPORT SUCCESS n=1
2026-09-16T15:54:44Z OTEL_EXPORT SUCCESS n=6
2026-09-16T15:54:47Z OTEL_EXPORT SUCCESS n=8
2026-09-16T15:54:50Z OTEL_EXPORT SUCCESS n=3
2026-09-16T15:54:53Z ACTIVATED worker=verifier role=verifier otlp=https://proj-xtrace-98a0a58e103d37e424adc3fdffb5f51-cn-hangzhou.cn-hangzhou.log. grace=90.0s
2026-09-16T15:54:56Z OTEL_EXPORT SUCCESS n=1
2026-09-16T15:55:11Z ACTIVATED worker=verifier role=verifier otlp=https://proj-xtrace-98a0a58e103d37e424adc3fdffb5f51-cn-hangzhou.cn-hangzhou.log. grace=90.0s
2026-09-16T15:55:14Z OTEL_EXPORT SUCCESS n=2
2026-09-16T15:55:17Z OTEL_EXPORT SUCCESS n=3
2026-09-16T15:55:17Z ACTIVATED worker=verifier role=verifier otlp=https://proj-xtrace-98a0a58e103d37e424adc3fdffb5f51-cn-hangzhou.cn-hangzhou.log. grace=90.0s
2026-09-16T15:55:20Z OTEL_EXPORT SUCCESS n=7
2026-09-16T15:55:21Z ACTIVATED worker=verifier role=verifier otlp=https://proj-xtrace-98a0a58e103d37e424adc3fdffb5f51-cn-hangzhou.cn-hangzhou.log. grace=90.0s
2026-09-16T15:55:23Z OTEL_EXPORT SUCCESS n=4
2026-09-16T15:55:24Z ACTIVATED worker=verifier role=verifier otlp=https://proj-xtrace-98a0a58e103d37e424adc3fdffb5f51-cn-hangzhou.cn-hangzhou.log. grace=90.0s
2026-09-16T15:55:26Z OTEL_EXPORT SUCCESS n=3
2026-09-16T15:55:31Z ACTIVATED worker=verifier role=verifier otlp=https://proj-xtrace-98a0a58e103d37e424adc3fdffb5f51-cn-hangzhou.cn-hangzhou.log. grace=90.0s
2026-09-16T15:55:32Z OTEL_EXPORT SUCCESS n=1
2026-09-16T15:55:35Z OTEL_EXPORT SUCCESS n=1
2026-09-16T15:55:41Z OTEL_EXPORT SUCCESS n=6
2026-09-16T15:55:44Z OTEL_EXPORT SUCCESS n=3
2026-09-16T15:55:47Z OTEL_EXPORT SUCCESS n=5
2026-09-16T15:55:50Z OTEL_EXPORT SUCCESS n=2
2026-09-16T15:55:53Z OTEL_EXPORT SUCCESS n=1
2026-09-16T15:55:59Z OTEL_EXPORT SUCCESS n=1
