2026-09-16T15:29:40Z ACTIVATED worker=leader role=leader otlp=https://proj-xtrace-98a0a58e103d37e424adc3fdffb5f51-cn-hangzhou.cn-hangzhou.log. grace=90.0s
2026-09-16T15:31:10Z PATCH agentscope.tool._toolkit applied
2026-09-16T15:31:10Z PATCH matrix_channel applied
2026-09-16T15:31:10Z PATCH copaw_worker.hooks.tools.message applied
2026-09-16T15:31:10Z PATCH copaw_worker.hooks.tools.taskflow applied
2026-09-16T15:31:10Z PATCH copaw.providers.retry_chat_model applied
2026-09-16T15:31:10Z PATCH agentscope.model applied
2026-09-16T15:31:10Z PATCH copaw.agents.react_agent applied
2026-09-16T15:33:14Z OTEL_EXPORT SUCCESS n=8
2026-09-16T15:35:00Z ACTIVATED worker=leader role=leader otlp=https://proj-xtrace-98a0a58e103d37e424adc3fdffb5f51-cn-hangzhou.cn-hangzhou.log. grace=90.0s
2026-09-16T15:35:32Z OTEL_EXPORT SUCCESS n=3
2026-09-16T15:35:35Z OTEL_EXPORT SUCCESS n=6
2026-09-16T15:35:38Z OTEL_EXPORT SUCCESS n=11
2026-09-16T15:35:41Z OTEL_EXPORT SUCCESS n=2
2026-09-16T15:35:47Z OTEL_EXPORT SUCCESS n=2
2026-09-16T15:35:50Z OTEL_EXPORT SUCCESS n=2
2026-09-16T15:38:08Z OTEL_EXPORT SUCCESS n=2
2026-09-16T15:38:11Z OTEL_EXPORT SUCCESS n=6
2026-09-16T15:45:51Z OTEL_EXPORT SUCCESS n=1
2026-09-16T15:45:54Z OTEL_EXPORT SUCCESS n=1
2026-09-16T15:47:21Z OTEL_EXPORT SUCCESS n=1
2026-09-16T15:47:30Z OTEL_EXPORT SUCCESS n=1
2026-09-16T15:47:33Z OTEL_EXPORT SUCCESS n=1
2026-09-16T15:47:36Z OTEL_EXPORT SUCCESS n=1
2026-09-16T15:47:42Z OTEL_EXPORT SUCCESS n=1
2026-09-16T15:47:45Z OTEL_EXPORT SUCCESS n=2
2026-09-16T15:47:51Z OTEL_EXPORT SUCCESS n=1
2026-09-16T15:48:03Z OTEL_EXPORT SUCCESS n=1
2026-09-16T15:48:06Z OTEL_EXPORT SUCCESS n=12
2026-09-16T15:48:09Z OTEL_EXPORT SUCCESS n=13
2026-09-16T15:48:12Z OTEL_EXPORT SUCCESS n=1
2026-09-16T15:48:15Z OTEL_EXPORT SUCCESS n=9
2026-09-16T15:53:54Z OTEL_EXPORT SUCCESS n=4
2026-09-16T15:53:57Z OTEL_EXPORT SUCCESS n=9
2026-09-16T15:54:00Z OTEL_EXPORT SUCCESS n=6
2026-09-16T15:54:03Z OTEL_EXPORT SUCCESS n=6
2026-09-16T15:54:06Z OTEL_EXPORT SUCCESS n=7
2026-09-16T15:54:12Z OTEL_EXPORT SUCCESS n=1
2026-09-16T15:54:15Z OTEL_EXPORT SUCCESS n=1
2026-09-16T15:54:21Z OTEL_EXPORT SUCCESS n=2
2026-09-16T15:54:36Z OTEL_EXPORT SUCCESS n=6
2026-09-16T15:54:39Z OTEL_EXPORT SUCCESS n=9
2026-09-16T15:54:43Z OTEL_EXPORT SUCCESS n=5
2026-09-16T15:54:46Z OTEL_EXPORT SUCCESS n=6
2026-09-16T15:54:49Z OTEL_EXPORT SUCCESS n=10
2026-09-16T15:55:13Z OTEL_EXPORT SUCCESS n=1
2026-09-16T15:55:19Z OTEL_EXPORT SUCCESS n=1
2026-09-16T15:55:25Z OTEL_EXPORT SUCCESS n=1
2026-09-16T15:55:34Z OTEL_EXPORT SUCCESS n=1
2026-09-16T15:55:49Z OTEL_EXPORT SUCCESS n=6
2026-09-16T15:55:52Z OTEL_EXPORT SUCCESS n=7
2026-09-16T15:55:55Z OTEL_EXPORT SUCCESS n=1
2026-09-16T15:55:58Z OTEL_EXPORT SUCCESS n=8
2026-09-16T15:56:01Z OTEL_EXPORT SUCCESS n=4
2026-09-16T15:56:04Z OTEL_EXPORT SUCCESS n=5
