2026-09-18T11:20:24Z ACTIVATED worker=leader role=leader otlp=https://proj-xtrace-98a0a58e103d37e424adc3fdffb5f51-cn-hangzhou.cn-hangzhou.log. grace=90.0s v3
2026-09-18T11:21:54Z PATCH agentscope.tool._toolkit applied
2026-09-18T11:21:54Z PATCH matrix_channel applied
2026-09-18T11:21:54Z PATCH copaw_worker.hooks.tools.message applied
2026-09-18T11:21:54Z PATCH copaw_worker.hooks.tools.taskflow applied
2026-09-18T11:21:54Z PATCH copaw.providers.retry_chat_model applied
2026-09-18T11:21:54Z PATCH agentscope.model target-missing (will retry)
2026-09-18T11:21:54Z PATCH copaw.agents.react_agent applied
2026-09-18T11:24:54Z GENAI_HANDLER loongsuite extended handler active
2026-09-18T11:24:57Z OTEL_EXPORT SUCCESS n=6
2026-09-18T11:25:00Z OTEL_EXPORT SUCCESS n=7
2026-09-18T11:25:03Z OTEL_EXPORT SUCCESS n=5
2026-09-18T11:25:06Z OTEL_EXPORT SUCCESS n=1
2026-09-18T11:25:09Z OTEL_EXPORT SUCCESS n=1
2026-09-18T11:25:12Z OTEL_EXPORT SUCCESS n=2
2026-09-18T11:25:18Z OTEL_EXPORT SUCCESS n=1
2026-09-18T11:25:21Z OTEL_EXPORT SUCCESS n=2
2026-09-18T11:25:54Z OTEL_EXPORT SUCCESS n=1
2026-09-18T11:26:00Z OTEL_EXPORT SUCCESS n=1
2026-09-18T11:26:03Z OTEL_EXPORT SUCCESS n=1
2026-09-18T11:26:06Z OTEL_EXPORT SUCCESS n=1
2026-09-18T11:26:09Z OTEL_EXPORT SUCCESS n=2
2026-09-18T11:26:24Z OTEL_EXPORT SUCCESS n=1
2026-09-18T11:26:27Z OTEL_EXPORT SUCCESS n=13
2026-09-18T11:26:30Z OTEL_EXPORT SUCCESS n=7
2026-09-18T11:26:33Z OTEL_EXPORT SUCCESS n=3
2026-09-18T11:26:36Z OTEL_EXPORT SUCCESS n=3
2026-09-18T11:28:52Z OTEL_EXPORT SUCCESS n=1
2026-09-18T11:28:55Z OTEL_EXPORT SUCCESS n=4
2026-09-18T11:28:58Z OTEL_EXPORT SUCCESS n=2
2026-09-18T11:34:01Z OTEL_EXPORT SUCCESS n=1
2026-09-18T11:34:04Z OTEL_EXPORT SUCCESS n=6
2026-09-18T11:34:07Z OTEL_EXPORT SUCCESS n=9
2026-09-18T11:34:10Z OTEL_EXPORT SUCCESS n=3
2026-09-18T11:34:13Z OTEL_EXPORT SUCCESS n=7
2026-09-18T11:34:16Z OTEL_EXPORT SUCCESS n=2
2026-09-18T11:34:19Z OTEL_EXPORT SUCCESS n=1
2026-09-18T11:34:25Z OTEL_EXPORT SUCCESS n=1
2026-09-18T11:34:28Z OTEL_EXPORT SUCCESS n=1
2026-09-18T11:34:31Z OTEL_EXPORT SUCCESS n=2
2026-09-18T11:34:37Z OTEL_EXPORT SUCCESS n=1
2026-09-18T11:34:40Z OTEL_EXPORT SUCCESS n=2
2026-09-18T11:34:43Z OTEL_EXPORT SUCCESS n=1
2026-09-18T11:34:46Z OTEL_EXPORT SUCCESS n=2
2026-09-18T11:35:01Z OTEL_EXPORT SUCCESS n=7
2026-09-18T11:35:04Z OTEL_EXPORT SUCCESS n=4
2026-09-18T11:35:07Z OTEL_EXPORT SUCCESS n=6
2026-09-18T11:35:10Z OTEL_EXPORT SUCCESS n=9
2026-09-18T11:35:13Z OTEL_EXPORT SUCCESS n=4
2026-09-18T11:35:16Z OTEL_EXPORT SUCCESS n=4
2026-09-18T11:35:22Z OTEL_EXPORT SUCCESS n=1
2026-09-18T11:35:28Z OTEL_EXPORT SUCCESS n=1
2026-09-18T11:35:34Z OTEL_EXPORT SUCCESS n=1
2026-09-18T11:35:37Z OTEL_EXPORT SUCCESS n=1
2026-09-18T11:35:43Z OTEL_EXPORT SUCCESS n=1
2026-09-18T11:35:46Z OTEL_EXPORT SUCCESS n=1
2026-09-18T11:35:49Z OTEL_EXPORT SUCCESS n=2
2026-09-18T11:36:04Z OTEL_EXPORT SUCCESS n=1
2026-09-18T11:36:07Z OTEL_EXPORT SUCCESS n=10
2026-09-18T11:36:10Z OTEL_EXPORT SUCCESS n=4
2026-09-18T11:36:13Z OTEL_EXPORT SUCCESS n=3
2026-09-18T11:36:16Z OTEL_EXPORT SUCCESS n=6
2026-09-18T11:36:19Z OTEL_EXPORT SUCCESS n=6
2026-09-18T11:38:53Z OTEL_EXPORT SUCCESS n=1
2026-09-18T11:38:56Z OTEL_EXPORT SUCCESS n=6
2026-09-18T11:40:50Z OTEL_EXPORT SUCCESS n=3
2026-09-18T11:40:53Z OTEL_EXPORT SUCCESS n=3
2026-09-18T11:40:56Z OTEL_EXPORT SUCCESS n=6
2026-09-18T11:40:59Z OTEL_EXPORT SUCCESS n=4
2026-09-18T11:41:02Z OTEL_EXPORT SUCCESS n=5
2026-09-18T11:41:05Z OTEL_EXPORT SUCCESS n=1
2026-09-18T11:41:08Z OTEL_EXPORT SUCCESS n=1
2026-09-18T11:41:11Z OTEL_EXPORT SUCCESS n=2
2026-09-18T11:41:17Z OTEL_EXPORT SUCCESS n=2
2026-09-18T11:41:23Z OTEL_EXPORT SUCCESS n=1
2026-09-18T11:41:32Z OTEL_EXPORT SUCCESS n=2
2026-09-18T11:41:50Z OTEL_EXPORT SUCCESS n=7
2026-09-18T11:41:53Z OTEL_EXPORT SUCCESS n=10
2026-09-18T11:41:56Z OTEL_EXPORT SUCCESS n=4
2026-09-18T11:41:59Z OTEL_EXPORT SUCCESS n=3
2026-09-18T11:42:02Z OTEL_EXPORT SUCCESS n=3
2026-09-18T11:43:17Z OTEL_EXPORT SUCCESS n=4
2026-09-18T11:43:20Z OTEL_EXPORT SUCCESS n=8
2026-09-18T11:43:23Z OTEL_EXPORT SUCCESS n=6
2026-09-18T11:43:26Z OTEL_EXPORT SUCCESS n=3
