2026-09-18T11:20:25Z ACTIVATED worker=reviewer role=reviewer otlp=https://proj-xtrace-98a0a58e103d37e424adc3fdffb5f51-cn-hangzhou.cn-hangzhou.log. grace=90.0s v3
2026-09-18T11:21:55Z PATCH agentscope.tool._toolkit applied
2026-09-18T11:21:55Z PATCH matrix_channel applied
2026-09-18T11:21:55Z PATCH copaw_worker.hooks.tools.message applied
2026-09-18T11:21:55Z PATCH copaw_worker.hooks.tools.taskflow applied
2026-09-18T11:21:55Z PATCH copaw.providers.retry_chat_model applied
2026-09-18T11:21:55Z PATCH agentscope.model target-missing (will retry)
2026-09-18T11:21:55Z PATCH copaw.agents.react_agent applied
2026-09-18T11:24:59Z LINK_SPAN_TRACE trace=14fb017c03df5dedcb6ea76a0c677ed7 parent_trace=14fb017c03df5dedcb6ea76a0c677ed7
2026-09-18T11:25:01Z GENAI_HANDLER loongsuite extended handler active
2026-09-18T11:25:01Z OTEL_EXPORT SUCCESS n=6
2026-09-18T11:25:04Z OTEL_EXPORT SUCCESS n=8
2026-09-18T11:25:07Z OTEL_EXPORT SUCCESS n=2
2026-09-18T11:25:10Z OTEL_EXPORT SUCCESS n=8
2026-09-18T11:25:13Z OTEL_EXPORT SUCCESS n=4
2026-09-18T11:25:16Z OTEL_EXPORT SUCCESS n=3
2026-09-18T11:25:19Z OTEL_EXPORT SUCCESS n=4
2026-09-18T11:25:21Z ACTIVATED worker=reviewer role=reviewer otlp=https://proj-xtrace-98a0a58e103d37e424adc3fdffb5f51-cn-hangzhou.cn-hangzhou.log. grace=90.0s v3
2026-09-18T11:25:22Z OTEL_EXPORT SUCCESS n=6
2026-09-18T11:25:28Z ACTIVATED worker=reviewer role=reviewer otlp=https://proj-xtrace-98a0a58e103d37e424adc3fdffb5f51-cn-hangzhou.cn-hangzhou.log. grace=90.0s v3
2026-09-18T11:25:28Z OTEL_EXPORT SUCCESS n=2
2026-09-18T11:25:30Z ACTIVATED worker=reviewer role=reviewer otlp=https://proj-xtrace-98a0a58e103d37e424adc3fdffb5f51-cn-hangzhou.cn-hangzhou.log. grace=90.0s v3
2026-09-18T11:25:31Z OTEL_EXPORT SUCCESS n=1
2026-09-18T11:25:35Z ACTIVATED worker=reviewer role=reviewer otlp=https://proj-xtrace-98a0a58e103d37e424adc3fdffb5f51-cn-hangzhou.cn-hangzhou.log. grace=90.0s v3
2026-09-18T11:25:39Z ACTIVATED worker=reviewer role=reviewer otlp=https://proj-xtrace-98a0a58e103d37e424adc3fdffb5f51-cn-hangzhou.cn-hangzhou.log. grace=90.0s v3
2026-09-18T11:25:40Z OTEL_EXPORT SUCCESS n=2
2026-09-18T11:25:41Z ACTIVATED worker=reviewer role=reviewer otlp=https://proj-xtrace-98a0a58e103d37e424adc3fdffb5f51-cn-hangzhou.cn-hangzhou.log. grace=90.0s v3
2026-09-18T11:25:44Z OTEL_EXPORT SUCCESS n=1
2026-09-18T11:25:51Z ACTIVATED worker=reviewer role=reviewer otlp=https://proj-xtrace-98a0a58e103d37e424adc3fdffb5f51-cn-hangzhou.cn-hangzhou.log. grace=90.0s v3
2026-09-18T11:25:53Z OTEL_EXPORT SUCCESS n=3
2026-09-18T11:25:53Z ACTIVATED worker=reviewer role=reviewer otlp=https://proj-xtrace-98a0a58e103d37e424adc3fdffb5f51-cn-hangzhou.cn-hangzhou.log. grace=90.0s v3
2026-09-18T11:25:55Z ACTIVATED worker=reviewer role=reviewer otlp=https://proj-xtrace-98a0a58e103d37e424adc3fdffb5f51-cn-hangzhou.cn-hangzhou.log. grace=90.0s v3
2026-09-18T11:25:56Z OTEL_EXPORT SUCCESS n=1
2026-09-18T11:25:59Z OTEL_EXPORT SUCCESS n=3
2026-09-18T11:26:01Z ACTIVATED worker=reviewer role=reviewer otlp=https://proj-xtrace-98a0a58e103d37e424adc3fdffb5f51-cn-hangzhou.cn-hangzhou.log. grace=90.0s v3
2026-09-18T11:26:02Z OTEL_EXPORT SUCCESS n=6
2026-09-18T11:26:05Z OTEL_EXPORT SUCCESS n=6
2026-09-18T11:26:08Z OTEL_EXPORT SUCCESS n=8
2026-09-18T11:26:11Z OTEL_EXPORT SUCCESS n=4
2026-09-18T11:26:17Z OTEL_EXPORT SUCCESS n=3
2026-09-18T11:26:20Z OTEL_EXPORT SUCCESS n=3
2026-09-18T11:26:23Z OTEL_EXPORT SUCCESS n=3
2026-09-18T11:26:26Z OTEL_EXPORT SUCCESS n=5
2026-09-18T11:26:29Z OTEL_EXPORT SUCCESS n=2
2026-09-18T11:26:32Z OTEL_EXPORT SUCCESS n=1
2026-09-18T11:34:02Z OTEL_EXPORT SUCCESS n=1
2026-09-18T11:34:10Z LINK_SPAN_TRACE trace=8e7e3b9ec4539609771d519062f0c843 parent_trace=8e7e3b9ec4539609771d519062f0c843
2026-09-18T11:34:11Z OTEL_EXPORT SUCCESS n=2
2026-09-18T11:34:14Z OTEL_EXPORT SUCCESS n=1
2026-09-18T11:34:17Z OTEL_EXPORT SUCCESS n=1
2026-09-18T11:34:20Z OTEL_EXPORT SUCCESS n=1
2026-09-18T11:34:23Z OTEL_EXPORT SUCCESS n=1
2026-09-18T11:34:29Z OTEL_EXPORT SUCCESS n=2
2026-09-18T11:34:32Z OTEL_EXPORT SUCCESS n=1
2026-09-18T11:34:38Z OTEL_EXPORT SUCCESS n=2
2026-09-18T11:34:41Z OTEL_EXPORT SUCCESS n=2
2026-09-18T11:34:47Z OTEL_EXPORT SUCCESS n=2
2026-09-18T11:34:59Z OTEL_EXPORT SUCCESS n=1
2026-09-18T11:35:02Z OTEL_EXPORT SUCCESS n=2
2026-09-18T11:35:08Z LINK_SPAN_TRACE trace=5be6d5ba91a6f7b4b4618574e357f2e8 parent_trace=5be6d5ba91a6f7b4b4618574e357f2e8
2026-09-18T11:35:08Z OTEL_EXPORT SUCCESS n=3
2026-09-18T11:35:11Z OTEL_EXPORT SUCCESS n=3
2026-09-18T11:35:14Z OTEL_EXPORT SUCCESS n=1
2026-09-18T11:35:23Z OTEL_EXPORT SUCCESS n=1
2026-09-18T11:35:30Z OTEL_EXPORT SUCCESS n=1
2026-09-18T11:35:33Z OTEL_EXPORT SUCCESS n=1
2026-09-18T11:35:39Z OTEL_EXPORT SUCCESS n=1
2026-09-18T11:35:42Z OTEL_EXPORT SUCCESS n=1
2026-09-18T11:35:48Z OTEL_EXPORT SUCCESS n=2
2026-09-18T11:35:51Z OTEL_EXPORT SUCCESS n=1
2026-09-18T11:36:06Z OTEL_EXPORT SUCCESS n=2
2026-09-18T11:36:09Z OTEL_EXPORT SUCCESS n=1
2026-09-18T11:36:12Z OTEL_EXPORT SUCCESS n=1
2026-09-18T11:36:18Z OTEL_EXPORT SUCCESS n=1
2026-09-18T11:40:57Z LINK_SPAN_TRACE trace=391772cf3fa96969ddd1f0b8b2a4449c parent_trace=391772cf3fa96969ddd1f0b8b2a4449c
2026-09-18T11:41:00Z OTEL_EXPORT SUCCESS n=6
2026-09-18T11:41:03Z OTEL_EXPORT SUCCESS n=8
2026-09-18T11:41:06Z OTEL_EXPORT SUCCESS n=2
2026-09-18T11:41:09Z OTEL_EXPORT SUCCESS n=8
2026-09-18T11:41:12Z OTEL_EXPORT SUCCESS n=1
2026-09-18T11:41:15Z OTEL_EXPORT SUCCESS n=7
2026-09-18T11:41:17Z ACTIVATED worker=reviewer role=reviewer otlp=https://proj-xtrace-98a0a58e103d37e424adc3fdffb5f51-cn-hangzhou.cn-hangzhou.log. grace=90.0s v3
2026-09-18T11:41:18Z ACTIVATED worker=reviewer role=reviewer otlp=https://proj-xtrace-98a0a58e103d37e424adc3fdffb5f51-cn-hangzhou.cn-hangzhou.log. grace=90.0s v3
2026-09-18T11:41:18Z OTEL_EXPORT SUCCESS n=2
2026-09-18T11:41:21Z OTEL_EXPORT SUCCESS n=3
2026-09-18T11:41:22Z ACTIVATED worker=reviewer role=reviewer otlp=https://proj-xtrace-98a0a58e103d37e424adc3fdffb5f51-cn-hangzhou.cn-hangzhou.log. grace=90.0s v3
2026-09-18T11:41:24Z OTEL_EXPORT SUCCESS n=3
2026-09-18T11:41:27Z OTEL_EXPORT SUCCESS n=3
2026-09-18T11:41:28Z ACTIVATED worker=reviewer role=reviewer otlp=https://proj-xtrace-98a0a58e103d37e424adc3fdffb5f51-cn-hangzhou.cn-hangzhou.log. grace=90.0s v3
2026-09-18T11:41:30Z OTEL_EXPORT SUCCESS n=7
2026-09-18T11:41:33Z OTEL_EXPORT SUCCESS n=4
2026-09-18T11:41:39Z OTEL_EXPORT SUCCESS n=3
2026-09-18T11:41:42Z OTEL_EXPORT SUCCESS n=3
2026-09-18T11:41:45Z OTEL_EXPORT SUCCESS n=3
2026-09-18T11:41:49Z OTEL_EXPORT SUCCESS n=4
2026-09-18T11:41:52Z OTEL_EXPORT SUCCESS n=2
2026-09-18T11:41:55Z OTEL_EXPORT SUCCESS n=1
2026-09-18T11:41:58Z OTEL_EXPORT SUCCESS n=1
2026-09-18T11:43:16Z OTEL_EXPORT SUCCESS n=1
