2026-09-18T11:20:26Z ACTIVATED worker=fixer role=fixer otlp=https://proj-xtrace-98a0a58e103d37e424adc3fdffb5f51-cn-hangzhou.cn-hangzhou.log. grace=90.0s v3
2026-09-18T11:21:56Z PATCH agentscope.tool._toolkit applied
2026-09-18T11:21:56Z PATCH matrix_channel applied
2026-09-18T11:21:56Z PATCH copaw_worker.hooks.tools.message applied
2026-09-18T11:21:56Z PATCH copaw_worker.hooks.tools.taskflow applied
2026-09-18T11:21:56Z PATCH copaw.providers.retry_chat_model applied
2026-09-18T11:21:56Z PATCH agentscope.model target-missing (will retry)
2026-09-18T11:21:56Z PATCH copaw.agents.react_agent applied
2026-09-18T11:24:59Z LINK_SPAN_TRACE trace=14fb017c03df5dedcb6ea76a0c677ed7 parent_trace=14fb017c03df5dedcb6ea76a0c677ed7
2026-09-18T11:25:02Z OTEL_EXPORT SUCCESS n=4
2026-09-18T11:25:05Z OTEL_EXPORT SUCCESS n=1
2026-09-18T11:25:08Z OTEL_EXPORT SUCCESS n=1
2026-09-18T11:25:11Z OTEL_EXPORT SUCCESS n=1
2026-09-18T11:25:14Z OTEL_EXPORT SUCCESS n=1
2026-09-18T11:25:17Z OTEL_EXPORT SUCCESS n=1
2026-09-18T11:25:20Z OTEL_EXPORT SUCCESS n=1
2026-09-18T11:25:23Z OTEL_EXPORT SUCCESS n=1
2026-09-18T11:25:53Z OTEL_EXPORT SUCCESS n=1
2026-09-18T11:25:59Z OTEL_EXPORT SUCCESS n=1
2026-09-18T11:26:05Z OTEL_EXPORT SUCCESS n=2
2026-09-18T11:26:09Z OTEL_EXPORT SUCCESS n=2
2026-09-18T11:26:24Z OTEL_EXPORT SUCCESS n=1
2026-09-18T11:26:27Z OTEL_EXPORT SUCCESS n=2
2026-09-18T11:26:30Z OTEL_EXPORT SUCCESS n=1
2026-09-18T11:26:33Z OTEL_EXPORT SUCCESS n=1
2026-09-18T11:34:03Z OTEL_EXPORT SUCCESS n=1
2026-09-18T11:34:10Z LINK_SPAN_TRACE trace=8e7e3b9ec4539609771d519062f0c843 parent_trace=8e7e3b9ec4539609771d519062f0c843
2026-09-18T11:34:12Z OTEL_EXPORT SUCCESS n=2
2026-09-18T11:34:13Z GENAI_HANDLER loongsuite extended handler active
2026-09-18T11:34:15Z OTEL_EXPORT SUCCESS n=6
2026-09-18T11:34:18Z OTEL_EXPORT SUCCESS n=2
2026-09-18T11:34:21Z OTEL_EXPORT SUCCESS n=7
2026-09-18T11:34:24Z OTEL_EXPORT SUCCESS n=4
2026-09-18T11:34:26Z ACTIVATED worker=fixer role=fixer otlp=https://proj-xtrace-98a0a58e103d37e424adc3fdffb5f51-cn-hangzhou.cn-hangzhou.log. grace=90.0s v3
2026-09-18T11:34:27Z OTEL_EXPORT SUCCESS n=6
2026-09-18T11:34:30Z OTEL_EXPORT SUCCESS n=11
2026-09-18T11:34:33Z OTEL_EXPORT SUCCESS n=1
2026-09-18T11:34:36Z OTEL_EXPORT SUCCESS n=7
2026-09-18T11:34:39Z OTEL_EXPORT SUCCESS n=7
2026-09-18T11:34:42Z OTEL_EXPORT SUCCESS n=5
2026-09-18T11:34:45Z OTEL_EXPORT SUCCESS n=7
2026-09-18T11:34:48Z OTEL_EXPORT SUCCESS n=4
2026-09-18T11:34:54Z OTEL_EXPORT SUCCESS n=3
2026-09-18T11:34:57Z OTEL_EXPORT SUCCESS n=3
2026-09-18T11:35:00Z OTEL_EXPORT SUCCESS n=4
2026-09-18T11:35:03Z OTEL_EXPORT SUCCESS n=2
2026-09-18T11:35:06Z OTEL_EXPORT SUCCESS n=1
2026-09-18T11:35:08Z LINK_SPAN_TRACE trace=5be6d5ba91a6f7b4b4618574e357f2e8 parent_trace=5be6d5ba91a6f7b4b4618574e357f2e8
2026-09-18T11:35:09Z OTEL_EXPORT SUCCESS n=2
2026-09-18T11:35:12Z OTEL_EXPORT SUCCESS n=3
2026-09-18T11:35:15Z OTEL_EXPORT SUCCESS n=1
2026-09-18T11:35:24Z OTEL_EXPORT SUCCESS n=1
2026-09-18T11:35:30Z OTEL_EXPORT SUCCESS n=1
2026-09-18T11:35:33Z OTEL_EXPORT SUCCESS n=1
2026-09-18T11:35:39Z OTEL_EXPORT SUCCESS n=1
2026-09-18T11:35:42Z OTEL_EXPORT SUCCESS n=1
2026-09-18T11:35:45Z OTEL_EXPORT SUCCESS n=1
2026-09-18T11:35:48Z OTEL_EXPORT SUCCESS n=1
2026-09-18T11:35:51Z OTEL_EXPORT SUCCESS n=1
2026-09-18T11:36:06Z OTEL_EXPORT SUCCESS n=2
2026-09-18T11:36:10Z OTEL_EXPORT SUCCESS n=1
2026-09-18T11:36:13Z OTEL_EXPORT SUCCESS n=1
2026-09-18T11:36:16Z OTEL_EXPORT SUCCESS n=1
2026-09-18T11:40:57Z LINK_SPAN_TRACE trace=391772cf3fa96969ddd1f0b8b2a4449c parent_trace=391772cf3fa96969ddd1f0b8b2a4449c
2026-09-18T11:40:58Z OTEL_EXPORT SUCCESS n=2
2026-09-18T11:41:01Z OTEL_EXPORT SUCCESS n=2
2026-09-18T11:41:04Z OTEL_EXPORT SUCCESS n=1
2026-09-18T11:41:07Z OTEL_EXPORT SUCCESS n=1
2026-09-18T11:41:10Z OTEL_EXPORT SUCCESS n=2
2026-09-18T11:41:16Z OTEL_EXPORT SUCCESS n=1
2026-09-18T11:41:19Z OTEL_EXPORT SUCCESS n=1
2026-09-18T11:41:22Z OTEL_EXPORT SUCCESS n=1
2026-09-18T11:41:31Z OTEL_EXPORT SUCCESS n=2
2026-09-18T11:41:49Z OTEL_EXPORT SUCCESS n=2
2026-09-18T11:41:52Z OTEL_EXPORT SUCCESS n=1
2026-09-18T11:41:55Z OTEL_EXPORT SUCCESS n=1
2026-09-18T11:41:58Z OTEL_EXPORT SUCCESS n=1
2026-09-18T11:43:17Z OTEL_EXPORT SUCCESS n=1
