2026-09-17T02:59:26Z ACTIVATED worker=leader role=leader otlp=https://proj-xtrace-98a0a58e103d37e424adc3fdffb5f51-cn-hangzhou.cn-hangzhou.log. grace=90.0s v3
2026-09-17T03:00:56Z PATCH agentscope.tool._toolkit applied
2026-09-17T03:00:56Z PATCH matrix_channel applied
2026-09-17T03:00:56Z PATCH copaw_worker.hooks.tools.message applied
2026-09-17T03:00:56Z PATCH copaw_worker.hooks.tools.taskflow applied
2026-09-17T03:00:56Z PATCH copaw.providers.retry_chat_model applied
2026-09-17T03:00:56Z PATCH agentscope.model target-missing (will retry)
2026-09-17T03:00:56Z PATCH copaw.agents.react_agent applied
2026-09-17T03:02:02Z GENAI_HANDLER loongsuite extended handler active
2026-09-17T03:02:05Z OTEL_EXPORT SUCCESS n=7
2026-09-17T03:02:44Z OTEL_EXPORT SUCCESS n=4
2026-09-17T03:02:50Z OTEL_EXPORT SUCCESS n=6
2026-09-17T03:02:53Z OTEL_EXPORT SUCCESS n=7
2026-09-17T03:02:56Z OTEL_EXPORT SUCCESS n=5
2026-09-17T03:02:59Z OTEL_EXPORT SUCCESS n=1
2026-09-17T03:03:02Z OTEL_EXPORT SUCCESS n=1
2026-09-17T03:03:05Z OTEL_EXPORT SUCCESS n=1
2026-09-17T03:03:08Z OTEL_EXPORT SUCCESS n=2
2026-09-17T03:08:08Z OTEL_EXPORT SUCCESS n=1
2026-09-17T03:08:11Z OTEL_EXPORT SUCCESS n=4
2026-09-17T03:08:14Z OTEL_EXPORT SUCCESS n=3
2026-09-17T03:09:39Z OTEL_EXPORT SUCCESS n=4
2026-09-17T03:11:45Z OTEL_EXPORT SUCCESS n=1
2026-09-17T03:12:15Z OTEL_EXPORT SUCCESS n=1
2026-09-17T03:12:18Z OTEL_EXPORT SUCCESS n=1
2026-09-17T03:12:21Z OTEL_EXPORT SUCCESS n=1
2026-09-17T03:12:24Z OTEL_EXPORT SUCCESS n=1
2026-09-17T03:12:27Z OTEL_EXPORT SUCCESS n=1
2026-09-17T03:12:42Z OTEL_EXPORT SUCCESS n=2
2026-09-17T03:12:45Z OTEL_EXPORT SUCCESS n=12
2026-09-17T03:12:48Z OTEL_EXPORT SUCCESS n=7
2026-09-17T03:12:51Z OTEL_EXPORT SUCCESS n=3
2026-09-17T03:12:54Z OTEL_EXPORT SUCCESS n=4
2026-09-17T03:13:27Z OTEL_EXPORT SUCCESS n=4
2026-09-17T03:13:30Z OTEL_EXPORT SUCCESS n=9
2026-09-17T03:13:33Z OTEL_EXPORT SUCCESS n=6
2026-09-17T03:13:36Z OTEL_EXPORT SUCCESS n=4
2026-09-17T03:13:39Z OTEL_EXPORT SUCCESS n=6
2026-09-17T03:13:42Z OTEL_EXPORT SUCCESS n=1
2026-09-17T03:13:45Z OTEL_EXPORT SUCCESS n=1
2026-09-17T03:13:48Z OTEL_EXPORT SUCCESS n=1
2026-09-17T03:13:51Z OTEL_EXPORT SUCCESS n=1
2026-09-17T03:13:54Z OTEL_EXPORT SUCCESS n=1
2026-09-17T03:13:57Z OTEL_EXPORT SUCCESS n=1
2026-09-17T03:14:09Z OTEL_EXPORT SUCCESS n=7
2026-09-17T03:14:12Z OTEL_EXPORT SUCCESS n=9
2026-09-17T03:14:15Z OTEL_EXPORT SUCCESS n=1
2026-09-17T03:14:19Z OTEL_EXPORT SUCCESS n=8
2026-09-17T03:14:22Z OTEL_EXPORT SUCCESS n=5
2026-09-17T03:14:25Z OTEL_EXPORT SUCCESS n=5
2026-09-17T03:14:34Z OTEL_EXPORT SUCCESS n=1
2026-09-17T03:14:43Z OTEL_EXPORT SUCCESS n=1
2026-09-17T03:14:46Z OTEL_EXPORT SUCCESS n=1
2026-09-17T03:14:52Z OTEL_EXPORT SUCCESS n=2
2026-09-17T03:15:07Z OTEL_EXPORT SUCCESS n=7
2026-09-17T03:15:10Z OTEL_EXPORT SUCCESS n=7
2026-09-17T03:15:13Z OTEL_EXPORT SUCCESS n=1
2026-09-17T03:15:16Z OTEL_EXPORT SUCCESS n=9
2026-09-17T03:15:19Z OTEL_EXPORT SUCCESS n=3
2026-09-17T03:15:22Z OTEL_EXPORT SUCCESS n=4
2026-09-17T03:18:07Z OTEL_EXPORT SUCCESS n=5
2026-09-17T03:18:10Z OTEL_EXPORT SUCCESS n=3
2026-09-17T03:19:01Z OTEL_EXPORT SUCCESS n=4
2026-09-17T03:19:07Z OTEL_EXPORT SUCCESS n=9
2026-09-17T03:19:10Z OTEL_EXPORT SUCCESS n=9
2026-09-17T03:19:13Z OTEL_EXPORT SUCCESS n=2
2026-09-17T03:19:19Z OTEL_EXPORT SUCCESS n=2
2026-09-17T03:19:25Z OTEL_EXPORT SUCCESS n=1
2026-09-17T03:19:28Z OTEL_EXPORT SUCCESS n=1
2026-09-17T03:19:31Z OTEL_EXPORT SUCCESS n=1
2026-09-17T03:19:46Z OTEL_EXPORT SUCCESS n=7
2026-09-17T03:19:49Z OTEL_EXPORT SUCCESS n=10
2026-09-17T03:19:52Z OTEL_EXPORT SUCCESS n=4
2026-09-17T03:19:55Z OTEL_EXPORT SUCCESS n=7
2026-09-17T03:21:04Z OTEL_EXPORT SUCCESS n=1
2026-09-17T03:21:07Z OTEL_EXPORT SUCCESS n=8
2026-09-17T03:21:10Z OTEL_EXPORT SUCCESS n=6
2026-09-17T03:21:13Z OTEL_EXPORT SUCCESS n=3
2026-09-17T03:21:16Z OTEL_EXPORT SUCCESS n=4
