2026-09-17T02:59:25Z ACTIVATED worker=reviewer role=reviewer otlp=https://proj-xtrace-98a0a58e103d37e424adc3fdffb5f51-cn-hangzhou.cn-hangzhou.log. grace=90.0s v3
2026-09-17T03:00:57Z PATCH agentscope.tool._toolkit applied
2026-09-17T03:00:57Z PATCH matrix_channel applied
2026-09-17T03:00:57Z PATCH copaw_worker.hooks.tools.message applied
2026-09-17T03:00:57Z PATCH copaw_worker.hooks.tools.taskflow applied
2026-09-17T03:00:57Z PATCH copaw.providers.retry_chat_model applied
2026-09-17T03:00:57Z PATCH agentscope.model target-missing (will retry)
2026-09-17T03:00:57Z PATCH copaw.agents.react_agent applied
2026-09-17T03:02:55Z OTEL_EXPORT SUCCESS n=2
2026-09-17T03:02:56Z GENAI_HANDLER loongsuite extended handler active
2026-09-17T03:02:58Z OTEL_EXPORT SUCCESS n=10
2026-09-17T03:03:01Z OTEL_EXPORT SUCCESS n=2
2026-09-17T03:03:04Z OTEL_EXPORT SUCCESS n=6
2026-09-17T03:03:07Z OTEL_EXPORT SUCCESS n=6
2026-09-17T03:03:07Z ACTIVATED worker=reviewer role=reviewer otlp=https://proj-xtrace-98a0a58e103d37e424adc3fdffb5f51-cn-hangzhou.cn-hangzhou.log. grace=90.0s v3
2026-09-17T03:03:16Z ACTIVATED worker=reviewer role=reviewer otlp=https://proj-xtrace-98a0a58e103d37e424adc3fdffb5f51-cn-hangzhou.cn-hangzhou.log. grace=90.0s v3
2026-09-17T03:03:19Z OTEL_EXPORT SUCCESS n=3
2026-09-17T03:11:41Z OTEL_EXPORT SUCCESS n=5
2026-09-17T03:11:42Z ACTIVATED worker=reviewer role=reviewer otlp=https://proj-xtrace-98a0a58e103d37e424adc3fdffb5f51-cn-hangzhou.cn-hangzhou.log. grace=90.0s v3
2026-09-17T03:11:44Z OTEL_EXPORT SUCCESS n=2
2026-09-17T03:11:49Z ACTIVATED worker=reviewer role=reviewer otlp=https://proj-xtrace-98a0a58e103d37e424adc3fdffb5f51-cn-hangzhou.cn-hangzhou.log. grace=90.0s v3
2026-09-17T03:11:50Z OTEL_EXPORT SUCCESS n=2
2026-09-17T03:11:51Z ACTIVATED worker=reviewer role=reviewer otlp=https://proj-xtrace-98a0a58e103d37e424adc3fdffb5f51-cn-hangzhou.cn-hangzhou.log. grace=90.0s v3
2026-09-17T03:11:53Z OTEL_EXPORT SUCCESS n=1
2026-09-17T03:11:56Z OTEL_EXPORT SUCCESS n=2
2026-09-17T03:11:57Z ACTIVATED worker=reviewer role=reviewer otlp=https://proj-xtrace-98a0a58e103d37e424adc3fdffb5f51-cn-hangzhou.cn-hangzhou.log. grace=90.0s v3
2026-09-17T03:11:59Z OTEL_EXPORT SUCCESS n=1
2026-09-17T03:12:10Z ACTIVATED worker=reviewer role=reviewer otlp=https://proj-xtrace-98a0a58e103d37e424adc3fdffb5f51-cn-hangzhou.cn-hangzhou.log. grace=90.0s v3
2026-09-17T03:12:11Z OTEL_EXPORT SUCCESS n=2
2026-09-17T03:12:12Z ACTIVATED worker=reviewer role=reviewer otlp=https://proj-xtrace-98a0a58e103d37e424adc3fdffb5f51-cn-hangzhou.cn-hangzhou.log. grace=90.0s v3
2026-09-17T03:12:14Z OTEL_EXPORT SUCCESS n=2
2026-09-17T03:12:16Z ACTIVATED worker=reviewer role=reviewer otlp=https://proj-xtrace-98a0a58e103d37e424adc3fdffb5f51-cn-hangzhou.cn-hangzhou.log. grace=90.0s v3
2026-09-17T03:12:17Z OTEL_EXPORT SUCCESS n=4
2026-09-17T03:12:20Z OTEL_EXPORT SUCCESS n=3
2026-09-17T03:12:22Z ACTIVATED worker=reviewer role=reviewer otlp=https://proj-xtrace-98a0a58e103d37e424adc3fdffb5f51-cn-hangzhou.cn-hangzhou.log. grace=90.0s v3
2026-09-17T03:12:23Z OTEL_EXPORT SUCCESS n=6
2026-09-17T03:12:26Z OTEL_EXPORT SUCCESS n=8
2026-09-17T03:12:32Z OTEL_EXPORT SUCCESS n=3
2026-09-17T03:12:35Z OTEL_EXPORT SUCCESS n=3
2026-09-17T03:12:38Z OTEL_EXPORT SUCCESS n=3
2026-09-17T03:12:41Z OTEL_EXPORT SUCCESS n=4
2026-09-17T03:12:44Z OTEL_EXPORT SUCCESS n=2
2026-09-17T03:12:47Z OTEL_EXPORT SUCCESS n=1
2026-09-17T03:12:50Z OTEL_EXPORT SUCCESS n=1
2026-09-17T03:13:26Z OTEL_EXPORT SUCCESS n=1
2026-09-17T03:13:35Z OTEL_EXPORT SUCCESS n=2
2026-09-17T03:13:38Z OTEL_EXPORT SUCCESS n=2
2026-09-17T03:13:41Z OTEL_EXPORT SUCCESS n=1
2026-09-17T03:13:44Z OTEL_EXPORT SUCCESS n=1
2026-09-17T03:13:47Z OTEL_EXPORT SUCCESS n=1
2026-09-17T03:13:53Z OTEL_EXPORT SUCCESS n=2
2026-09-17T03:13:56Z OTEL_EXPORT SUCCESS n=1
2026-09-17T03:14:08Z OTEL_EXPORT SUCCESS n=1
2026-09-17T03:14:11Z OTEL_EXPORT SUCCESS n=2
2026-09-17T03:14:14Z OTEL_EXPORT SUCCESS n=1
2026-09-17T03:14:17Z OTEL_EXPORT SUCCESS n=2
2026-09-17T03:14:20Z OTEL_EXPORT SUCCESS n=3
2026-09-17T03:14:23Z OTEL_EXPORT SUCCESS n=1
2026-09-17T03:14:35Z OTEL_EXPORT SUCCESS n=1
2026-09-17T03:14:41Z OTEL_EXPORT SUCCESS n=1
2026-09-17T03:14:44Z OTEL_EXPORT SUCCESS n=1
2026-09-17T03:14:50Z OTEL_EXPORT SUCCESS n=1
2026-09-17T03:14:53Z OTEL_EXPORT SUCCESS n=1
2026-09-17T03:15:05Z OTEL_EXPORT SUCCESS n=1
2026-09-17T03:15:08Z OTEL_EXPORT SUCCESS n=2
2026-09-17T03:15:11Z OTEL_EXPORT SUCCESS n=1
2026-09-17T03:15:18Z OTEL_EXPORT SUCCESS n=1
2026-09-17T03:19:09Z OTEL_EXPORT SUCCESS n=2
2026-09-17T03:19:12Z OTEL_EXPORT SUCCESS n=10
2026-09-17T03:19:15Z OTEL_EXPORT SUCCESS n=2
2026-09-17T03:19:18Z OTEL_EXPORT SUCCESS n=6
2026-09-17T03:19:19Z ACTIVATED worker=reviewer role=reviewer otlp=https://proj-xtrace-98a0a58e103d37e424adc3fdffb5f51-cn-hangzhou.cn-hangzhou.log. grace=90.0s v3
2026-09-17T03:19:19Z ACTIVATED worker=reviewer role=reviewer otlp=https://proj-xtrace-98a0a58e103d37e424adc3fdffb5f51-cn-hangzhou.cn-hangzhou.log. grace=90.0s v3
2026-09-17T03:19:21Z OTEL_EXPORT SUCCESS n=2
2026-09-17T03:19:24Z OTEL_EXPORT SUCCESS n=3
2026-09-17T03:19:26Z ACTIVATED worker=reviewer role=reviewer otlp=https://proj-xtrace-98a0a58e103d37e424adc3fdffb5f51-cn-hangzhou.cn-hangzhou.log. grace=90.0s v3
2026-09-17T03:19:27Z OTEL_EXPORT SUCCESS n=6
2026-09-17T03:19:30Z OTEL_EXPORT SUCCESS n=8
2026-09-17T03:19:36Z OTEL_EXPORT SUCCESS n=3
2026-09-17T03:19:39Z OTEL_EXPORT SUCCESS n=3
2026-09-17T03:19:42Z OTEL_EXPORT SUCCESS n=3
2026-09-17T03:19:45Z OTEL_EXPORT SUCCESS n=5
2026-09-17T03:19:48Z OTEL_EXPORT SUCCESS n=2
2026-09-17T03:19:51Z OTEL_EXPORT SUCCESS n=1
2026-09-17T03:21:06Z OTEL_EXPORT SUCCESS n=1
