2026-09-17T02:59:27Z ACTIVATED worker=fixer role=fixer otlp=https://proj-xtrace-98a0a58e103d37e424adc3fdffb5f51-cn-hangzhou.cn-hangzhou.log. grace=90.0s v3
2026-09-17T03:00:59Z PATCH agentscope.tool._toolkit applied
2026-09-17T03:00:59Z PATCH matrix_channel applied
2026-09-17T03:00:59Z PATCH copaw_worker.hooks.tools.message applied
2026-09-17T03:00:59Z PATCH copaw_worker.hooks.tools.taskflow applied
2026-09-17T03:00:59Z PATCH copaw.providers.retry_chat_model applied
2026-09-17T03:00:59Z PATCH agentscope.model target-missing (will retry)
2026-09-17T03:00:59Z PATCH copaw.agents.react_agent applied
2026-09-17T03:02:54Z OTEL_EXPORT SUCCESS n=2
2026-09-17T03:02:57Z OTEL_EXPORT SUCCESS n=1
2026-09-17T03:03:00Z OTEL_EXPORT SUCCESS n=2
2026-09-17T03:03:06Z OTEL_EXPORT SUCCESS n=2
2026-09-17T03:03:09Z OTEL_EXPORT SUCCESS n=1
2026-09-17T03:11:42Z OTEL_EXPORT SUCCESS n=1
2026-09-17T03:12:12Z OTEL_EXPORT SUCCESS n=1
2026-09-17T03:12:18Z OTEL_EXPORT SUCCESS n=1
2026-09-17T03:12:21Z OTEL_EXPORT SUCCESS n=1
2026-09-17T03:12:24Z OTEL_EXPORT SUCCESS n=1
2026-09-17T03:12:27Z OTEL_EXPORT SUCCESS n=1
2026-09-17T03:12:42Z OTEL_EXPORT SUCCESS n=2
2026-09-17T03:12:45Z OTEL_EXPORT SUCCESS n=2
2026-09-17T03:12:48Z OTEL_EXPORT SUCCESS n=1
2026-09-17T03:13:27Z OTEL_EXPORT SUCCESS n=1
2026-09-17T03:13:36Z OTEL_EXPORT SUCCESS n=2
2026-09-17T03:13:37Z GENAI_HANDLER loongsuite extended handler active
2026-09-17T03:13:39Z OTEL_EXPORT SUCCESS n=8
2026-09-17T03:13:42Z OTEL_EXPORT SUCCESS n=4
2026-09-17T03:13:45Z OTEL_EXPORT SUCCESS n=7
2026-09-17T03:13:48Z OTEL_EXPORT SUCCESS n=1
2026-09-17T03:13:50Z ACTIVATED worker=fixer role=fixer otlp=https://proj-xtrace-98a0a58e103d37e424adc3fdffb5f51-cn-hangzhou.cn-hangzhou.log. grace=90.0s v3
2026-09-17T03:13:51Z OTEL_EXPORT SUCCESS n=7
2026-09-17T03:13:54Z OTEL_EXPORT SUCCESS n=7
2026-09-17T03:13:57Z OTEL_EXPORT SUCCESS n=4
2026-09-17T03:14:00Z OTEL_EXPORT SUCCESS n=3
2026-09-17T03:14:03Z OTEL_EXPORT SUCCESS n=3
2026-09-17T03:14:09Z OTEL_EXPORT SUCCESS n=5
2026-09-17T03:14:12Z OTEL_EXPORT SUCCESS n=1
2026-09-17T03:14:15Z OTEL_EXPORT SUCCESS n=1
2026-09-17T03:14:18Z OTEL_EXPORT SUCCESS n=3
2026-09-17T03:14:21Z OTEL_EXPORT SUCCESS n=2
2026-09-17T03:14:24Z OTEL_EXPORT SUCCESS n=1
2026-09-17T03:14:33Z OTEL_EXPORT SUCCESS n=1
2026-09-17T03:14:43Z OTEL_EXPORT SUCCESS n=1
2026-09-17T03:14:46Z OTEL_EXPORT SUCCESS n=1
2026-09-17T03:14:52Z OTEL_EXPORT SUCCESS n=2
2026-09-17T03:15:07Z OTEL_EXPORT SUCCESS n=2
2026-09-17T03:15:10Z OTEL_EXPORT SUCCESS n=1
2026-09-17T03:15:13Z OTEL_EXPORT SUCCESS n=1
2026-09-17T03:15:19Z OTEL_EXPORT SUCCESS n=1
2026-09-17T03:19:10Z OTEL_EXPORT SUCCESS n=3
2026-09-17T03:19:13Z OTEL_EXPORT SUCCESS n=2
2026-09-17T03:19:19Z OTEL_EXPORT SUCCESS n=2
2026-09-17T03:19:25Z OTEL_EXPORT SUCCESS n=1
2026-09-17T03:19:28Z OTEL_EXPORT SUCCESS n=1
2026-09-17T03:19:31Z OTEL_EXPORT SUCCESS n=1
2026-09-17T03:19:46Z OTEL_EXPORT SUCCESS n=2
2026-09-17T03:19:49Z OTEL_EXPORT SUCCESS n=2
2026-09-17T03:19:52Z OTEL_EXPORT SUCCESS n=1
2026-09-17T03:21:04Z OTEL_EXPORT SUCCESS n=1
