2026-09-18T15:53:16Z ACTIVATED worker=verifier role=verifier otlp=https://proj-xtrace-98a0a58e103d37e424adc3fdffb5f51-cn-hangzhou.cn-hangzhou.log. grace=90.0s v3
2026-09-18T15:54:46Z PATCH agentscope.tool._toolkit applied
2026-09-18T15:54:46Z PATCH matrix_channel applied
2026-09-18T15:54:46Z PATCH copaw_worker.hooks.tools.message applied
2026-09-18T15:54:46Z PATCH copaw_worker.hooks.tools.taskflow applied
2026-09-18T15:54:46Z PATCH copaw.providers.retry_chat_model applied
2026-09-18T15:54:46Z PATCH agentscope.model target-missing (will retry)
2026-09-18T15:54:46Z PATCH copaw.agents.react_agent applied
2026-09-18T15:55:42Z LINK_SPAN_TRACE trace=b9a0a04f2732eeac147269a29fe7fefc parent_trace=b9a0a04f2732eeac147269a29fe7fefc
2026-09-18T15:55:43Z OTEL_EXPORT SUCCESS n=2
2026-09-18T15:55:47Z OTEL_EXPORT SUCCESS n=1
2026-09-18T15:55:50Z OTEL_EXPORT SUCCESS n=2
2026-09-18T15:55:56Z OTEL_EXPORT SUCCESS n=1
2026-09-18T15:55:59Z OTEL_EXPORT SUCCESS n=1
2026-09-18T15:56:05Z OTEL_EXPORT SUCCESS n=1
2026-09-18T15:56:08Z OTEL_EXPORT SUCCESS n=1
2026-09-18T15:57:32Z OTEL_EXPORT SUCCESS n=1
2026-09-18T15:57:38Z OTEL_EXPORT SUCCESS n=1
2026-09-18T15:57:41Z OTEL_EXPORT SUCCESS n=1
2026-09-18T15:57:44Z OTEL_EXPORT SUCCESS n=1
2026-09-18T15:57:59Z OTEL_EXPORT SUCCESS n=1
2026-09-18T15:58:02Z OTEL_EXPORT SUCCESS n=2
2026-09-18T15:58:05Z OTEL_EXPORT SUCCESS n=1
2026-09-18T15:58:08Z OTEL_EXPORT SUCCESS n=1
2026-09-18T15:59:38Z OTEL_EXPORT SUCCESS n=1
2026-09-18T15:59:46Z LINK_SPAN_TRACE trace=5ef97bfef8063c3d45433e1497dc77d2 parent_trace=5ef97bfef8063c3d45433e1497dc77d2
2026-09-18T15:59:47Z OTEL_EXPORT SUCCESS n=2
2026-09-18T15:59:50Z OTEL_EXPORT SUCCESS n=2
2026-09-18T15:59:56Z OTEL_EXPORT SUCCESS n=1
2026-09-18T16:00:02Z OTEL_EXPORT SUCCESS n=1
2026-09-18T16:00:05Z OTEL_EXPORT SUCCESS n=1
2026-09-18T16:00:08Z OTEL_EXPORT SUCCESS n=1
2026-09-18T16:00:11Z OTEL_EXPORT SUCCESS n=1
2026-09-18T16:00:23Z OTEL_EXPORT SUCCESS n=1
2026-09-18T16:00:26Z OTEL_EXPORT SUCCESS n=1
2026-09-18T16:00:29Z OTEL_EXPORT SUCCESS n=1
2026-09-18T16:00:32Z OTEL_EXPORT SUCCESS n=1
2026-09-18T16:00:32Z LINK_SPAN_TRACE trace=46d014a131095cf92e03b41d9f76ef7c parent_trace=46d014a131095cf92e03b41d9f76ef7c
2026-09-18T16:00:35Z OTEL_EXPORT SUCCESS n=3
2026-09-18T16:00:36Z GENAI_HANDLER loongsuite extended handler active
2026-09-18T16:00:38Z OTEL_EXPORT SUCCESS n=5
2026-09-18T16:00:41Z OTEL_EXPORT SUCCESS n=8
2026-09-18T16:00:44Z OTEL_EXPORT SUCCESS n=2
2026-09-18T16:00:49Z ACTIVATED worker=verifier role=verifier otlp=https://proj-xtrace-98a0a58e103d37e424adc3fdffb5f51-cn-hangzhou.cn-hangzhou.log. grace=90.0s v3
2026-09-18T16:00:51Z OTEL_EXPORT SUCCESS n=2
2026-09-18T16:01:00Z OTEL_EXPORT SUCCESS n=3
2026-09-18T16:01:02Z ACTIVATED worker=verifier role=verifier otlp=https://proj-xtrace-98a0a58e103d37e424adc3fdffb5f51-cn-hangzhou.cn-hangzhou.log. grace=90.0s v3
2026-09-18T16:01:03Z OTEL_EXPORT SUCCESS n=5
2026-09-18T16:01:04Z ACTIVATED worker=verifier role=verifier otlp=https://proj-xtrace-98a0a58e103d37e424adc3fdffb5f51-cn-hangzhou.cn-hangzhou.log. grace=90.0s v3
2026-09-18T16:01:06Z OTEL_EXPORT SUCCESS n=3
2026-09-18T16:01:09Z ACTIVATED worker=verifier role=verifier otlp=https://proj-xtrace-98a0a58e103d37e424adc3fdffb5f51-cn-hangzhou.cn-hangzhou.log. grace=90.0s v3
2026-09-18T16:01:09Z OTEL_EXPORT SUCCESS n=7
2026-09-18T16:01:11Z ACTIVATED worker=verifier role=verifier otlp=https://proj-xtrace-98a0a58e103d37e424adc3fdffb5f51-cn-hangzhou.cn-hangzhou.log. grace=90.0s v3
2026-09-18T16:01:12Z OTEL_EXPORT SUCCESS n=4
2026-09-18T16:01:17Z ACTIVATED worker=verifier role=verifier otlp=https://proj-xtrace-98a0a58e103d37e424adc3fdffb5f51-cn-hangzhou.cn-hangzhou.log. grace=90.0s v3
2026-09-18T16:01:21Z OTEL_EXPORT SUCCESS n=3
2026-09-18T16:01:24Z OTEL_EXPORT SUCCESS n=7
2026-09-18T16:01:27Z OTEL_EXPORT SUCCESS n=1
2026-09-18T16:01:30Z OTEL_EXPORT SUCCESS n=4
2026-09-18T16:01:33Z OTEL_EXPORT SUCCESS n=9
2026-09-18T16:01:36Z OTEL_EXPORT SUCCESS n=1
2026-09-18T16:01:42Z OTEL_EXPORT SUCCESS n=6
2026-09-18T16:01:45Z OTEL_EXPORT SUCCESS n=3
2026-09-18T16:01:51Z OTEL_EXPORT SUCCESS n=6
2026-09-18T16:01:54Z OTEL_EXPORT SUCCESS n=1
2026-09-18T16:02:03Z OTEL_EXPORT SUCCESS n=1
2026-09-18T16:05:25Z LINK_SPAN_TRACE trace=2bcbc06e31a3712547fa6c858e4348f9 parent_trace=2bcbc06e31a3712547fa6c858e4348f9
2026-09-18T16:05:27Z OTEL_EXPORT SUCCESS n=3
2026-09-18T16:05:30Z OTEL_EXPORT SUCCESS n=2
2026-09-18T16:05:36Z OTEL_EXPORT SUCCESS n=1
2026-09-18T16:05:39Z OTEL_EXPORT SUCCESS n=1
2026-09-18T16:05:45Z OTEL_EXPORT SUCCESS n=1
2026-09-18T16:05:51Z OTEL_EXPORT SUCCESS n=1
2026-09-18T16:05:55Z OTEL_EXPORT SUCCESS n=1
2026-09-18T16:05:58Z OTEL_EXPORT SUCCESS n=1
2026-09-18T16:06:13Z OTEL_EXPORT SUCCESS n=1
2026-09-18T16:06:16Z OTEL_EXPORT SUCCESS n=2
2026-09-18T16:06:19Z OTEL_EXPORT SUCCESS n=1
2026-09-18T16:06:22Z OTEL_EXPORT SUCCESS n=1
2026-09-18T16:07:07Z OTEL_EXPORT SUCCESS n=1
