2026-09-18T15:53:16Z ACTIVATED worker=leader role=leader otlp=https://proj-xtrace-98a0a58e103d37e424adc3fdffb5f51-cn-hangzhou.cn-hangzhou.log. grace=90.0s v3
2026-09-18T15:54:46Z PATCH agentscope.tool._toolkit applied
2026-09-18T15:54:46Z PATCH matrix_channel applied
2026-09-18T15:54:46Z PATCH copaw_worker.hooks.tools.message applied
2026-09-18T15:54:46Z PATCH copaw_worker.hooks.tools.taskflow applied
2026-09-18T15:54:46Z PATCH copaw.providers.retry_chat_model applied
2026-09-18T15:54:46Z PATCH agentscope.model target-missing (will retry)
2026-09-18T15:54:46Z PATCH copaw.agents.react_agent applied
2026-09-18T15:55:37Z OTEL_EXPORT SUCCESS n=4
2026-09-18T15:55:37Z GENAI_HANDLER loongsuite extended handler active
2026-09-18T15:55:40Z OTEL_EXPORT SUCCESS n=9
2026-09-18T15:55:43Z OTEL_EXPORT SUCCESS n=4
2026-09-18T15:55:46Z OTEL_EXPORT SUCCESS n=5
2026-09-18T15:55:49Z OTEL_EXPORT SUCCESS n=2
2026-09-18T15:55:55Z OTEL_EXPORT SUCCESS n=1
2026-09-18T15:55:58Z OTEL_EXPORT SUCCESS n=1
2026-09-18T15:56:07Z OTEL_EXPORT SUCCESS n=2
2026-09-18T15:57:31Z OTEL_EXPORT SUCCESS n=1
2026-09-18T15:57:37Z OTEL_EXPORT SUCCESS n=1
2026-09-18T15:57:40Z OTEL_EXPORT SUCCESS n=1
2026-09-18T15:57:43Z OTEL_EXPORT SUCCESS n=1
2026-09-18T15:57:58Z OTEL_EXPORT SUCCESS n=1
2026-09-18T15:58:01Z OTEL_EXPORT SUCCESS n=6
2026-09-18T15:58:04Z OTEL_EXPORT SUCCESS n=10
2026-09-18T15:58:07Z OTEL_EXPORT SUCCESS n=4
2026-09-18T15:58:10Z OTEL_EXPORT SUCCESS n=7
2026-09-18T15:59:37Z OTEL_EXPORT SUCCESS n=4
2026-09-18T15:59:41Z OTEL_EXPORT SUCCESS n=6
2026-09-18T15:59:44Z OTEL_EXPORT SUCCESS n=9
2026-09-18T15:59:47Z OTEL_EXPORT SUCCESS n=4
2026-09-18T15:59:50Z OTEL_EXPORT SUCCESS n=5
2026-09-18T15:59:53Z OTEL_EXPORT SUCCESS n=1
2026-09-18T15:59:59Z OTEL_EXPORT SUCCESS n=1
2026-09-18T16:00:02Z OTEL_EXPORT SUCCESS n=1
2026-09-18T16:00:05Z OTEL_EXPORT SUCCESS n=1
2026-09-18T16:00:08Z OTEL_EXPORT SUCCESS n=1
2026-09-18T16:00:11Z OTEL_EXPORT SUCCESS n=1
2026-09-18T16:00:23Z OTEL_EXPORT SUCCESS n=1
2026-09-18T16:00:26Z OTEL_EXPORT SUCCESS n=6
2026-09-18T16:00:29Z OTEL_EXPORT SUCCESS n=9
2026-09-18T16:00:32Z OTEL_EXPORT SUCCESS n=1
2026-09-18T16:00:35Z OTEL_EXPORT SUCCESS n=8
2026-09-18T16:00:38Z OTEL_EXPORT SUCCESS n=1
2026-09-18T16:00:41Z OTEL_EXPORT SUCCESS n=8
2026-09-18T16:00:44Z OTEL_EXPORT SUCCESS n=1
2026-09-18T16:00:59Z OTEL_EXPORT SUCCESS n=1
2026-09-18T16:01:08Z OTEL_EXPORT SUCCESS n=1
2026-09-18T16:01:11Z OTEL_EXPORT SUCCESS n=1
2026-09-18T16:01:20Z OTEL_EXPORT SUCCESS n=1
2026-09-18T16:01:23Z OTEL_EXPORT SUCCESS n=1
2026-09-18T16:01:26Z OTEL_EXPORT SUCCESS n=1
2026-09-18T16:01:29Z OTEL_EXPORT SUCCESS n=1
2026-09-18T16:01:32Z OTEL_EXPORT SUCCESS n=1
2026-09-18T16:01:35Z OTEL_EXPORT SUCCESS n=1
2026-09-18T16:01:50Z OTEL_EXPORT SUCCESS n=7
2026-09-18T16:01:53Z OTEL_EXPORT SUCCESS n=12
2026-09-18T16:01:56Z OTEL_EXPORT SUCCESS n=4
2026-09-18T16:02:00Z OTEL_EXPORT SUCCESS n=8
2026-09-18T16:02:03Z OTEL_EXPORT SUCCESS n=1
2026-09-18T16:02:06Z OTEL_EXPORT SUCCESS n=7
2026-09-18T16:05:18Z OTEL_EXPORT SUCCESS n=4
2026-09-18T16:05:21Z OTEL_EXPORT SUCCESS n=3
2026-09-18T16:05:24Z OTEL_EXPORT SUCCESS n=6
2026-09-18T16:05:27Z OTEL_EXPORT SUCCESS n=8
2026-09-18T16:05:30Z OTEL_EXPORT SUCCESS n=2
2026-09-18T16:05:33Z OTEL_EXPORT SUCCESS n=1
2026-09-18T16:05:36Z OTEL_EXPORT SUCCESS n=1
2026-09-18T16:05:39Z OTEL_EXPORT SUCCESS n=1
2026-09-18T16:05:45Z OTEL_EXPORT SUCCESS n=1
2026-09-18T16:05:51Z OTEL_EXPORT SUCCESS n=1
2026-09-18T16:05:54Z OTEL_EXPORT SUCCESS n=1
2026-09-18T16:05:57Z OTEL_EXPORT SUCCESS n=1
2026-09-18T16:06:12Z OTEL_EXPORT SUCCESS n=1
2026-09-18T16:06:15Z OTEL_EXPORT SUCCESS n=12
2026-09-18T16:06:18Z OTEL_EXPORT SUCCESS n=7
2026-09-18T16:06:21Z OTEL_EXPORT SUCCESS n=4
2026-09-18T16:06:24Z OTEL_EXPORT SUCCESS n=4
2026-09-18T16:07:06Z OTEL_EXPORT SUCCESS n=1
2026-09-18T16:07:09Z OTEL_EXPORT SUCCESS n=8
2026-09-18T16:07:13Z OTEL_EXPORT SUCCESS n=3
2026-09-18T16:07:16Z OTEL_EXPORT SUCCESS n=9
2026-09-18T16:07:19Z OTEL_EXPORT SUCCESS n=4
