2026-09-19T07:32:54Z OTEL_EXPORT SUCCESS n=6
2026-09-19T07:32:57Z OTEL_EXPORT SUCCESS n=3
2026-09-19T07:33:00Z OTEL_EXPORT SUCCESS n=7
2026-09-19T07:33:03Z OTEL_EXPORT SUCCESS n=4
2026-09-19T07:33:06Z OTEL_EXPORT SUCCESS n=3
2026-09-19T07:33:09Z OTEL_EXPORT SUCCESS n=3
2026-09-19T07:33:12Z OTEL_EXPORT SUCCESS n=3
2026-09-19T07:33:15Z OTEL_EXPORT SUCCESS n=4
2026-09-19T07:33:18Z OTEL_EXPORT SUCCESS n=1
2026-09-19T08:05:40Z OTEL_EXPORT SUCCESS n=6
2026-09-19T08:05:43Z OTEL_EXPORT SUCCESS n=2
2026-09-19T08:05:46Z OTEL_EXPORT SUCCESS n=2
2026-09-19T08:05:49Z OTEL_EXPORT SUCCESS n=8
2026-09-19T08:05:52Z OTEL_EXPORT SUCCESS n=3
2026-09-19T08:05:55Z OTEL_EXPORT SUCCESS n=3
2026-09-19T08:05:58Z OTEL_EXPORT SUCCESS n=4
2026-09-19T08:06:00Z ACTIVATED worker=reviewer role=reviewer otlp=https://proj-xtrace-98a0a58e103d37e424adc3fdffb5f51-cn-hangzhou.cn-hangzhou.log. grace=90.0s v3
2026-09-19T08:06:00Z ACTIVATED worker=reviewer role=reviewer otlp=https://proj-xtrace-98a0a58e103d37e424adc3fdffb5f51-cn-hangzhou.cn-hangzhou.log. grace=90.0s v3
2026-09-19T08:06:01Z OTEL_EXPORT SUCCESS n=1
2026-09-19T08:06:04Z OTEL_EXPORT SUCCESS n=3
2026-09-19T08:06:07Z OTEL_EXPORT SUCCESS n=9
2026-09-19T08:06:13Z OTEL_EXPORT SUCCESS n=3
2026-09-19T08:06:16Z OTEL_EXPORT SUCCESS n=3
2026-09-19T08:06:19Z OTEL_EXPORT SUCCESS n=3
2026-09-19T08:06:22Z OTEL_EXPORT SUCCESS n=4
2026-09-19T08:06:25Z OTEL_EXPORT SUCCESS n=1
2026-09-19T08:06:28Z OTEL_EXPORT SUCCESS n=1
2026-09-19T08:09:44Z OTEL_EXPORT SUCCESS n=1
2026-09-19T08:09:59Z OTEL_EXPORT SUCCESS n=3
2026-09-19T08:10:02Z OTEL_EXPORT SUCCESS n=1
2026-09-19T08:10:05Z OTEL_EXPORT SUCCESS n=1
2026-09-19T08:10:11Z OTEL_EXPORT SUCCESS n=1
2026-09-19T08:10:14Z OTEL_EXPORT SUCCESS n=1
2026-09-19T08:10:17Z OTEL_EXPORT SUCCESS n=1
2026-09-19T08:10:32Z OTEL_EXPORT SUCCESS n=2
2026-09-19T08:10:35Z OTEL_EXPORT SUCCESS n=1
2026-09-19T08:10:38Z OTEL_EXPORT SUCCESS n=1
2026-09-19T08:10:41Z OTEL_EXPORT SUCCESS n=4
2026-09-19T08:10:44Z OTEL_EXPORT SUCCESS n=1
2026-09-19T08:10:50Z OTEL_EXPORT SUCCESS n=1
2026-09-19T08:10:56Z OTEL_EXPORT SUCCESS n=1
2026-09-19T08:11:02Z OTEL_EXPORT SUCCESS n=1
2026-09-19T08:11:08Z OTEL_EXPORT SUCCESS n=1
2026-09-19T08:11:14Z OTEL_EXPORT SUCCESS n=2
2026-09-19T08:11:23Z OTEL_EXPORT SUCCESS n=1
2026-09-19T08:11:32Z OTEL_EXPORT SUCCESS n=1
2026-09-19T08:11:53Z OTEL_EXPORT SUCCESS n=1
2026-09-19T08:11:56Z OTEL_EXPORT SUCCESS n=2
2026-09-19T08:11:59Z OTEL_EXPORT SUCCESS n=1
2026-09-19T08:16:14Z ACTIVATED worker=reviewer role=reviewer otlp=https://proj-xtrace-98a0a58e103d37e424adc3fdffb5f51-cn-hangzhou.cn-hangzhou.log. grace=90.0s v3
2026-09-19T08:17:44Z PATCH agentscope.tool._toolkit applied
2026-09-19T08:17:44Z PATCH matrix_channel applied
2026-09-19T08:17:44Z PATCH copaw_worker.hooks.tools.message applied
2026-09-19T08:17:44Z PATCH copaw_worker.hooks.tools.taskflow applied
2026-09-19T08:17:44Z PATCH copaw.providers.retry_chat_model applied
2026-09-19T08:17:44Z PATCH agentscope.model target-missing (will retry)
2026-09-19T08:17:44Z PATCH copaw.agents.react_agent applied
2026-09-19T08:18:02Z OTEL_EXPORT SUCCESS n=4
2026-09-19T08:18:05Z OTEL_EXPORT SUCCESS n=4
2026-09-19T08:18:08Z OTEL_EXPORT SUCCESS n=2
2026-09-19T08:18:11Z OTEL_EXPORT SUCCESS n=8
2026-09-19T08:18:14Z OTEL_EXPORT SUCCESS n=1
2026-09-19T08:18:17Z OTEL_EXPORT SUCCESS n=5
2026-09-19T08:18:20Z OTEL_EXPORT SUCCESS n=4
2026-09-19T08:18:23Z OTEL_EXPORT SUCCESS n=4
2026-09-19T08:18:25Z ACTIVATED worker=reviewer role=reviewer otlp=https://proj-xtrace-98a0a58e103d37e424adc3fdffb5f51-cn-hangzhou.cn-hangzhou.log. grace=90.0s v3
2026-09-19T08:18:25Z ACTIVATED worker=reviewer role=reviewer otlp=https://proj-xtrace-98a0a58e103d37e424adc3fdffb5f51-cn-hangzhou.cn-hangzhou.log. grace=90.0s v3
2026-09-19T08:18:26Z OTEL_EXPORT SUCCESS n=1
2026-09-19T08:18:29Z OTEL_EXPORT SUCCESS n=3
2026-09-19T08:18:32Z OTEL_EXPORT SUCCESS n=9
2026-09-19T08:18:41Z OTEL_EXPORT SUCCESS n=7
2026-09-19T08:18:44Z OTEL_EXPORT SUCCESS n=3
2026-09-19T08:18:56Z OTEL_EXPORT SUCCESS n=2
2026-09-19T08:18:59Z OTEL_EXPORT SUCCESS n=6
2026-09-19T08:19:02Z OTEL_EXPORT SUCCESS n=4
2026-09-19T08:19:05Z OTEL_EXPORT SUCCESS n=4
2026-09-19T08:19:08Z OTEL_EXPORT SUCCESS n=2
2026-09-19T08:19:11Z OTEL_EXPORT SUCCESS n=1
2026-09-19T08:30:04Z ACTIVATED worker=reviewer role=reviewer otlp=https://proj-xtrace-98a0a58e103d37e424adc3fdffb5f51-cn-hangzhou.cn-hangzhou.log. grace=90.0s v3
2026-09-19T08:31:34Z PATCH agentscope.tool._toolkit applied
2026-09-19T08:31:34Z PATCH matrix_channel applied
2026-09-19T08:31:34Z PATCH copaw_worker.hooks.tools.message applied
2026-09-19T08:31:34Z PATCH copaw_worker.hooks.tools.taskflow applied
2026-09-19T08:31:34Z PATCH copaw.providers.retry_chat_model applied
2026-09-19T08:31:34Z PATCH agentscope.model target-missing (will retry)
2026-09-19T08:31:34Z PATCH copaw.agents.react_agent applied
2026-09-19T08:33:52Z OTEL_EXPORT SUCCESS n=2
2026-09-19T08:33:55Z OTEL_EXPORT SUCCESS n=5
2026-09-19T08:33:58Z OTEL_EXPORT SUCCESS n=3
2026-09-19T08:34:01Z OTEL_EXPORT SUCCESS n=5
2026-09-19T08:34:04Z OTEL_EXPORT SUCCESS n=5
2026-09-19T08:34:16Z OTEL_EXPORT SUCCESS n=6
2026-09-19T08:34:19Z ACTIVATED worker=reviewer role=reviewer otlp=https://proj-xtrace-98a0a58e103d37e424adc3fdffb5f51-cn-hangzhou.cn-hangzhou.log. grace=90.0s v3
2026-09-19T08:34:19Z ACTIVATED worker=reviewer role=reviewer otlp=https://proj-xtrace-98a0a58e103d37e424adc3fdffb5f51-cn-hangzhou.cn-hangzhou.log. grace=90.0s v3
2026-09-19T08:34:19Z OTEL_EXPORT SUCCESS n=4
2026-09-19T08:34:22Z OTEL_EXPORT SUCCESS n=2
2026-09-19T08:34:25Z OTEL_EXPORT SUCCESS n=10
2026-09-19T08:34:31Z OTEL_EXPORT SUCCESS n=6
2026-09-19T08:34:34Z OTEL_EXPORT SUCCESS n=3
2026-09-19T08:34:38Z OTEL_EXPORT SUCCESS n=4
2026-09-19T08:34:41Z OTEL_EXPORT SUCCESS n=1
2026-09-19T08:34:44Z OTEL_EXPORT SUCCESS n=1
2026-09-19T08:34:47Z OTEL_EXPORT SUCCESS n=1
2026-09-19T08:42:45Z ACTIVATED worker=reviewer role=reviewer otlp=https://proj-xtrace-98a0a58e103d37e424adc3fdffb5f51-cn-hangzhou.cn-hangzhou.log. grace=90.0s v3
2026-09-19T08:44:02Z ACTIVATED worker=reviewer role=reviewer otlp=https://proj-xtrace-98a0a58e103d37e424adc3fdffb5f51-cn-hangzhou.cn-hangzhou.log. grace=90.0s v3
2026-09-19T08:45:32Z PATCH agentscope.tool._toolkit applied
2026-09-19T08:45:32Z PATCH matrix_channel applied
2026-09-19T08:45:32Z PATCH copaw_worker.hooks.tools.message applied
2026-09-19T08:45:32Z PATCH copaw_worker.hooks.tools.taskflow applied
2026-09-19T08:45:32Z PATCH copaw.providers.retry_chat_model applied
2026-09-19T08:45:32Z PATCH agentscope.model target-missing (will retry)
2026-09-19T08:45:32Z PATCH copaw.agents.react_agent applied
2026-09-19T08:45:56Z OTEL_EXPORT SUCCESS n=1
2026-09-19T08:46:11Z OTEL_EXPORT SUCCESS n=2
2026-09-19T08:46:14Z OTEL_EXPORT SUCCESS n=1
2026-09-19T08:46:18Z OTEL_EXPORT SUCCESS n=1
2026-09-19T08:46:24Z OTEL_EXPORT SUCCESS n=1
2026-09-19T08:46:27Z OTEL_EXPORT SUCCESS n=1
2026-09-19T08:46:30Z OTEL_EXPORT SUCCESS n=1
2026-09-19T08:46:36Z OTEL_EXPORT SUCCESS n=2
2026-09-19T08:46:51Z OTEL_EXPORT SUCCESS n=2
2026-09-19T08:46:54Z OTEL_EXPORT SUCCESS n=1
2026-09-19T08:46:57Z OTEL_EXPORT SUCCESS n=1
2026-09-19T08:47:00Z OTEL_EXPORT SUCCESS n=2
2026-09-19T08:47:03Z OTEL_EXPORT SUCCESS n=3
2026-09-19T08:47:06Z OTEL_EXPORT SUCCESS n=1
2026-09-19T08:47:09Z OTEL_EXPORT SUCCESS n=1
2026-09-19T08:47:15Z OTEL_EXPORT SUCCESS n=1
2026-09-19T08:47:21Z OTEL_EXPORT SUCCESS n=1
2026-09-19T08:47:24Z OTEL_EXPORT SUCCESS n=1
2026-09-19T08:47:33Z OTEL_EXPORT SUCCESS n=1
2026-09-19T08:47:51Z OTEL_EXPORT SUCCESS n=2
2026-09-19T08:47:54Z OTEL_EXPORT SUCCESS n=1
2026-09-19T08:47:57Z OTEL_EXPORT SUCCESS n=1
2026-09-19T08:51:06Z OTEL_EXPORT SUCCESS n=2
2026-09-19T08:51:09Z OTEL_EXPORT SUCCESS n=9
2026-09-19T08:51:12Z OTEL_EXPORT SUCCESS n=7
2026-09-19T08:51:15Z OTEL_EXPORT SUCCESS n=3
2026-09-19T08:51:18Z OTEL_EXPORT SUCCESS n=4
2026-09-19T08:51:20Z ACTIVATED worker=reviewer role=reviewer otlp=https://proj-xtrace-98a0a58e103d37e424adc3fdffb5f51-cn-hangzhou.cn-hangzhou.log. grace=90.0s v3
2026-09-19T08:51:20Z ACTIVATED worker=reviewer role=reviewer otlp=https://proj-xtrace-98a0a58e103d37e424adc3fdffb5f51-cn-hangzhou.cn-hangzhou.log. grace=90.0s v3
2026-09-19T08:51:21Z OTEL_EXPORT SUCCESS n=4
2026-09-19T08:51:24Z OTEL_EXPORT SUCCESS n=3
2026-09-19T08:51:27Z OTEL_EXPORT SUCCESS n=9
2026-09-19T08:51:30Z OTEL_EXPORT SUCCESS n=3
2026-09-19T08:51:33Z OTEL_EXPORT SUCCESS n=4
2026-09-19T08:51:39Z OTEL_EXPORT SUCCESS n=6
2026-09-19T08:51:43Z OTEL_EXPORT SUCCESS n=3
2026-09-19T08:51:46Z OTEL_EXPORT SUCCESS n=4
2026-09-19T08:51:49Z OTEL_EXPORT SUCCESS n=2
2026-09-19T08:51:52Z OTEL_EXPORT SUCCESS n=1
2026-09-19T08:51:55Z OTEL_EXPORT SUCCESS n=1
2026-09-19T08:52:01Z OTEL_EXPORT SUCCESS n=1
2026-09-19T09:11:43Z OTEL_EXPORT SUCCESS n=1
2026-09-19T09:11:55Z OTEL_EXPORT SUCCESS n=2
2026-09-19T09:11:58Z OTEL_EXPORT SUCCESS n=2
2026-09-19T09:12:01Z OTEL_EXPORT SUCCESS n=1
2026-09-19T09:12:07Z OTEL_EXPORT SUCCESS n=2
2026-09-19T09:12:14Z OTEL_EXPORT SUCCESS n=1
2026-09-19T09:12:17Z OTEL_EXPORT SUCCESS n=1
2026-09-19T09:12:32Z OTEL_EXPORT SUCCESS n=2
2026-09-19T09:12:35Z OTEL_EXPORT SUCCESS n=1
2026-09-19T09:12:38Z OTEL_EXPORT SUCCESS n=1
2026-09-19T09:12:41Z OTEL_EXPORT SUCCESS n=5
2026-09-19T09:12:44Z OTEL_EXPORT SUCCESS n=1
2026-09-19T09:12:50Z OTEL_EXPORT SUCCESS n=1
2026-09-19T09:12:56Z OTEL_EXPORT SUCCESS n=1
2026-09-19T09:12:59Z OTEL_EXPORT SUCCESS n=1
2026-09-19T09:13:05Z OTEL_EXPORT SUCCESS n=1
2026-09-19T09:13:11Z OTEL_EXPORT SUCCESS n=1
2026-09-19T09:13:29Z OTEL_EXPORT SUCCESS n=1
2026-09-19T09:13:32Z OTEL_EXPORT SUCCESS n=2
2026-09-19T09:13:35Z OTEL_EXPORT SUCCESS n=1
2026-09-19T09:18:29Z OTEL_EXPORT SUCCESS n=8
2026-09-19T09:18:32Z OTEL_EXPORT SUCCESS n=3
2026-09-19T09:18:35Z OTEL_EXPORT SUCCESS n=6
2026-09-19T09:18:38Z OTEL_EXPORT SUCCESS n=4
2026-09-19T09:18:40Z ACTIVATED worker=reviewer role=reviewer otlp=https://proj-xtrace-98a0a58e103d37e424adc3fdffb5f51-cn-hangzhou.cn-hangzhou.log. grace=90.0s v3
2026-09-19T09:18:41Z ACTIVATED worker=reviewer role=reviewer otlp=https://proj-xtrace-98a0a58e103d37e424adc3fdffb5f51-cn-hangzhou.cn-hangzhou.log. grace=90.0s v3
2026-09-19T09:18:41Z OTEL_EXPORT SUCCESS n=4
2026-09-19T09:18:44Z OTEL_EXPORT SUCCESS n=8
2026-09-19T09:18:47Z OTEL_EXPORT SUCCESS n=4
2026-09-19T09:18:53Z OTEL_EXPORT SUCCESS n=6
2026-09-19T09:18:56Z OTEL_EXPORT SUCCESS n=3
2026-09-19T09:18:59Z OTEL_EXPORT SUCCESS n=4
2026-09-19T09:19:02Z OTEL_EXPORT SUCCESS n=2
2026-09-19T09:19:05Z OTEL_EXPORT SUCCESS n=1
2026-09-19T09:27:18Z OTEL_EXPORT SUCCESS n=1
2026-09-19T09:30:42Z OTEL_EXPORT SUCCESS n=2
2026-09-19T09:30:45Z OTEL_EXPORT SUCCESS n=6
2026-09-19T09:30:48Z OTEL_EXPORT SUCCESS n=6
2026-09-19T09:30:52Z OTEL_EXPORT SUCCESS n=4
2026-09-19T09:30:55Z OTEL_EXPORT SUCCESS n=4
2026-09-19T09:30:55Z ACTIVATED worker=reviewer role=reviewer otlp=https://proj-xtrace-98a0a58e103d37e424adc3fdffb5f51-cn-hangzhou.cn-hangzhou.log. grace=90.0s v3
2026-09-19T09:30:58Z OTEL_EXPORT SUCCESS n=7
2026-09-19T09:31:04Z OTEL_EXPORT SUCCESS n=3
2026-09-19T09:31:07Z OTEL_EXPORT SUCCESS n=3
2026-09-19T09:31:10Z OTEL_EXPORT SUCCESS n=3
2026-09-19T09:31:13Z OTEL_EXPORT SUCCESS n=5
2026-09-19T09:31:16Z OTEL_EXPORT SUCCESS n=1
