[ctrl] PG connected
[ctrl] reviewer TASK_COMPLETED m3c-dedup-624029-review → fix PENDING_DISPATCH | PG committed
[ctrl] PG connected
[ctrl] PG connected
[ctrl] m3c-retry-624029-verify VERDICT=FAIL → task RUNNING(retry fix attempt=2,1/3) | PG committed
[ctrl] PG connected
[ctrl] m3c-retry-624029-verify VERDICT=FAIL → task RUNNING(retry fix attempt=3,2/3) | PG committed
[ctrl] PG connected
[ctrl] m3c-max-624029-verify VERDICT=FAIL → task HOLD(verify max=3) | PG committed
[ctrl] PG connected
[ctrl][M3C] m3c-forged-624029 POST_MERGE_VERIFY_FAILED result_sha mismatch → 拒(不回滚)
[ctrl] PG connected
[ctrl][M3C] m3c-legit-624029 POST_MERGE_VERIFY_FAILED (verifier,校验通过) → rollback PENDING (bad merge 070b30b126ed) child=m3c-legit-624029-revert-070b30b1
[ctrl] PG connected
[ctrl][L2] drain ticket=tkt-9e794353-fa6 action=merge → approval=USED
[ctrl] PG connected
[ctrl][M3C] m3c-rb-624029 POST_MERGE_VERIFY_FAILED (verifier,校验通过) → rollback PENDING (bad merge d4c7e0fbc4bc) child=m3c-rb-624029-revert-d4c7e0fb
[ctrl] PG connected
[ctrl][M3C] m3c-rb-624029-revert-d4c7e0fb-revert → stage COMPLETED
[ctrl] PG connected
[ctrl][M3C] m3c-rb-624029-reverify VERDICT=PASS → rollback RECOVERED
[ctrl] PG connected
[ctrl][L2] drain ticket=tkt-5616eb53-de3 action=merge → approval=USED
[ctrl] PG connected
[ctrl][M3C] m3c-rvfail-624029 POST_MERGE_VERIFY_FAILED (verifier,校验通过) → rollback PENDING (bad merge 489450a667bb) child=m3c-rvfail-624029-revert-489450a6
[ctrl] PG connected
[ctrl] PG connected
[ctrl][M3C] m3c-rvfail-624029-reverify VERDICT=FAIL → rollback HELD(reverify FAIL)
[ctrl] PG connected
[ctrl] PG connected
[ctrl][L2] drain ticket=tkt-5ecc98ff-955 action=merge → approval=USED
[ctrl] PG connected
[ctrl][M3C] m3c-unapv-624029 POST_MERGE_VERIFY_FAILED (verifier,校验通过) → rollback PENDING (bad merge d438a23703f2) child=m3c-unapv-624029-revert-d438a237
[ctrl] PG connected
[ctrl] PG connected
CLAIM=CLAIM_MISMATCH
